Archive member included to satisfy reference by file (symbol)

C:/ST/STM32CubeIDE_1.19.0/STM32CubeIDE/plugins/com.st.stm32cube.ide.mcu.externaltools.gnu-tools-for-stm32.13.3.rel1.win32_1.0.0.202411081344/tools/bin/../lib/gcc/arm-none-eabi/13.3.1/../../../../arm-none-eabi/lib/thumb/v7-m/nofp\libc_nano.a(libc_a-exit.o)
                              C:/ST/STM32CubeIDE_1.19.0/STM32CubeIDE/plugins/com.st.stm32cube.ide.mcu.externaltools.gnu-tools-for-stm32.13.3.rel1.win32_1.0.0.202411081344/tools/bin/../lib/gcc/arm-none-eabi/13.3.1/../../../../arm-none-eabi/lib/thumb/v7-m/nofp/crt0.o (exit)
C:/ST/STM32CubeIDE_1.19.0/STM32CubeIDE/plugins/com.st.stm32cube.ide.mcu.externaltools.gnu-tools-for-stm32.13.3.rel1.win32_1.0.0.202411081344/tools/bin/../lib/gcc/arm-none-eabi/13.3.1/../../../../arm-none-eabi/lib/thumb/v7-m/nofp\libc_nano.a(libc_a-findfp.o)
                              C:/ST/STM32CubeIDE_1.19.0/STM32CubeIDE/plugins/com.st.stm32cube.ide.mcu.externaltools.gnu-tools-for-stm32.13.3.rel1.win32_1.0.0.202411081344/tools/bin/../lib/gcc/arm-none-eabi/13.3.1/../../../../arm-none-eabi/lib/thumb/v7-m/nofp\libc_nano.a(libc_a-exit.o) (__stdio_exit_handler)
C:/ST/STM32CubeIDE_1.19.0/STM32CubeIDE/plugins/com.st.stm32cube.ide.mcu.externaltools.gnu-tools-for-stm32.13.3.rel1.win32_1.0.0.202411081344/tools/bin/../lib/gcc/arm-none-eabi/13.3.1/../../../../arm-none-eabi/lib/thumb/v7-m/nofp\libc_nano.a(libc_a-fwalk.o)
                              C:/ST/STM32CubeIDE_1.19.0/STM32CubeIDE/plugins/com.st.stm32cube.ide.mcu.externaltools.gnu-tools-for-stm32.13.3.rel1.win32_1.0.0.202411081344/tools/bin/../lib/gcc/arm-none-eabi/13.3.1/../../../../arm-none-eabi/lib/thumb/v7-m/nofp\libc_nano.a(libc_a-findfp.o) (_fwalk_sglue)
C:/ST/STM32CubeIDE_1.19.0/STM32CubeIDE/plugins/com.st.stm32cube.ide.mcu.externaltools.gnu-tools-for-stm32.13.3.rel1.win32_1.0.0.202411081344/tools/bin/../lib/gcc/arm-none-eabi/13.3.1/../../../../arm-none-eabi/lib/thumb/v7-m/nofp\libc_nano.a(libc_a-stdio.o)
                              C:/ST/STM32CubeIDE_1.19.0/STM32CubeIDE/plugins/com.st.stm32cube.ide.mcu.externaltools.gnu-tools-for-stm32.13.3.rel1.win32_1.0.0.202411081344/tools/bin/../lib/gcc/arm-none-eabi/13.3.1/../../../../arm-none-eabi/lib/thumb/v7-m/nofp\libc_nano.a(libc_a-findfp.o) (__sread)
C:/ST/STM32CubeIDE_1.19.0/STM32CubeIDE/plugins/com.st.stm32cube.ide.mcu.externaltools.gnu-tools-for-stm32.13.3.rel1.win32_1.0.0.202411081344/tools/bin/../lib/gcc/arm-none-eabi/13.3.1/../../../../arm-none-eabi/lib/thumb/v7-m/nofp\libc_nano.a(libc_a-memset.o)
                              C:/ST/STM32CubeIDE_1.19.0/STM32CubeIDE/plugins/com.st.stm32cube.ide.mcu.externaltools.gnu-tools-for-stm32.13.3.rel1.win32_1.0.0.202411081344/tools/bin/../lib/gcc/arm-none-eabi/13.3.1/../../../../arm-none-eabi/lib/thumb/v7-m/nofp/crt0.o (memset)
C:/ST/STM32CubeIDE_1.19.0/STM32CubeIDE/plugins/com.st.stm32cube.ide.mcu.externaltools.gnu-tools-for-stm32.13.3.rel1.win32_1.0.0.202411081344/tools/bin/../lib/gcc/arm-none-eabi/13.3.1/../../../../arm-none-eabi/lib/thumb/v7-m/nofp\libc_nano.a(libc_a-closer.o)
                              C:/ST/STM32CubeIDE_1.19.0/STM32CubeIDE/plugins/com.st.stm32cube.ide.mcu.externaltools.gnu-tools-for-stm32.13.3.rel1.win32_1.0.0.202411081344/tools/bin/../lib/gcc/arm-none-eabi/13.3.1/../../../../arm-none-eabi/lib/thumb/v7-m/nofp\libc_nano.a(libc_a-stdio.o) (_close_r)
C:/ST/STM32CubeIDE_1.19.0/STM32CubeIDE/plugins/com.st.stm32cube.ide.mcu.externaltools.gnu-tools-for-stm32.13.3.rel1.win32_1.0.0.202411081344/tools/bin/../lib/gcc/arm-none-eabi/13.3.1/../../../../arm-none-eabi/lib/thumb/v7-m/nofp\libc_nano.a(libc_a-reent.o)
                              C:/ST/STM32CubeIDE_1.19.0/STM32CubeIDE/plugins/com.st.stm32cube.ide.mcu.externaltools.gnu-tools-for-stm32.13.3.rel1.win32_1.0.0.202411081344/tools/bin/../lib/gcc/arm-none-eabi/13.3.1/../../../../arm-none-eabi/lib/thumb/v7-m/nofp\libc_nano.a(libc_a-closer.o) (errno)
C:/ST/STM32CubeIDE_1.19.0/STM32CubeIDE/plugins/com.st.stm32cube.ide.mcu.externaltools.gnu-tools-for-stm32.13.3.rel1.win32_1.0.0.202411081344/tools/bin/../lib/gcc/arm-none-eabi/13.3.1/../../../../arm-none-eabi/lib/thumb/v7-m/nofp\libc_nano.a(libc_a-impure.o)
                              C:/ST/STM32CubeIDE_1.19.0/STM32CubeIDE/plugins/com.st.stm32cube.ide.mcu.externaltools.gnu-tools-for-stm32.13.3.rel1.win32_1.0.0.202411081344/tools/bin/../lib/gcc/arm-none-eabi/13.3.1/../../../../arm-none-eabi/lib/thumb/v7-m/nofp\libc_nano.a(libc_a-reent.o) (_impure_ptr)
C:/ST/STM32CubeIDE_1.19.0/STM32CubeIDE/plugins/com.st.stm32cube.ide.mcu.externaltools.gnu-tools-for-stm32.13.3.rel1.win32_1.0.0.202411081344/tools/bin/../lib/gcc/arm-none-eabi/13.3.1/../../../../arm-none-eabi/lib/thumb/v7-m/nofp\libc_nano.a(libc_a-lseekr.o)
[...]
Memory Configuration

Name             Origin             Length             Attributes
RAM              0x20000000         0x00005000         xrw
FLASH            0x08000000         0x00010000         xr
*default*        0x00000000         0xffffffff

Linker script and memory map

LOAD C:/ST/STM32CubeIDE_1.19.0/STM32CubeIDE/plugins/com.st.stm32cube.ide.mcu.externaltools.gnu-tools-for-stm32.13.3.rel1.win32_1.0.0.202411081344/tools/bin/../lib/gcc/arm-none-eabi/13.3.1/thumb/v7-m/nofp/crti.o
LOAD C:/ST/STM32CubeIDE_1.19.0/STM32CubeIDE/plugins/com.st.stm32cube.ide.mcu.externaltools.gnu-tools-for-stm32.13.3.rel1.win32_1.0.0.202411081344/tools/bin/../lib/gcc/arm-none-eabi/13.3.1/thumb/v7-m/nofp/crtbegin.o
LOAD C:/ST/STM32CubeIDE_1.19.0/STM32CubeIDE/plugins/com.st.stm32cube.ide.mcu.externaltools.gnu-tools-for-stm32.13.3.rel1.win32_1.0.0.202411081344/tools/bin/../lib/gcc/arm-none-eabi/13.3.1/../../../../arm-none-eabi/lib/thumb/v7-m/nofp/crt0.o
LOAD ./Core/Src/NTC_calculate_temp.o
LOAD ./Core/Src/PID.o
LOAD ./Core/Src/Result_interpretation.o
LOAD ./Core/Src/main.o
LOAD ./Core/Src/stm32f1xx_hal_msp.o
LOAD ./Core/Src/stm32f1xx_it.o
LOAD ./Core/Src/syscalls.o
LOAD ./Core/Src/sysmem.o
LOAD ./Core/Src/system_stm32f1xx.o
LOAD ./Core/Startup/startup_stm32f103r8tx.o
LOAD ./Drivers/STM32F1xx_HAL_Driver/Src/stm32f1xx_hal.o
LOAD ./Drivers/STM32F1xx_HAL_Driver/Src/stm32f1xx_hal_adc.o
LOAD ./Drivers/STM32F1xx_HAL_Driver/Src/stm32f1xx_hal_adc_ex.o
LOAD ./Drivers/STM32F1xx_HAL_Driver/Src/stm32f1xx_hal_cortex.o
LOAD ./Drivers/STM32F1xx_HAL_Driver/Src/stm32f1xx_hal_dma.o
LOAD ./Drivers/STM32F1xx_HAL_Driver/Src/stm32f1xx_hal_exti.o
LOAD ./Drivers/STM32F1xx_HAL_Driver/Src/stm32f1xx_hal_flash.o
LOAD ./Drivers/STM32F1xx_HAL_Driver/Src/stm32f1xx_hal_flash_ex.o
LOAD ./Drivers/STM32F1xx_HAL_Driver/Src/stm32f1xx_hal_gpio.o
LOAD ./Drivers/STM32F1xx_HAL_Driver/Src/stm32f1xx_hal_gpio_ex.o
LOAD ./Drivers/STM32F1xx_HAL_Driver/Src/stm32f1xx_hal_pcd.o
LOAD ./Drivers/STM32F1xx_HAL_Driver/Src/stm32f1xx_hal_pcd_ex.o
LOAD ./Drivers/STM32F1xx_HAL_Driver/Src/stm32f1xx_hal_pwr.o
LOAD ./Drivers/STM32F1xx_HAL_Driver/Src/stm32f1xx_hal_rcc.o
LOAD ./Drivers/STM32F1xx_HAL_Driver/Src/stm32f1xx_hal_rcc_ex.o
LOAD ./Drivers/STM32F1xx_HAL_Driver/Src/stm32f1xx_hal_tim.o
LOAD ./Drivers/STM32F1xx_HAL_Driver/Src/stm32f1xx_hal_tim_ex.o
LOAD ./Drivers/STM32F1xx_HAL_Driver/Src/stm32f1xx_hal_uart.o
LOAD ./Drivers/STM32F1xx_HAL_Driver/Src/stm32f1xx_ll_usb.o
LOAD ./Middlewares/ST/STM32_USB_Device_Library/Class/CDC/Src/usbd_cdc.o
LOAD ./Middlewares/ST/STM32_USB_Device_Library/Core/Src/usbd_core.o
LOAD ./Middlewares/ST/STM32_USB_Device_Library/Core/Src/usbd_ctlreq.o
LOAD ./Middlewares/ST/STM32_USB_Device_Library/Core/Src/usbd_ioreq.o
LOAD ./USB_DEVICE/App/usb_device.o
LOAD ./USB_DEVICE/App/usbd_cdc_if.o
LOAD ./USB_DEVICE/App/usbd_desc.o
LOAD ./USB_DEVICE/Target/usbd_conf.o
START GROUP
LOAD C:/ST/STM32CubeIDE_1.19.0/STM32CubeIDE/plugins/com.st.stm32cube.ide.mcu.externaltools.gnu-tools-for-stm32.13.3.rel1.win32_1.0.0.202411081344/tools/bin/../lib/gcc/arm-none-eabi/13.3.1/../../../../arm-none-eabi/lib/thumb/v7-m/nofp\libc_nano.a
LOAD C:/ST/STM32CubeIDE_1.19.0/STM32CubeIDE/plugins/com.st.stm32cube.ide.mcu.externaltools.gnu-tools-for-stm32.13.3.rel1.win32_1.0.0.202411081344/tools/bin/../lib/gcc/arm-none-eabi/13.3.1/../../../../arm-none-eabi/lib/thumb/v7-m/nofp\libm.a
END GROUP
START GROUP
LOAD C:/ST/STM32CubeIDE_1.19.0/STM32CubeIDE/plugins/com.st.stm32cube.ide.mcu.externaltools.gnu-tools-for-stm32.13.3.rel1.win32_1.0.0.202411081344/tools/bin/../lib/gcc/arm-none-eabi/13.3.1/thumb/v7-m/nofp\libgcc.a
LOAD C:/ST/STM32CubeIDE_1.19.0/STM32CubeIDE/plugins/com.st.stm32cube.ide.mcu.externaltools.gnu-tools-for-stm32.13.3.rel1.win32_1.0.0.202411081344/tools/bin/../lib/gcc/arm-none-eabi/13.3.1/../../../../arm-none-eabi/lib/thumb/v7-m/nofp\libc_nano.a
END GROUP
START GROUP
LOAD C:/ST/STM32CubeIDE_1.19.0/STM32CubeIDE/plugins/com.st.stm32cube.ide.mcu.externaltools.gnu-tools-for-stm32.13.3.rel1.win32_1.0.0.202411081344/tools/bin/../lib/gcc/arm-none-eabi/13.3.1/thumb/v7-m/nofp\libgcc.a
LOAD C:/ST/STM32CubeIDE_1.19.0/STM32CubeIDE/plugins/com.st.stm32cube.ide.mcu.externaltools.gnu-tools-for-stm32.13.3.rel1.win32_1.0.0.202411081344/tools/bin/../lib/gcc/arm-none-eabi/13.3.1/../../../../arm-none-eabi/lib/thumb/v7-m/nofp\libc_nano.a
LOAD C:/ST/STM32CubeIDE_1.19.0/STM32CubeIDE/plugins/com.st.stm32cube.ide.mcu.externaltools.gnu-tools-for-stm32.13.3.rel1.win32_1.0.0.202411081344/tools/bin/../lib/gcc/arm-none-eabi/13.3.1/../../../../arm-none-eabi/lib/thumb/v7-m/nofp\libnosys.a
END GROUP
START GROUP
LOAD C:/ST/STM32CubeIDE_1.19.0/STM32CubeIDE/plugins/com.st.stm32cube.ide.mcu.externaltools.gnu-tools-for-stm32.13.3.rel1.win32_1.0.0.202411081344/tools/bin/../lib/gcc/arm-none-eabi/13.3.1/thumb/v7-m/nofp\libgcc.a
LOAD C:/ST/STM32CubeIDE_1.19.0/STM32CubeIDE/plugins/com.st.stm32cube.ide.mcu.externaltools.gnu-tools-for-stm32.13.3.rel1.win32_1.0.0.202411081344/tools/bin/../lib/gcc/arm-none-eabi/13.3.1/../../../../arm-none-eabi/lib/thumb/v7-m/nofp\libc_nano.a
LOAD C:/ST/STM32CubeIDE_1.19.0/STM32CubeIDE/plugins/com.st.stm32cube.ide.mcu.externaltools.gnu-tools-for-stm32.13.3.rel1.win32_1.0.0.202411081344/tools/bin/../lib/gcc/arm-none-eabi/13.3.1/../../../../arm-none-eabi/lib/thumb/v7-m/nofp\libnosys.a
END GROUP
LOAD C:/ST/STM32CubeIDE_1.19.0/STM32CubeIDE/plugins/com.st.stm32cube.ide.mcu.externaltools.gnu-tools-for-stm32.13.3.rel1.win32_1.0.0.202411081344/tools/bin/../lib/gcc/arm-none-eabi/13.3.1/thumb/v7-m/nofp/crtend.o
LOAD C:/ST/STM32CubeIDE_1.19.0/STM32CubeIDE/plugins/com.st.stm32cube.ide.mcu.externaltools.gnu-tools-for-stm32.13.3.rel1.win32_1.0.0.202411081344/tools/bin/../lib/gcc/arm-none-eabi/13.3.1/thumb/v7-m/nofp/crtn.o
                0x20005000                        _estack = (ORIGIN (RAM) + LENGTH (RAM))
                0x00000200                        _Min_Heap_Size = 0x200
                0x00000400                        _Min_Stack_Size = 0x400

.isr_vector     0x08000000      0x10c
                0x08000000                        . = ALIGN (0x4)
 *(.isr_vector)
 .isr_vector    0x08000000      0x10c ./Core/Startup/startup_stm32f103r8tx.o
                0x08000000                g_pfnVectors
                0x0800010c                        . = ALIGN (0x4)

.text           0x08000110     0xd514
                0x08000110                        . = ALIGN (0x4)
 *(.text)
 .text          0x08000110       0x40 C:/ST/STM32CubeIDE_1.19.0/STM32CubeIDE/plugins/com.st.stm32cube.ide.mcu.externaltools.gnu-tools-for-stm32.13.3.rel1.win32_1.0.0.202411081344/tools/bin/../lib/gcc/arm-none-eabi/13.3.1/thumb/v7-m/nofp/crtbegin.o
 .text          0x08000150       0x14 C:/ST/STM32CubeIDE_1.19.0/STM32CubeIDE/plugins/com.st.stm32cube.ide.mcu.externaltools.gnu-tools-for-stm32.13.3.rel1.win32_1.0.0.202411081344/tools/bin/../lib/gcc/arm-none-eabi/13.3.1/../../../../arm-none-eabi/lib/thumb/v7-m/nofp\libc_nano.a(libc_a-strcmp.o)
                0x08000150                strcmp
 .text          0x08000164       0x10 C:/ST/STM32CubeIDE_1.19.0/STM32CubeIDE/plugins/com.st.stm32cube.ide.mcu.externaltools.gnu-tools-for-stm32.13.3.rel1.win32_1.0.0.202411081344/tools/bin/../lib/gcc/arm-none-eabi/13.3.1/../../../../arm-none-eabi/lib/thumb/v7-m/nofp\libc_nano.a(libc_a-strlen.o)
                0x08000164                strlen
 .text          0x08000174      0x378 C:/ST/STM32CubeIDE_1.19.0/STM32CubeIDE/plugins/com.st.stm32cube.ide.mcu.externaltools.gnu-tools-for-stm32.13.3.rel1.win32_1.0.0.202411081344/tools/bin/../lib/gcc/arm-none-eabi/13.3.1/thumb/v7-m/nofp\libgcc.a(_arm_addsubdf3.o)
                0x08000174                __aeabi_drsub
                0x0800017c                __aeabi_dsub
                0x0800017c                __subdf3
                0x08000180                __aeabi_dadd
                0x08000180                __adddf3
                0x080003f8                __floatunsidf
                0x080003f8                __aeabi_ui2d
                0x08000418                __floatsidf
                0x08000418                __aeabi_i2d
                0x0800043c                __aeabi_f2d
                0x0800043c                __extendsfdf2
                0x08000480                __floatundidf
                0x08000480                __aeabi_ul2d
                0x08000490                __floatdidf
                0x08000490                __aeabi_l2d
 .text          0x080004ec      0x424 C:/ST/STM32CubeIDE_1.19.0/STM32CubeIDE/plugins/com.st.stm32cube.ide.mcu.externaltools.gnu-tools-for-stm32.13.3.rel1.win32_1.0.0.202411081344/tools/bin/../lib/gcc/arm-none-eabi/13.3.1/thumb/v7-m/nofp\libgcc.a(_arm_muldivdf3.o)
                0x080004ec                __aeabi_dmul
                0x080004ec                __muldf3
                0x08000740                __divdf3
                0x08000740                __aeabi_ddiv
 .text          0x08000910      0x110 C:/ST/STM32CubeIDE_1.19.0/STM32CubeIDE/plugins/com.st.stm32cube.ide.mcu.externaltools.gnu-tools-for-stm32.13.3.rel1.win32_1.0.0.202411081344/tools/bin/../lib/gcc/arm-none-eabi/13.3.1/thumb/v7-m/nofp\libgcc.a(_arm_cmpdf2.o)
                0x08000910                __gtdf2
                0x08000910                __gedf2
                0x08000918                __ltdf2
                0x08000918                __ledf2
                0x08000920                __nedf2
                0x08000920                __eqdf2
                0x08000920                __cmpdf2
                0x0800099c                __aeabi_cdrcmple
                0x080009ac                __aeabi_cdcmpeq
                0x080009ac                __aeabi_cdcmple
                0x080009bc                __aeabi_dcmpeq
                0x080009d0                __aeabi_dcmplt
                0x080009e4                __aeabi_dcmple
                0x080009f8                __aeabi_dcmpge
                0x08000a0c                __aeabi_dcmpgt
 .text          0x08000a20       0x2c C:/ST/STM32CubeIDE_1.19.0/STM32CubeIDE/plugins/com.st.stm32cube.ide.mcu.externaltools.gnu-tools-for-stm32.13.3.rel1.win32_1.0.0.202411081344/tools/bin/../lib/gcc/arm-none-eabi/13.3.1/thumb/v7-m/nofp\libgcc.a(_arm_unorddf2.o)
                0x08000a20                __unorddf2
                0x08000a20                __aeabi_dcmpun
 .text          0x08000a4c       0xa0 C:/ST/STM32CubeIDE_1.19.0/STM32CubeIDE/plugins/com.st.stm32cube.ide.mcu.externaltools.gnu-tools-for-stm32.13.3.rel1.win32_1.0.0.202411081344/tools/bin/../lib/gcc/arm-none-eabi/13.3.1/thumb/v7-m/nofp\libgcc.a(_arm_truncdfsf2.o)
                0x08000a4c                __truncdfsf2
                0x08000a4c                __aeabi_d2f
 .text          0x08000aec      0x21c C:/ST/STM32CubeIDE_1.19.0/STM32CubeIDE/plugins/com.st.stm32cube.ide.mcu.externaltools.gnu-tools-for-stm32.13.3.rel1.win32_1.0.0.202411081344/tools/bin/../lib/gcc/arm-none-eabi/13.3.1/thumb/v7-m/nofp\libgcc.a(_arm_addsubsf3.o)
                0x08000aec                __aeabi_frsub
                0x08000af4                __subsf3
                0x08000af4                __aeabi_fsub
                0x08000af8                __aeabi_fadd
                0x08000af8                __addsf3
                0x08000c58                __aeabi_ui2f
                0x08000c58                __floatunsisf
                0x08000c60                __aeabi_i2f
                0x08000c60                __floatsisf
                0x08000c7c                __aeabi_ul2f
                0x08000c7c                __floatundisf
                0x08000c8c                __aeabi_l2f
                0x08000c8c                __floatdisf
 .text          0x08000d08      0x2a0 C:/ST/STM32CubeIDE_1.19.0/STM32CubeIDE/plugins/com.st.stm32cube.ide.mcu.externaltools.gnu-tools-for-stm32.13.3.rel1.win32_1.0.0.202411081344/tools/bin/../lib/gcc/arm-none-eabi/13.3.1/thumb/v7-m/nofp\libgcc.a(_arm_muldivsf3.o)
                0x08000d08                __mulsf3
                0x08000d08                __aeabi_fmul
                0x08000e70                __aeabi_fdiv
                0x08000e70                __divsf3
 .text          0x08000fa8       0xec C:/ST/STM32CubeIDE_1.19.0/STM32CubeIDE/plugins/com.st.stm32cube.ide.mcu.externaltools.gnu-tools-for-stm32.13.3.rel1.win32_1.0.0.202411081344/tools/bin/../lib/gcc/arm-none-eabi/13.3.1/thumb/v7-m/nofp\libgcc.a(_arm_cmpsf2.o)
                0x08000fa8                __gesf2
                0x08000fa8                __gtsf2
                0x08000fb0                __lesf2
                0x08000fb0                __ltsf2
                0x08000fb8                __nesf2
                0x08000fb8                __eqsf2
                0x08000fb8                __cmpsf2
                0x08001018                __aeabi_cfrcmple
                0x08001020                __aeabi_cfcmpeq
                0x08001020                __aeabi_cfcmple
                0x08001030                __aeabi_fcmpeq
                0x08001044                __aeabi_fcmplt
                0x08001058                __aeabi_fcmple
                0x0800106c                __aeabi_fcmpge
                0x08001080                __aeabi_fcmpgt
 .text          0x08001094       0x2c C:/ST/STM32CubeIDE_1.19.0/STM32CubeIDE/plugins/com.st.stm32cube.ide.mcu.externaltools.gnu-tools-for-stm32.13.3.rel1.win32_1.0.0.202411081344/tools/bin/../lib/gcc/arm-none-eabi/13.3.1/thumb/v7-m/nofp\libgcc.a(_arm_unordsf2.o)
                0x08001094                __unordsf2
                0x08001094                __aeabi_fcmpun
 .text          0x080010c0       0x4c C:/ST/STM32CubeIDE_1.19.0/STM32CubeIDE/plugins/com.st.stm32cube.ide.mcu.externaltools.gnu-tools-for-stm32.13.3.rel1.win32_1.0.0.202411081344/tools/bin/../lib/gcc/arm-none-eabi/13.3.1/thumb/v7-m/nofp\libgcc.a(_arm_fixsfsi.o)
                0x080010c0                __aeabi_f2iz
                0x080010c0                __fixsfsi
 *(.text*)
 *fill*         0x0800110c        0x4 
 .text.Calculate_temprature
                0x08001110       0xe0 ./Core/Src/NTC_calculate_temp.o
                0x08001110                Calculate_temprature
 .text.PID_Decision
                0x080011f0       0x40 ./Core/Src/PID.o
                0x080011f0                PID_Decision
 .text.PID_Compute_for_Heater_Power
                0x08001230       0xe8 ./Core/Src/PID.o
                0x08001230                PID_Compute_for_Heater_Power
 .text.PCR_GetFinalRunResult
                0x08001318      0x1a8 ./Core/Src/Result_interpretation.o
                0x08001318                PCR_GetFinalRunResult
 .text.prv_calculate_baseline
                0x080014c0      0x154 ./Core/Src/Result_interpretation.o
 .text.prv_detect_Tt
                0x08001614       0x98 ./Core/Src/Result_interpretation.o
 .text.prv_apply_IC_gating
                0x080016ac       0x50 ./Core/Src/Result_interpretation.o
 .text.PCR_Init
                0x080016fc       0x7c ./Core/Src/Result_interpretation.o
                0x080016fc                PCR_Init
 .text.PCR_OnMinuteTick
                0x08001778      0x118 ./Core/Src/Result_interpretation.o
                0x08001778                PCR_OnMinuteTick
 .text.PCR_FinalResults
                0x08001890      0x114 ./Core/Src/Result_interpretation.o
                0x08001890                PCR_FinalResults
 .text.Positive_led_indicate
                0x080019a4       0x28 ./Core/Src/Result_interpretation.o
                0x080019a4                Positive_led_indicate
 .text.Negative_led_indicate
                0x080019cc       0x28 ./Core/Src/Result_interpretation.o
                0x080019cc                Negative_led_indicate
 .text.Invalid_led_indicate
                0x080019f4       0x3c ./Core/Src/Result_interpretation.o
                0x080019f4                Invalid_led_indicate
 .text.HAL_ADC_ConvCpltCallback
                0x08001a30      0x158 ./Core/Src/main.o
                0x08001a30                HAL_ADC_ConvCpltCallback
 .text.HAL_TIM_PeriodElapsedCallback
                0x08001b88      0x20c ./Core/Src/main.o
                0x08001b88                HAL_TIM_PeriodElapsedCallback
 .text.HAL_UART_RxCpltCallback
                0x08001d94      0x120 ./Core/Src/main.o
                0x08001d94                HAL_UART_RxCpltCallback
 .text.main     0x08001eb4      0x29c ./Core/Src/main.o
                0x08001eb4                main
 .text.SystemClock_Config
                0x08002150       0xbe ./Core/Src/main.o
                0x08002150                SystemClock_Config
 *fill*         0x0800220e        0x2 
 .text.MX_ADC1_Init
                0x08002210       0x9c ./Core/Src/main.o
 .text.MX_TIM3_Init
                0x080022ac       0xec ./Core/Src/main.o
 .text.MX_TIM4_Init
                0x08002398       0x9c ./Core/Src/main.o
 .text.MX_USART1_UART_Init
                0x08002434       0x54 ./Core/Src/main.o
 .text.MX_USART2_UART_Init
                0x08002488       0x54 ./Core/Src/main.o
 .text.MX_USART3_UART_Init
                0x080024dc       0x54 ./Core/Src/main.o
 .text.MX_DMA_Init
                0x08002530       0x3c ./Core/Src/main.o
 .text.MX_GPIO_Init
                0x0800256c      0x164 ./Core/Src/main.o
 .text.Excite_Aquisition_and_calculate_Result
                0x080026d0      0x144 ./Core/Src/main.o
                0x080026d0                Excite_Aquisition_and_calculate_Result
 .text.send_usb_string
                0x08002814       0x30 ./Core/Src/main.o
                0x08002814                send_usb_string
 .text.send_BLE_using_USART3_string
                0x08002844       0x28 ./Core/Src/main.o
                0x08002844                send_BLE_using_USART3_string
 .text.Device_ready_Tone
                0x0800286c       0x6c ./Core/Src/main.o
                0x0800286c                Device_ready_Tone
 .text.Buzzer_power_on_tone
                0x080028d8       0x30 ./Core/Src/main.o
                0x080028d8                Buzzer_power_on_tone
 .text.Buzzer_Test_Complete_tone
                0x08002908       0x70 ./Core/Src/main.o
                0x08002908                Buzzer_Test_Complete_tone
 .text.Reset_buffer_index
                0x08002978       0x28 ./Core/Src/main.o
                0x08002978                Reset_buffer_index
 .text.Trigger_led_Aquire_data
                0x080029a0       0x48 ./Core/Src/main.o
                0x080029a0                Trigger_led_Aquire_data
 .text.Turn_off_All_LED
                0x080029e8       0x40 ./Core/Src/main.o
                0x080029e8                Turn_off_All_LED
 .text.Turn_off_Rest_of_the_Turned_on_LED
                0x08002a28       0x54 ./Core/Src/main.o
                0x08002a28                Turn_off_Rest_of_the_Turned_on_LED
 .text.Trigger_LED_Channel
                0x08002a7c       0x40 ./Core/Src/main.o
                0x08002a7c                Trigger_LED_Channel
 .text.check_Temprature_sensor_available
                0x08002abc       0x2a ./Core/Src/main.o
                0x08002abc                check_Temprature_sensor_available
 *fill*         0x08002ae6        0x2 
 .text.Preheat_loop
                0x08002ae8      0x1bc ./Core/Src/main.o
                0x08002ae8                Preheat_loop
 .text.Error_Handler
                0x08002ca4       0x60 ./Core/Src/main.o
                0x08002ca4                Error_Handler
 .text.HAL_MspInit
                0x08002d04       0x64 ./Core/Src/stm32f1xx_hal_msp.o
                0x08002d04                HAL_MspInit
 .text.HAL_ADC_MspInit
                0x08002d68       0xd4 ./Core/Src/stm32f1xx_hal_msp.o
                0x08002d68                HAL_ADC_MspInit
 .text.HAL_TIM_Base_MspInit
                0x08002e3c       0x74 ./Core/Src/stm32f1xx_hal_msp.o
                0x08002e3c                HAL_TIM_Base_MspInit
 .text.HAL_TIM_MspPostInit
                0x08002eb0       0x64 ./Core/Src/stm32f1xx_hal_msp.o
                0x08002eb0                HAL_TIM_MspPostInit
 .text.HAL_UART_MspInit
                0x08002f14      0x1c8 ./Core/Src/stm32f1xx_hal_msp.o
                0x08002f14                HAL_UART_MspInit
 .text.NMI_Handler
                0x080030dc        0x8 ./Core/Src/stm32f1xx_it.o
                0x080030dc                NMI_Handler
 .text.HardFault_Handler
                0x080030e4        0x8 ./Core/Src/stm32f1xx_it.o
                0x080030e4                HardFault_Handler
 .text.MemManage_Handler
                0x080030ec        0x8 ./Core/Src/stm32f1xx_it.o
                0x080030ec                MemManage_Handler
 .text.BusFault_Handler
                0x080030f4        0x8 ./Core/Src/stm32f1xx_it.o
                0x080030f4                BusFault_Handler
 .text.UsageFault_Handler
                0x080030fc        0x8 ./Core/Src/stm32f1xx_it.o
                0x080030fc                UsageFault_Handler
 .text.SVC_Handler
                0x08003104        0xc ./Core/Src/stm32f1xx_it.o
                0x08003104                SVC_Handler
 .text.DebugMon_Handler
                0x08003110        0xc ./Core/Src/stm32f1xx_it.o
                0x08003110                DebugMon_Handler
 .text.PendSV_Handler
                0x0800311c        0xc ./Core/Src/stm32f1xx_it.o
                0x0800311c                PendSV_Handler
 .text.SysTick_Handler
                0x08003128        0xc ./Core/Src/stm32f1xx_it.o
                0x08003128                SysTick_Handler
 .text.EXTI1_IRQHandler
                0x08003134       0x38 ./Core/Src/stm32f1xx_it.o
                0x08003134                EXTI1_IRQHandler
 .text.DMA1_Channel1_IRQHandler
                0x0800316c       0x14 ./Core/Src/stm32f1xx_it.o
                0x0800316c                DMA1_Channel1_IRQHandler
 .text.USB_LP_CAN1_RX0_IRQHandler
                0x08003180       0x14 ./Core/Src/stm32f1xx_it.o
                0x08003180                USB_LP_CAN1_RX0_IRQHandler
 .text.EXTI9_5_IRQHandler
                0x08003194       0x1c ./Core/Src/stm32f1xx_it.o
                0x08003194                EXTI9_5_IRQHandler
 .text.TIM4_IRQHandler
                0x080031b0       0x14 ./Core/Src/stm32f1xx_it.o
                0x080031b0                TIM4_IRQHandler
 .text.USART2_IRQHandler
                0x080031c4       0x14 ./Core/Src/stm32f1xx_it.o
                0x080031c4                USART2_IRQHandler
 .text.USART3_IRQHandler
                0x080031d8       0x14 ./Core/Src/stm32f1xx_it.o
                0x080031d8                USART3_IRQHandler
 .text.SystemInit
                0x080031ec        0xc ./Core/Src/system_stm32f1xx.o
                0x080031ec                SystemInit
 .text.Reset_Handler
                0x080031f8       0x48 ./Core/Startup/startup_stm32f103r8tx.o
                0x080031f8                Reset_Handler
 .text.Default_Handler
                0x08003240        0x2 ./Core/Startup/startup_stm32f103r8tx.o
                0x08003240                RTC_Alarm_IRQHandler
                0x08003240                EXTI2_IRQHandler
                0x08003240                TIM1_CC_IRQHandler
                0x08003240                PVD_IRQHandler
                0x08003240                EXTI3_IRQHandler
                0x08003240                EXTI0_IRQHandler
                0x08003240                I2C2_EV_IRQHandler
                0x08003240                ADC1_2_IRQHandler
                0x08003240                SPI1_IRQHandler
                0x08003240                TAMPER_IRQHandler
                0x08003240                DMA1_Channel4_IRQHandler
                0x08003240                RTC_IRQHandler
                0x08003240                DMA1_Channel7_IRQHandler
                0x08003240                CAN1_RX1_IRQHandler
                0x08003240                I2C1_EV_IRQHandler
                0x08003240                DMA1_Channel6_IRQHandler
                0x08003240                TIM3_IRQHandler
                0x08003240                RCC_IRQHandler
                0x08003240                TIM1_TRG_COM_IRQHandler
                0x08003240                Default_Handler
                0x08003240                EXTI15_10_IRQHandler
                0x08003240                SPI2_IRQHandler
                0x08003240                DMA1_Channel5_IRQHandler
                0x08003240                EXTI4_IRQHandler
                0x08003240                USB_HP_CAN1_TX_IRQHandler
                0x08003240                DMA1_Channel3_IRQHandler
                0x08003240                TIM1_UP_IRQHandler
                0x08003240                WWDG_IRQHandler
                0x08003240                TIM2_IRQHandler
                0x08003240                TIM1_BRK_IRQHandler
                0x08003240                I2C2_ER_IRQHandler
                0x08003240                DMA1_Channel2_IRQHandler
                0x08003240                CAN1_SCE_IRQHandler
                0x08003240                FLASH_IRQHandler
                0x08003240                USART1_IRQHandler
                0x08003240                I2C1_ER_IRQHandler
                0x08003240                USBWakeUp_IRQHandler
 *fill*         0x08003242        0x2 
 .text.HAL_Init
                0x08003244       0x2c ./Drivers/STM32F1xx_HAL_Driver/Src/stm32f1xx_hal.o
                0x08003244                HAL_Init
 .text.HAL_InitTick
                0x08003270       0x60 ./Drivers/STM32F1xx_HAL_Driver/Src/stm32f1xx_hal.o
                0x08003270                HAL_InitTick
 .text.HAL_IncTick
                0x080032d0       0x24 ./Drivers/STM32F1xx_HAL_Driver/Src/stm32f1xx_hal.o
                0x080032d0                HAL_IncTick
 .text.HAL_GetTick
                0x080032f4       0x14 ./Drivers/STM32F1xx_HAL_Driver/Src/stm32f1xx_hal.o
                0x080032f4                HAL_GetTick
 .text.HAL_Delay
                0x08003308       0x48 ./Drivers/STM32F1xx_HAL_Driver/Src/stm32f1xx_hal.o
                0x08003308                HAL_Delay
 .text.HAL_ADC_Init
                0x08003350      0x1b0 ./Drivers/STM32F1xx_HAL_Driver/Src/stm32f1xx_hal_adc.o
                0x08003350                HAL_ADC_Init
 .text.HAL_ADC_Start_DMA
                0x08003500      0x1bc ./Drivers/STM32F1xx_HAL_Driver/Src/stm32f1xx_hal_adc.o
                0x08003500                HAL_ADC_Start_DMA
 .text.HAL_ADC_ConvHalfCpltCallback
                0x080036bc       0x12 ./Drivers/STM32F1xx_HAL_Driver/Src/stm32f1xx_hal_adc.o
                0x080036bc                HAL_ADC_ConvHalfCpltCallback
 .text.HAL_ADC_ErrorCallback
                0x080036ce       0x12 ./Drivers/STM32F1xx_HAL_Driver/Src/stm32f1xx_hal_adc.o
                0x080036ce                HAL_ADC_ErrorCallback
 .text.HAL_ADC_ConfigChannel
                0x080036e0      0x1f0 ./Drivers/STM32F1xx_HAL_Driver/Src/stm32f1xx_hal_adc.o
                0x080036e0                HAL_ADC_ConfigChannel
 .text.ADC_Enable
                0x080038d0       0xb4 ./Drivers/STM32F1xx_HAL_Driver/Src/stm32f1xx_hal_adc.o
                0x080038d0                ADC_Enable
 .text.ADC_ConversionStop_Disable
                0x08003984       0x82 ./Drivers/STM32F1xx_HAL_Driver/Src/stm32f1xx_hal_adc.o
                0x08003984                ADC_ConversionStop_Disable
 .text.ADC_DMAConvCplt
                0x08003a06       0x7c ./Drivers/STM32F1xx_HAL_Driver/Src/stm32f1xx_hal_adc.o
                0x08003a06                ADC_DMAConvCplt
 .text.ADC_DMAHalfConvCplt
                0x08003a82       0x1c ./Drivers/STM32F1xx_HAL_Driver/Src/stm32f1xx_hal_adc.o
                0x08003a82                ADC_DMAHalfConvCplt
 .text.ADC_DMAError
                0x08003a9e       0x34 ./Drivers/STM32F1xx_HAL_Driver/Src/stm32f1xx_hal_adc.o
                0x08003a9e                ADC_DMAError
 *fill*         0x08003ad2        0x2 
 .text.HAL_ADCEx_Calibration_Start
                0x08003ad4      0x15c ./Drivers/STM32F1xx_HAL_Driver/Src/stm32f1xx_hal_adc_ex.o
                0x08003ad4                HAL_ADCEx_Calibration_Start
 .text.__NVIC_SetPriorityGrouping
                0x08003c30       0x48 ./Drivers/STM32F1xx_HAL_Driver/Src/stm32f1xx_hal_cortex.o
 .text.__NVIC_GetPriorityGrouping
                0x08003c78       0x1c ./Drivers/STM32F1xx_HAL_Driver/Src/stm32f1xx_hal_cortex.o
 .text.__NVIC_EnableIRQ
                0x08003c94       0x38 ./Drivers/STM32F1xx_HAL_Driver/Src/stm32f1xx_hal_cortex.o
 .text.__NVIC_SetPriority
                0x08003ccc       0x54 ./Drivers/STM32F1xx_HAL_Driver/Src/stm32f1xx_hal_cortex.o
 .text.NVIC_EncodePriority
                0x08003d20       0x64 ./Drivers/STM32F1xx_HAL_Driver/Src/stm32f1xx_hal_cortex.o
 .text.SysTick_Config
                0x08003d84       0x44 ./Drivers/STM32F1xx_HAL_Driver/Src/stm32f1xx_hal_cortex.o
 .text.HAL_NVIC_SetPriorityGrouping
                0x08003dc8       0x16 ./Drivers/STM32F1xx_HAL_Driver/Src/stm32f1xx_hal_cortex.o
                0x08003dc8                HAL_NVIC_SetPriorityGrouping
 .text.HAL_NVIC_SetPriority
                0x08003dde       0x38 ./Drivers/STM32F1xx_HAL_Driver/Src/stm32f1xx_hal_cortex.o
                0x08003dde                HAL_NVIC_SetPriority
 .text.HAL_NVIC_EnableIRQ
                0x08003e16       0x1c ./Drivers/STM32F1xx_HAL_Driver/Src/stm32f1xx_hal_cortex.o
                0x08003e16                HAL_NVIC_EnableIRQ
 .text.HAL_SYSTICK_Config
                0x08003e32       0x18 ./Drivers/STM32F1xx_HAL_Driver/Src/stm32f1xx_hal_cortex.o
                0x08003e32                HAL_SYSTICK_Config
 *fill*         0x08003e4a        0x2 
 .text.HAL_DMA_Init
                0x08003e4c       0xb4 ./Drivers/STM32F1xx_HAL_Driver/Src/stm32f1xx_hal_dma.o
                0x08003e4c                HAL_DMA_Init
 .text.HAL_DMA_Start_IT
                0x08003f00       0xc0 ./Drivers/STM32F1xx_HAL_Driver/Src/stm32f1xx_hal_dma.o
                0x08003f00                HAL_DMA_Start_IT
 .text.HAL_DMA_Abort
                0x08003fc0       0x76 ./Drivers/STM32F1xx_HAL_Driver/Src/stm32f1xx_hal_dma.o
                0x08003fc0                HAL_DMA_Abort
 *fill*         0x08004036        0x2 
 .text.HAL_DMA_Abort_IT
                0x08004038       0xf0 ./Drivers/STM32F1xx_HAL_Driver/Src/stm32f1xx_hal_dma.o
                0x08004038                HAL_DMA_Abort_IT
 .text.HAL_DMA_IRQHandler
                0x08004128      0x20c ./Drivers/STM32F1xx_HAL_Driver/Src/stm32f1xx_hal_dma.o
                0x08004128                HAL_DMA_IRQHandler
 .text.DMA_SetConfig
                0x08004334       0x5a ./Drivers/STM32F1xx_HAL_Driver/Src/stm32f1xx_hal_dma.o
 *fill*         0x0800438e        0x2 
 .text.HAL_GPIO_Init
                0x08004390      0x308 ./Drivers/STM32F1xx_HAL_Driver/Src/stm32f1xx_hal_gpio.o
                0x08004390                HAL_GPIO_Init
 .text.HAL_GPIO_ReadPin
                0x08004698       0x2e ./Drivers/STM32F1xx_HAL_Driver/Src/stm32f1xx_hal_gpio.o
                0x08004698                HAL_GPIO_ReadPin
 .text.HAL_GPIO_WritePin
                0x080046c6       0x30 ./Drivers/STM32F1xx_HAL_Driver/Src/stm32f1xx_hal_gpio.o
                0x080046c6                HAL_GPIO_WritePin
 .text.HAL_GPIO_TogglePin
                0x080046f6       0x32 ./Drivers/STM32F1xx_HAL_Driver/Src/stm32f1xx_hal_gpio.o
                0x080046f6                HAL_GPIO_TogglePin
 .text.HAL_GPIO_EXTI_IRQHandler
                0x08004728       0x30 ./Drivers/STM32F1xx_HAL_Driver/Src/stm32f1xx_hal_gpio.o
                0x08004728                HAL_GPIO_EXTI_IRQHandler
 .text.HAL_GPIO_EXTI_Callback
                0x08004758       0x14 ./Drivers/STM32F1xx_HAL_Driver/Src/stm32f1xx_hal_gpio.o
                0x08004758                HAL_GPIO_EXTI_Callback
 .text.HAL_PCD_Init
                0x0800476c      0x1ec ./Drivers/STM32F1xx_HAL_Driver/Src/stm32f1xx_hal_pcd.o
                0x0800476c                HAL_PCD_Init
 .text.HAL_PCD_Start
                0x08004958       0x4c ./Drivers/STM32F1xx_HAL_Driver/Src/stm32f1xx_hal_pcd.o
                0x08004958                HAL_PCD_Start
 .text.HAL_PCD_IRQHandler
                0x080049a4      0x260 ./Drivers/STM32F1xx_HAL_Driver/Src/stm32f1xx_hal_pcd.o
                0x080049a4                HAL_PCD_IRQHandler
 .text.HAL_PCD_SetAddress
                0x08004c04       0x48 ./Drivers/STM32F1xx_HAL_Driver/Src/stm32f1xx_hal_pcd.o
                0x08004c04                HAL_PCD_SetAddress
 .text.HAL_PCD_EP_Open
                0x08004c4c       0xba ./Drivers/STM32F1xx_HAL_Driver/Src/stm32f1xx_hal_pcd.o
                0x08004c4c                HAL_PCD_EP_Open
 .text.HAL_PCD_EP_Close
                0x08004d06       0x90 ./Drivers/STM32F1xx_HAL_Driver/Src/stm32f1xx_hal_pcd.o
                0x08004d06                HAL_PCD_EP_Close
 .text.HAL_PCD_EP_Receive
                0x08004d96       0x62 ./Drivers/STM32F1xx_HAL_Driver/Src/stm32f1xx_hal_pcd.o
                0x08004d96                HAL_PCD_EP_Receive
 .text.HAL_PCD_EP_GetRxCount
                0x08004df8       0x2e ./Drivers/STM32F1xx_HAL_Driver/Src/stm32f1xx_hal_pcd.o
                0x08004df8                HAL_PCD_EP_GetRxCount
 .text.HAL_PCD_EP_Transmit
                0x08004e26       0x6e ./Drivers/STM32F1xx_HAL_Driver/Src/stm32f1xx_hal_pcd.o
                0x08004e26                HAL_PCD_EP_Transmit
 .text.HAL_PCD_EP_SetStall
                0x08004e94       0xc0 ./Drivers/STM32F1xx_HAL_Driver/Src/stm32f1xx_hal_pcd.o
                0x08004e94                HAL_PCD_EP_SetStall
 .text.HAL_PCD_EP_ClrStall
                0x08004f54       0xa8 ./Drivers/STM32F1xx_HAL_Driver/Src/stm32f1xx_hal_pcd.o
                0x08004f54                HAL_PCD_EP_ClrStall
 .text.PCD_EP_ISR_Handler
                0x08004ffc      0x79e ./Drivers/STM32F1xx_HAL_Driver/Src/stm32f1xx_hal_pcd.o
 .text.HAL_PCD_EP_DB_Receive
                0x0800579a      0x21a ./Drivers/STM32F1xx_HAL_Driver/Src/stm32f1xx_hal_pcd.o
 .text.HAL_PCD_EP_DB_Transmit
                0x080059b4      0x7f4 ./Drivers/STM32F1xx_HAL_Driver/Src/stm32f1xx_hal_pcd.o
 .text.HAL_PCDEx_PMAConfig
                0x080061a8       0x84 ./Drivers/STM32F1xx_HAL_Driver/Src/stm32f1xx_hal_pcd_ex.o
                0x080061a8                HAL_PCDEx_PMAConfig
 .text.HAL_RCC_OscConfig
                0x0800622c      0x504 ./Drivers/STM32F1xx_HAL_Driver/Src/stm32f1xx_hal_rcc.o
                0x0800622c                HAL_RCC_OscConfig
 .text.HAL_RCC_ClockConfig
                0x08006730      0x1d4 ./Drivers/STM32F1xx_HAL_Driver/Src/stm32f1xx_hal_rcc.o
                0x08006730                HAL_RCC_ClockConfig
 .text.HAL_RCC_GetSysClockFreq
                0x08006904       0xa8 ./Drivers/STM32F1xx_HAL_Driver/Src/stm32f1xx_hal_rcc.o
                0x08006904                HAL_RCC_GetSysClockFreq
 .text.HAL_RCC_GetHCLKFreq
                0x080069ac       0x14 ./Drivers/STM32F1xx_HAL_Driver/Src/stm32f1xx_hal_rcc.o
                0x080069ac                HAL_RCC_GetHCLKFreq
 .text.HAL_RCC_GetPCLK1Freq
                0x080069c0       0x28 ./Drivers/STM32F1xx_HAL_Driver/Src/stm32f1xx_hal_rcc.o
                0x080069c0                HAL_RCC_GetPCLK1Freq
 .text.HAL_RCC_GetPCLK2Freq
                0x080069e8       0x28 ./Drivers/STM32F1xx_HAL_Driver/Src/stm32f1xx_hal_rcc.o
                0x080069e8                HAL_RCC_GetPCLK2Freq
 .text.RCC_Delay
                0x08006a10       0x3c ./Drivers/STM32F1xx_HAL_Driver/Src/stm32f1xx_hal_rcc.o
 .text.HAL_RCCEx_PeriphCLKConfig
                0x08006a4c      0x16c ./Drivers/STM32F1xx_HAL_Driver/Src/stm32f1xx_hal_rcc_ex.o
                0x08006a4c                HAL_RCCEx_PeriphCLKConfig
 .text.HAL_RCCEx_GetPeriphCLKFreq
                0x08006bb8      0x16c ./Drivers/STM32F1xx_HAL_Driver/Src/stm32f1xx_hal_rcc_ex.o
                0x08006bb8                HAL_RCCEx_GetPeriphCLKFreq
 .text.HAL_TIM_Base_Init
                0x08006d24       0x9e ./Drivers/STM32F1xx_HAL_Driver/Src/stm32f1xx_hal_tim.o
                0x08006d24                HAL_TIM_Base_Init
 *fill*         0x08006dc2        0x2 
 .text.HAL_TIM_Base_Start_IT
                0x08006dc4       0xa4 ./Drivers/STM32F1xx_HAL_Driver/Src/stm32f1xx_hal_tim.o
                0x08006dc4                HAL_TIM_Base_Start_IT
 .text.HAL_TIM_PWM_Init
                0x08006e68       0x9e ./Drivers/STM32F1xx_HAL_Driver/Src/stm32f1xx_hal_tim.o
                0x08006e68                HAL_TIM_PWM_Init
 .text.HAL_TIM_PWM_MspInit
                0x08006f06       0x12 ./Drivers/STM32F1xx_HAL_Driver/Src/stm32f1xx_hal_tim.o
                0x08006f06                HAL_TIM_PWM_MspInit
 .text.HAL_TIM_PWM_Start
                0x08006f18      0x144 ./Drivers/STM32F1xx_HAL_Driver/Src/stm32f1xx_hal_tim.o
                0x08006f18                HAL_TIM_PWM_Start
 .text.HAL_TIM_IRQHandler
                0x0800705c      0x1e0 ./Drivers/STM32F1xx_HAL_Driver/Src/stm32f1xx_hal_tim.o
                0x0800705c                HAL_TIM_IRQHandler
 .text.HAL_TIM_PWM_ConfigChannel
                0x0800723c      0x184 ./Drivers/STM32F1xx_HAL_Driver/Src/stm32f1xx_hal_tim.o
                0x0800723c                HAL_TIM_PWM_ConfigChannel
 .text.HAL_TIM_ConfigClockSource
                0x080073c0      0x18e ./Drivers/STM32F1xx_HAL_Driver/Src/stm32f1xx_hal_tim.o
                0x080073c0                HAL_TIM_ConfigClockSource
 .text.HAL_TIM_OC_DelayElapsedCallback
                0x0800754e       0x12 ./Drivers/STM32F1xx_HAL_Driver/Src/stm32f1xx_hal_tim.o
                0x0800754e                HAL_TIM_OC_DelayElapsedCallback
 .text.HAL_TIM_IC_CaptureCallback
                0x08007560       0x12 ./Drivers/STM32F1xx_HAL_Driver/Src/stm32f1xx_hal_tim.o
                0x08007560                HAL_TIM_IC_CaptureCallback
 .text.HAL_TIM_PWM_PulseFinishedCallback
                0x08007572       0x12 ./Drivers/STM32F1xx_HAL_Driver/Src/stm32f1xx_hal_tim.o
                0x08007572                HAL_TIM_PWM_PulseFinishedCallback
 .text.HAL_TIM_TriggerCallback
                0x08007584       0x12 ./Drivers/STM32F1xx_HAL_Driver/Src/stm32f1xx_hal_tim.o
                0x08007584                HAL_TIM_TriggerCallback
 *fill*         0x08007596        0x2 
 .text.TIM_Base_SetConfig
                0x08007598       0xdc ./Drivers/STM32F1xx_HAL_Driver/Src/stm32f1xx_hal_tim.o
                0x08007598                TIM_Base_SetConfig
 .text.TIM_OC1_SetConfig
                0x08007674       0xcc ./Drivers/STM32F1xx_HAL_Driver/Src/stm32f1xx_hal_tim.o
 .text.TIM_OC2_SetConfig
                0x08007740       0xd4 ./Drivers/STM32F1xx_HAL_Driver/Src/stm32f1xx_hal_tim.o
                0x08007740                TIM_OC2_SetConfig
 .text.TIM_OC3_SetConfig
                0x08007814       0xd4 ./Drivers/STM32F1xx_HAL_Driver/Src/stm32f1xx_hal_tim.o
 .text.TIM_OC4_SetConfig
                0x080078e8       0x9c ./Drivers/STM32F1xx_HAL_Driver/Src/stm32f1xx_hal_tim.o
 .text.TIM_TI1_ConfigInputStage
                0x08007984       0x5c ./Drivers/STM32F1xx_HAL_Driver/Src/stm32f1xx_hal_tim.o
 .text.TIM_TI2_ConfigInputStage
                0x080079e0       0x5e ./Drivers/STM32F1xx_HAL_Driver/Src/stm32f1xx_hal_tim.o
 .text.TIM_ITRx_SetConfig
                0x08007a3e       0x34 ./Drivers/STM32F1xx_HAL_Driver/Src/stm32f1xx_hal_tim.o
 .text.TIM_ETR_SetConfig
                0x08007a72       0x3e ./Drivers/STM32F1xx_HAL_Driver/Src/stm32f1xx_hal_tim.o
                0x08007a72                TIM_ETR_SetConfig
 .text.TIM_CCxChannelCmd
                0x08007ab0       0x48 ./Drivers/STM32F1xx_HAL_Driver/Src/stm32f1xx_hal_tim.o
                0x08007ab0                TIM_CCxChannelCmd
 .text.HAL_TIMEx_MasterConfigSynchronization
                0x08007af8       0xbc ./Drivers/STM32F1xx_HAL_Driver/Src/stm32f1xx_hal_tim_ex.o
                0x08007af8                HAL_TIMEx_MasterConfigSynchronization
 .text.HAL_TIMEx_CommutCallback
                0x08007bb4       0x12 ./Drivers/STM32F1xx_HAL_Driver/Src/stm32f1xx_hal_tim_ex.o
                0x08007bb4                HAL_TIMEx_CommutCallback
 .text.HAL_TIMEx_BreakCallback
                0x08007bc6       0x12 ./Drivers/STM32F1xx_HAL_Driver/Src/stm32f1xx_hal_tim_ex.o
                0x08007bc6                HAL_TIMEx_BreakCallback
 .text.HAL_UART_Init
                0x08007bd8       0xa0 ./Drivers/STM32F1xx_HAL_Driver/Src/stm32f1xx_hal_uart.o
                0x08007bd8                HAL_UART_Init
 .text.HAL_UART_Transmit
                0x08007c78      0x116 ./Drivers/STM32F1xx_HAL_Driver/Src/stm32f1xx_hal_uart.o
                0x08007c78                HAL_UART_Transmit
 .text.HAL_UART_Receive_IT
                0x08007d8e       0x4a ./Drivers/STM32F1xx_HAL_Driver/Src/stm32f1xx_hal_uart.o
                0x08007d8e                HAL_UART_Receive_IT
 .text.HAL_UART_IRQHandler
                0x08007dd8      0x524 ./Drivers/STM32F1xx_HAL_Driver/Src/stm32f1xx_hal_uart.o
                0x08007dd8                HAL_UART_IRQHandler
 .text.HAL_UART_TxCpltCallback
                0x080082fc       0x12 ./Drivers/STM32F1xx_HAL_Driver/Src/stm32f1xx_hal_uart.o
                0x080082fc                HAL_UART_TxCpltCallback
 .text.HAL_UART_ErrorCallback
                0x0800830e       0x12 ./Drivers/STM32F1xx_HAL_Driver/Src/stm32f1xx_hal_uart.o
                0x0800830e                HAL_UART_ErrorCallback
 .text.HAL_UARTEx_RxEventCallback
                0x08008320       0x16 ./Drivers/STM32F1xx_HAL_Driver/Src/stm32f1xx_hal_uart.o
                0x08008320                HAL_UARTEx_RxEventCallback
 .text.UART_WaitOnFlagUntilTimeout
                0x08008336       0xb2 ./Drivers/STM32F1xx_HAL_Driver/Src/stm32f1xx_hal_uart.o
 .text.UART_Start_Receive_IT
                0x080083e8       0x72 ./Drivers/STM32F1xx_HAL_Driver/Src/stm32f1xx_hal_uart.o
                0x080083e8                UART_Start_Receive_IT
 .text.UART_EndRxTransfer
                0x0800845a       0xc4 ./Drivers/STM32F1xx_HAL_Driver/Src/stm32f1xx_hal_uart.o
 .text.UART_DMAAbortOnError
                0x0800851e       0x28 ./Drivers/STM32F1xx_HAL_Driver/Src/stm32f1xx_hal_uart.o
 .text.UART_Transmit_IT
                0x08008546       0x9e ./Drivers/STM32F1xx_HAL_Driver/Src/stm32f1xx_hal_uart.o
 .text.UART_EndTransmit_IT
                0x080085e4       0x30 ./Drivers/STM32F1xx_HAL_Driver/Src/stm32f1xx_hal_uart.o
 .text.UART_Receive_IT
                0x08008614      0x17c ./Drivers/STM32F1xx_HAL_Driver/Src/stm32f1xx_hal_uart.o
 .text.UART_SetConfig
                0x08008790      0x11c ./Drivers/STM32F1xx_HAL_Driver/Src/stm32f1xx_hal_uart.o
 .text.USB_CoreInit
                0x080088ac       0x1a ./Drivers/STM32F1xx_HAL_Driver/Src/stm32f1xx_ll_usb.o
                0x080088ac                USB_CoreInit
 .text.USB_EnableGlobalInt
                0x080088c6       0x2c ./Drivers/STM32F1xx_HAL_Driver/Src/stm32f1xx_ll_usb.o
                0x080088c6                USB_EnableGlobalInt
 .text.USB_DisableGlobalInt
                0x080088f2       0x34 ./Drivers/STM32F1xx_HAL_Driver/Src/stm32f1xx_ll_usb.o
                0x080088f2                USB_DisableGlobalInt
 .text.USB_SetCurrentMode
                0x08008926       0x18 ./Drivers/STM32F1xx_HAL_Driver/Src/stm32f1xx_ll_usb.o
                0x08008926                USB_SetCurrentMode
 .text.USB_DevInit
                0x0800893e       0x3a ./Drivers/STM32F1xx_HAL_Driver/Src/stm32f1xx_ll_usb.o
                0x0800893e                USB_DevInit
 .text.USB_ActivateEndpoint
                0x08008978      0x780 ./Drivers/STM32F1xx_HAL_Driver/Src/stm32f1xx_ll_usb.o
                0x08008978                USB_ActivateEndpoint
 .text.USB_DeactivateEndpoint
                0x080090f8      0x3d8 ./Drivers/STM32F1xx_HAL_Driver/Src/stm32f1xx_ll_usb.o
                0x080090f8                USB_DeactivateEndpoint
 .text.USB_EPStartXfer
                0x080094d0     0x1762 ./Drivers/STM32F1xx_HAL_Driver/Src/stm32f1xx_ll_usb.o
                0x080094d0                USB_EPStartXfer
 .text.USB_EPSetStall
                0x0800ac32       0xa0 ./Drivers/STM32F1xx_HAL_Driver/Src/stm32f1xx_ll_usb.o
                0x0800ac32                USB_EPSetStall
 .text.USB_EPClearStall
                0x0800acd2      0x15a ./Drivers/STM32F1xx_HAL_Driver/Src/stm32f1xx_ll_usb.o
                0x0800acd2                USB_EPClearStall
 .text.USB_SetDevAddress
                0x0800ae2c       0x26 ./Drivers/STM32F1xx_HAL_Driver/Src/stm32f1xx_ll_usb.o
                0x0800ae2c                USB_SetDevAddress
 .text.USB_DevConnect
                0x0800ae52       0x14 ./Drivers/STM32F1xx_HAL_Driver/Src/stm32f1xx_ll_usb.o
                0x0800ae52                USB_DevConnect
 .text.USB_DevDisconnect
                0x0800ae66       0x14 ./Drivers/STM32F1xx_HAL_Driver/Src/stm32f1xx_ll_usb.o
                0x0800ae66                USB_DevDisconnect
 .text.USB_ReadInterrupts
                0x0800ae7a       0x1e ./Drivers/STM32F1xx_HAL_Driver/Src/stm32f1xx_ll_usb.o
                0x0800ae7a                USB_ReadInterrupts
 .text.USB_EP0_OutStart
                0x0800ae98       0x16 ./Drivers/STM32F1xx_HAL_Driver/Src/stm32f1xx_ll_usb.o
                0x0800ae98                USB_EP0_OutStart
 .text.USB_WritePMA
                0x0800aeae       0x8c ./Drivers/STM32F1xx_HAL_Driver/Src/stm32f1xx_ll_usb.o
                0x0800aeae                USB_WritePMA
 .text.USB_ReadPMA
                0x0800af3a       0x9e ./Drivers/STM32F1xx_HAL_Driver/Src/stm32f1xx_ll_usb.o
                0x0800af3a                USB_ReadPMA
 .text.USBD_CDC_Init
                0x0800afd8       0xf4 ./Middlewares/ST/STM32_USB_Device_Library/Class/CDC/Src/usbd_cdc.o
 .text.USBD_CDC_DeInit
                0x0800b0cc       0x6e ./Middlewares/ST/STM32_USB_Device_Library/Class/CDC/Src/usbd_cdc.o
 .text.USBD_CDC_Setup
                0x0800b13a      0x146 ./Middlewares/ST/STM32_USB_Device_Library/Class/CDC/Src/usbd_cdc.o
 .text.USBD_CDC_DataIn
                0x0800b280       0xa6 ./Middlewares/ST/STM32_USB_Device_Library/Class/CDC/Src/usbd_cdc.o
 .text.USBD_CDC_DataOut
                0x0800b326       0x56 ./Middlewares/ST/STM32_USB_Device_Library/Class/CDC/Src/usbd_cdc.o
 .text.USBD_CDC_EP0_RxReady
                0x0800b37c       0x4e ./Middlewares/ST/STM32_USB_Device_Library/Class/CDC/Src/usbd_cdc.o
 *fill*         0x0800b3ca        0x2 
 .text.USBD_CDC_GetFSCfgDesc
                0x0800b3cc       0x20 ./Middlewares/ST/STM32_USB_Device_Library/Class/CDC/Src/usbd_cdc.o
 .text.USBD_CDC_GetHSCfgDesc
                0x0800b3ec       0x20 ./Middlewares/ST/STM32_USB_Device_Library/Class/CDC/Src/usbd_cdc.o
 .text.USBD_CDC_GetOtherSpeedCfgDesc
                0x0800b40c       0x20 ./Middlewares/ST/STM32_USB_Device_Library/Class/CDC/Src/usbd_cdc.o
 .text.USBD_CDC_GetDeviceQualifierDescriptor
                0x0800b42c       0x20 ./Middlewares/ST/STM32_USB_Device_Library/Class/CDC/Src/usbd_cdc.o
                0x0800b42c                USBD_CDC_GetDeviceQualifierDescriptor
 .text.USBD_CDC_RegisterInterface
                0x0800b44c       0x2c ./Middlewares/ST/STM32_USB_Device_Library/Class/CDC/Src/usbd_cdc.o
                0x0800b44c                USBD_CDC_RegisterInterface
 .text.USBD_CDC_SetTxBuffer
                0x0800b478       0x32 ./Middlewares/ST/STM32_USB_Device_Library/Class/CDC/Src/usbd_cdc.o
                0x0800b478                USBD_CDC_SetTxBuffer
 .text.USBD_CDC_SetRxBuffer
                0x0800b4aa       0x26 ./Middlewares/ST/STM32_USB_Device_Library/Class/CDC/Src/usbd_cdc.o
                0x0800b4aa                USBD_CDC_SetRxBuffer
 .text.USBD_CDC_TransmitPacket
                0x0800b4d0       0x5e ./Middlewares/ST/STM32_USB_Device_Library/Class/CDC/Src/usbd_cdc.o
                0x0800b4d0                USBD_CDC_TransmitPacket
 .text.USBD_CDC_ReceivePacket
                0x0800b52e       0x54 ./Middlewares/ST/STM32_USB_Device_Library/Class/CDC/Src/usbd_cdc.o
                0x0800b52e                USBD_CDC_ReceivePacket
 .text.USBD_Init
                0x0800b582       0x56 ./Middlewares/ST/STM32_USB_Device_Library/Core/Src/usbd_core.o
                0x0800b582                USBD_Init
 .text.USBD_RegisterClass
                0x0800b5d8       0x32 ./Middlewares/ST/STM32_USB_Device_Library/Core/Src/usbd_core.o
                0x0800b5d8                USBD_RegisterClass
 .text.USBD_Start
                0x0800b60a       0x18 ./Middlewares/ST/STM32_USB_Device_Library/Core/Src/usbd_core.o
                0x0800b60a                USBD_Start
 .text.USBD_RunTestMode
                0x0800b622       0x14 ./Middlewares/ST/STM32_USB_Device_Library/Core/Src/usbd_core.o
                0x0800b622                USBD_RunTestMode
 .text.USBD_SetClassConfig
                0x0800b636       0x3e ./Middlewares/ST/STM32_USB_Device_Library/Core/Src/usbd_core.o
                0x0800b636                USBD_SetClassConfig
 .text.USBD_ClrClassConfig
                0x0800b674       0x26 ./Middlewares/ST/STM32_USB_Device_Library/Core/Src/usbd_core.o
                0x0800b674                USBD_ClrClassConfig
 .text.USBD_LL_SetupStage
                0x0800b69a       0x9a ./Middlewares/ST/STM32_USB_Device_Library/Core/Src/usbd_core.o
                0x0800b69a                USBD_LL_SetupStage
 .text.USBD_LL_DataOutStage
                0x0800b734       0xe2 ./Middlewares/ST/STM32_USB_Device_Library/Core/Src/usbd_core.o
                0x0800b734                USBD_LL_DataOutStage
 .text.USBD_LL_DataInStage
                0x0800b816      0x14a ./Middlewares/ST/STM32_USB_Device_Library/Core/Src/usbd_core.o
                0x0800b816                USBD_LL_DataInStage
 .text.USBD_LL_Reset
                0x0800b960       0x82 ./Middlewares/ST/STM32_USB_Device_Library/Core/Src/usbd_core.o
                0x0800b960                USBD_LL_Reset
 .text.USBD_LL_SetSpeed
                0x0800b9e2       0x1e ./Middlewares/ST/STM32_USB_Device_Library/Core/Src/usbd_core.o
                0x0800b9e2                USBD_LL_SetSpeed
 .text.USBD_LL_Suspend
                0x0800ba00       0x28 ./Middlewares/ST/STM32_USB_Device_Library/Core/Src/usbd_core.o
                0x0800ba00                USBD_LL_Suspend
 .text.USBD_LL_Resume
                0x0800ba28       0x2a ./Middlewares/ST/STM32_USB_Device_Library/Core/Src/usbd_core.o
                0x0800ba28                USBD_LL_Resume
 .text.USBD_LL_SOF
                0x0800ba52       0x34 ./Middlewares/ST/STM32_USB_Device_Library/Core/Src/usbd_core.o
                0x0800ba52                USBD_LL_SOF
 *fill*         0x0800ba86        0x2 
 .text.USBD_StdDevReq
                0x0800ba88       0xd4 ./Middlewares/ST/STM32_USB_Device_Library/Core/Src/usbd_ctlreq.o
                0x0800ba88                USBD_StdDevReq
 .text.USBD_StdItfReq
                0x0800bb5c       0x90 ./Middlewares/ST/STM32_USB_Device_Library/Core/Src/usbd_ctlreq.o
                0x0800bb5c                USBD_StdItfReq
 .text.USBD_StdEPReq
                0x0800bbec      0x2c6 ./Middlewares/ST/STM32_USB_Device_Library/Core/Src/usbd_ctlreq.o
                0x0800bbec                USBD_StdEPReq
 *fill*         0x0800beb2        0x2 
 .text.USBD_GetDescriptor
                0x0800beb4      0x2d0 ./Middlewares/ST/STM32_USB_Device_Library/Core/Src/usbd_ctlreq.o
 .text.USBD_SetAddress
                0x0800c184       0x86 ./Middlewares/ST/STM32_USB_Device_Library/Core/Src/usbd_ctlreq.o
 *fill*         0x0800c20a        0x2 
 .text.USBD_SetConfig
                0x0800c20c      0x11c ./Middlewares/ST/STM32_USB_Device_Library/Core/Src/usbd_ctlreq.o
 .text.USBD_GetConfig
                0x0800c328       0x6a ./Middlewares/ST/STM32_USB_Device_Library/Core/Src/usbd_ctlreq.o
 .text.USBD_GetStatus
                0x0800c392       0x66 ./Middlewares/ST/STM32_USB_Device_Library/Core/Src/usbd_ctlreq.o
 .text.USBD_SetFeature
                0x0800c3f8       0x28 ./Middlewares/ST/STM32_USB_Device_Library/Core/Src/usbd_ctlreq.o
 .text.USBD_ClrFeature
                0x0800c420       0x42 ./Middlewares/ST/STM32_USB_Device_Library/Core/Src/usbd_ctlreq.o
 .text.USBD_ParseSetupRequest
                0x0800c462       0x72 ./Middlewares/ST/STM32_USB_Device_Library/Core/Src/usbd_ctlreq.o
                0x0800c462                USBD_ParseSetupRequest
 .text.USBD_CtlError
                0x0800c4d4       0x22 ./Middlewares/ST/STM32_USB_Device_Library/Core/Src/usbd_ctlreq.o
                0x0800c4d4                USBD_CtlError
 .text.USBD_GetString
                0x0800c4f6       0x84 ./Middlewares/ST/STM32_USB_Device_Library/Core/Src/usbd_ctlreq.o
                0x0800c4f6                USBD_GetString
 .text.USBD_GetLen
                0x0800c57a       0x2e ./Middlewares/ST/STM32_USB_Device_Library/Core/Src/usbd_ctlreq.o
 .text.USBD_CtlSendData
                0x0800c5a8       0x38 ./Middlewares/ST/STM32_USB_Device_Library/Core/Src/usbd_ioreq.o
                0x0800c5a8                USBD_CtlSendData
 .text.USBD_CtlContinueSendData
                0x0800c5e0       0x24 ./Middlewares/ST/STM32_USB_Device_Library/Core/Src/usbd_ioreq.o
                0x0800c5e0                USBD_CtlContinueSendData
 .text.USBD_CtlPrepareRx
                0x0800c604       0x3c ./Middlewares/ST/STM32_USB_Device_Library/Core/Src/usbd_ioreq.o
                0x0800c604                USBD_CtlPrepareRx
 .text.USBD_CtlContinueRx
                0x0800c640       0x24 ./Middlewares/ST/STM32_USB_Device_Library/Core/Src/usbd_ioreq.o
                0x0800c640                USBD_CtlContinueRx
 .text.USBD_CtlSendStatus
                0x0800c664       0x26 ./Middlewares/ST/STM32_USB_Device_Library/Core/Src/usbd_ioreq.o
                0x0800c664                USBD_CtlSendStatus
 .text.USBD_CtlReceiveStatus
                0x0800c68a       0x26 ./Middlewares/ST/STM32_USB_Device_Library/Core/Src/usbd_ioreq.o
                0x0800c68a                USBD_CtlReceiveStatus
 .text.MX_USB_DEVICE_Init
                0x0800c6b0       0x60 ./USB_DEVICE/App/usb_device.o
                0x0800c6b0                MX_USB_DEVICE_Init
 .text.CDC_Init_FS
                0x0800c710       0x28 ./USB_DEVICE/App/usbd_cdc_if.o
 .text.CDC_DeInit_FS
                0x0800c738        0xe ./USB_DEVICE/App/usbd_cdc_if.o
 *fill*         0x0800c746        0x2 
 .text.CDC_Control_FS
                0x0800c748       0xbc ./USB_DEVICE/App/usbd_cdc_if.o
 .text.CDC_Receive_FS
                0x0800c804       0x74 ./USB_DEVICE/App/usbd_cdc_if.o
 .text.CDC_Transmit_FS
                0x0800c878       0x4c ./USB_DEVICE/App/usbd_cdc_if.o
                0x0800c878                CDC_Transmit_FS
 .text.USBD_FS_DeviceDescriptor
                0x0800c8c4       0x24 ./USB_DEVICE/App/usbd_desc.o
                0x0800c8c4                USBD_FS_DeviceDescriptor
 .text.USBD_FS_LangIDStrDescriptor
                0x0800c8e8       0x24 ./USB_DEVICE/App/usbd_desc.o
                0x0800c8e8                USBD_FS_LangIDStrDescriptor
 .text.USBD_FS_ProductStrDescriptor
                0x0800c90c       0x3c ./USB_DEVICE/App/usbd_desc.o
                0x0800c90c                USBD_FS_ProductStrDescriptor
 .text.USBD_FS_ManufacturerStrDescriptor
                0x0800c948       0x28 ./USB_DEVICE/App/usbd_desc.o
                0x0800c948                USBD_FS_ManufacturerStrDescriptor
 .text.USBD_FS_SerialStrDescriptor
                0x0800c970       0x24 ./USB_DEVICE/App/usbd_desc.o
                0x0800c970                USBD_FS_SerialStrDescriptor
 .text.USBD_FS_ConfigStrDescriptor
                0x0800c994       0x3c ./USB_DEVICE/App/usbd_desc.o
                0x0800c994                USBD_FS_ConfigStrDescriptor
 .text.USBD_FS_InterfaceStrDescriptor
                0x0800c9d0       0x3c ./USB_DEVICE/App/usbd_desc.o
                0x0800c9d0                USBD_FS_InterfaceStrDescriptor
 .text.Get_SerialNum
                0x0800ca0c       0x58 ./USB_DEVICE/App/usbd_desc.o
 .text.IntToUnicode
                0x0800ca64       0x7c ./USB_DEVICE/App/usbd_desc.o
 .text.HAL_PCD_MspInit
                0x0800cae0       0x4c ./USB_DEVICE/Target/usbd_conf.o
                0x0800cae0                HAL_PCD_MspInit
 .text.HAL_PCD_SetupStageCallback
                0x0800cb2c       0x24 ./USB_DEVICE/Target/usbd_conf.o
                0x0800cb2c                HAL_PCD_SetupStageCallback
 .text.HAL_PCD_DataOutStageCallback
                0x0800cb50       0x36 ./USB_DEVICE/Target/usbd_conf.o
                0x0800cb50                HAL_PCD_DataOutStageCallback
 .text.HAL_PCD_DataInStageCallback
                0x0800cb86       0x34 ./USB_DEVICE/Target/usbd_conf.o
                0x0800cb86                HAL_PCD_DataInStageCallback
 .text.HAL_PCD_SOFCallback
                0x0800cbba       0x1c ./USB_DEVICE/Target/usbd_conf.o
                0x0800cbba                HAL_PCD_SOFCallback
 .text.HAL_PCD_ResetCallback
                0x0800cbd6       0x3c ./USB_DEVICE/Target/usbd_conf.o
                0x0800cbd6                HAL_PCD_ResetCallback
 *fill*         0x0800cc12        0x2 
 .text.HAL_PCD_SuspendCallback
                0x0800cc14       0x40 ./USB_DEVICE/Target/usbd_conf.o
                0x0800cc14                HAL_PCD_SuspendCallback
 .text.HAL_PCD_ResumeCallback
                0x0800cc54       0x1c ./USB_DEVICE/Target/usbd_conf.o
                0x0800cc54                HAL_PCD_ResumeCallback
 .text.USBD_LL_Init
                0x0800cc70       0xb4 ./USB_DEVICE/Target/usbd_conf.o
                0x0800cc70                USBD_LL_Init
 .text.USBD_LL_Start
                0x0800cd24       0x36 ./USB_DEVICE/Target/usbd_conf.o
                0x0800cd24                USBD_LL_Start
 .text.USBD_LL_OpenEP
                0x0800cd5a       0x4c ./USB_DEVICE/Target/usbd_conf.o
                0x0800cd5a                USBD_LL_OpenEP
 .text.USBD_LL_CloseEP
                0x0800cda6       0x3e ./USB_DEVICE/Target/usbd_conf.o
                0x0800cda6                USBD_LL_CloseEP
 .text.USBD_LL_StallEP
                0x0800cde4       0x3e ./USB_DEVICE/Target/usbd_conf.o
                0x0800cde4                USBD_LL_StallEP
 .text.USBD_LL_ClearStallEP
                0x0800ce22       0x3e ./USB_DEVICE/Target/usbd_conf.o
                0x0800ce22                USBD_LL_ClearStallEP
 .text.USBD_LL_IsStallEP
                0x0800ce60       0x56 ./USB_DEVICE/Target/usbd_conf.o
                0x0800ce60                USBD_LL_IsStallEP
 .text.USBD_LL_SetUSBAddress
                0x0800ceb6       0x3e ./USB_DEVICE/Target/usbd_conf.o
                0x0800ceb6                USBD_LL_SetUSBAddress
 .text.USBD_LL_Transmit
                0x0800cef4       0x46 ./USB_DEVICE/Target/usbd_conf.o
                0x0800cef4                USBD_LL_Transmit
 .text.USBD_LL_PrepareReceive
                0x0800cf3a       0x46 ./USB_DEVICE/Target/usbd_conf.o
                0x0800cf3a                USBD_LL_PrepareReceive
 .text.USBD_LL_GetRxDataSize
                0x0800cf80       0x26 ./USB_DEVICE/Target/usbd_conf.o
                0x0800cf80                USBD_LL_GetRxDataSize
 *fill*         0x0800cfa6        0x2 
 .text.USBD_static_malloc
                0x0800cfa8       0x18 ./USB_DEVICE/Target/usbd_conf.o
                0x0800cfa8                USBD_static_malloc
 .text.USBD_static_free
                0x0800cfc0       0x12 ./USB_DEVICE/Target/usbd_conf.o
                0x0800cfc0                USBD_static_free
 .text.HAL_PCDEx_SetConnectionState
                0x0800cfd2       0x16 ./USB_DEVICE/Target/usbd_conf.o
                0x0800cfd2                HAL_PCDEx_SetConnectionState
 .text.USBD_Get_USB_Status
                0x0800cfe8       0x58 ./USB_DEVICE/Target/usbd_conf.o
 .text.memset   0x0800d040       0x10 C:/ST/STM32CubeIDE_1.19.0/STM32CubeIDE/plugins/com.st.stm32cube.ide.mcu.externaltools.gnu-tools-for-stm32.13.3.rel1.win32_1.0.0.202411081344/tools/bin/../lib/gcc/arm-none-eabi/13.3.1/../../../../arm-none-eabi/lib/thumb/v7-m/nofp\libc_nano.a(libc_a-memset.o)
                0x0800d040                memset
 .text.__errno  0x0800d050        0xc C:/ST/STM32CubeIDE_1.19.0/STM32CubeIDE/plugins/com.st.stm32cube.ide.mcu.externaltools.gnu-tools-for-stm32.13.3.rel1.win32_1.0.0.202411081344/tools/bin/../lib/gcc/arm-none-eabi/13.3.1/../../../../arm-none-eabi/lib/thumb/v7-m/nofp\libc_nano.a(libc_a-errno.o)
                0x0800d050                __errno
 .text.__libc_init_array
                0x0800d05c       0x48 C:/ST/STM32CubeIDE_1.19.0/STM32CubeIDE/plugins/com.st.stm32cube.ide.mcu.externaltools.gnu-tools-for-stm32.13.3.rel1.win32_1.0.0.202411081344/tools/bin/../lib/gcc/arm-none-eabi/13.3.1/../../../../arm-none-eabi/lib/thumb/v7-m/nofp\libc_nano.a(libc_a-init.o)
                0x0800d05c                __libc_init_array
 .text.memcpy   0x0800d0a4       0x1c C:/ST/STM32CubeIDE_1.19.0/STM32CubeIDE/plugins/com.st.stm32cube.ide.mcu.externaltools.gnu-tools-for-stm32.13.3.rel1.win32_1.0.0.202411081344/tools/bin/../lib/gcc/arm-none-eabi/13.3.1/../../../../arm-none-eabi/lib/thumb/v7-m/nofp\libc_nano.a(libc_a-memcpy-stub.o)
                0x0800d0a4                memcpy
 .text.log      0x0800d0c0       0x64 C:/ST/STM32CubeIDE_1.19.0/STM32CubeIDE/plugins/com.st.stm32cube.ide.mcu.externaltools.gnu-tools-for-stm32.13.3.rel1.win32_1.0.0.202411081344/tools/bin/../lib/gcc/arm-none-eabi/13.3.1/../../../../arm-none-eabi/lib/thumb/v7-m/nofp\libm.a(libm_a-w_log.o)
                0x0800d0c0                log
 .text.sqrtf    0x0800d124       0x34 C:/ST/STM32CubeIDE_1.19.0/STM32CubeIDE/plugins/com.st.stm32cube.ide.mcu.externaltools.gnu-tools-for-stm32.13.3.rel1.win32_1.0.0.202411081344/tools/bin/../lib/gcc/arm-none-eabi/13.3.1/../../../../arm-none-eabi/lib/thumb/v7-m/nofp\libm.a(libm_a-wf_sqrt.o)
                0x0800d124                sqrtf
 .text.nan      0x0800d158        0xc C:/ST/STM32CubeIDE_1.19.0/STM32CubeIDE/plugins/com.st.stm32cube.ide.mcu.externaltools.gnu-tools-for-stm32.13.3.rel1.win32_1.0.0.202411081344/tools/bin/../lib/gcc/arm-none-eabi/13.3.1/../../../../arm-none-eabi/lib/thumb/v7-m/nofp\libm.a(libm_a-s_nan.o)
                0x0800d158                nan
 .text.fmaxf    0x0800d164       0x2a C:/ST/STM32CubeIDE_1.19.0/STM32CubeIDE/plugins/com.st.stm32cube.ide.mcu.externaltools.gnu-tools-for-stm32.13.3.rel1.win32_1.0.0.202411081344/tools/bin/../lib/gcc/arm-none-eabi/13.3.1/../../../../arm-none-eabi/lib/thumb/v7-m/nofp\libm.a(libm_a-sf_fmax.o)
                0x0800d164                fmaxf
 *fill*         0x0800d18e        0x2 
 .text.__fpclassifyf
                0x0800d190       0x34 C:/ST/STM32CubeIDE_1.19.0/STM32CubeIDE/plugins/com.st.stm32cube.ide.mcu.externaltools.gnu-tools-for-stm32.13.3.rel1.win32_1.0.0.202411081344/tools/bin/../lib/gcc/arm-none-eabi/13.3.1/../../../../arm-none-eabi/lib/thumb/v7-m/nofp\libm.a(libm_a-sf_fpclassify.o)
                0x0800d190                __fpclassifyf
 .text.__ieee754_sqrtf
                0x0800d1c4       0xe0 C:/ST/STM32CubeIDE_1.19.0/STM32CubeIDE/plugins/com.st.stm32cube.ide.mcu.externaltools.gnu-tools-for-stm32.13.3.rel1.win32_1.0.0.202411081344/tools/bin/../lib/gcc/arm-none-eabi/13.3.1/../../../../arm-none-eabi/lib/thumb/v7-m/nofp\libm.a(libm_a-ef_sqrt.o)
                0x0800d1c4                __ieee754_sqrtf
 *fill*         0x0800d2a4        0x4 
 .text.__ieee754_log
                0x0800d2a8      0x364 C:/ST/STM32CubeIDE_1.19.0/STM32CubeIDE/plugins/com.st.stm32cube.ide.mcu.externaltools.gnu-tools-for-stm32.13.3.rel1.win32_1.0.0.202411081344/tools/bin/../lib/gcc/arm-none-eabi/13.3.1/../../../../arm-none-eabi/lib/thumb/v7-m/nofp\libm.a(libm_a-e_log.o)
                0x0800d2a8                __ieee754_log
 *(.glue_7)
 .glue_7        0x0800d60c        0x0 linker stubs
 *(.glue_7t)
 .glue_7t       0x0800d60c        0x0 linker stubs
 *(.eh_frame)
 .eh_frame      0x0800d60c        0x0 C:/ST/STM32CubeIDE_1.19.0/STM32CubeIDE/plugins/com.st.stm32cube.ide.mcu.externaltools.gnu-tools-for-stm32.13.3.rel1.win32_1.0.0.202411081344/tools/bin/../lib/gcc/arm-none-eabi/13.3.1/thumb/v7-m/nofp/crtbegin.o
 *(.init)
 .init          0x0800d60c        0x4 C:/ST/STM32CubeIDE_1.19.0/STM32CubeIDE/plugins/com.st.stm32cube.ide.mcu.externaltools.gnu-tools-for-stm32.13.3.rel1.win32_1.0.0.202411081344/tools/bin/../lib/gcc/arm-none-eabi/13.3.1/thumb/v7-m/nofp/crti.o
                0x0800d60c                _init
 .init          0x0800d610        0x8 C:/ST/STM32CubeIDE_1.19.0/STM32CubeIDE/plugins/com.st.stm32cube.ide.mcu.externaltools.gnu-tools-for-stm32.13.3.rel1.win32_1.0.0.202411081344/tools/bin/../lib/gcc/arm-none-eabi/13.3.1/thumb/v7-m/nofp/crtn.o
 *(.fini)
 .fini          0x0800d618        0x4 C:/ST/STM32CubeIDE_1.19.0/STM32CubeIDE/plugins/com.st.stm32cube.ide.mcu.externaltools.gnu-tools-for-stm32.13.3.rel1.win32_1.0.0.202411081344/tools/bin/../lib/gcc/arm-none-eabi/13.3.1/thumb/v7-m/nofp/crti.o
                0x0800d618                _fini
 .fini          0x0800d61c        0x8 C:/ST/STM32CubeIDE_1.19.0/STM32CubeIDE/plugins/com.st.stm32cube.ide.mcu.externaltools.gnu-tools-for-stm32.13.3.rel1.win32_1.0.0.202411081344/tools/bin/../lib/gcc/arm-none-eabi/13.3.1/thumb/v7-m/nofp/crtn.o
                0x0800d624                        . = ALIGN (0x4)
                0x0800d624                        _etext = .

.vfp11_veneer   0x0800d624        0x0
 .vfp11_veneer  0x0800d624        0x0 linker stubs

.v4_bx          0x0800d624        0x0
 .v4_bx         0x0800d624        0x0 linker stubs

.iplt           0x0800d624        0x0
 .iplt          0x0800d624        0x0 C:/ST/STM32CubeIDE_1.19.0/STM32CubeIDE/plugins/com.st.stm32cube.ide.mcu.externaltools.gnu-tools-for-stm32.13.3.rel1.win32_1.0.0.202411081344/tools/bin/../lib/gcc/arm-none-eabi/13.3.1/thumb/v7-m/nofp/crtbegin.o

.rodata         0x0800d624      0x1a8
                0x0800d624                        . = ALIGN (0x4)
 *(.rodata)
 .rodata        0x0800d624       0x28 ./Core/Src/Result_interpretation.o
 .rodata        0x0800d64c       0xa0 ./Core/Src/main.o
 .rodata        0x0800d6ec        0xf ./USB_DEVICE/App/usbd_cdc_if.o
 *fill*         0x0800d6fb        0x1 
 .rodata        0x0800d6fc       0x46 ./USB_DEVICE/App/usbd_desc.o
 *(.rodata*)
 *fill*         0x0800d742        0x2 
 .rodata.LED_Map
                0x0800d744       0x40 ./Core/Src/main.o
 .rodata.AHBPrescTable
                0x0800d784       0x10 ./Core/Src/system_stm32f1xx.o
                0x0800d784                AHBPrescTable
 .rodata.APBPrescTable
                0x0800d794        0x8 ./Core/Src/system_stm32f1xx.o
                0x0800d794                APBPrescTable
 .rodata.aPLLMULFactorTable.1
                0x0800d79c       0x10 ./Drivers/STM32F1xx_HAL_Driver/Src/stm32f1xx_hal_rcc.o
 .rodata.aPredivFactorTable.0
                0x0800d7ac        0x2 ./Drivers/STM32F1xx_HAL_Driver/Src/stm32f1xx_hal_rcc.o
 *fill*         0x0800d7ae        0x2 
 .rodata.aPLLMULFactorTable.1
                0x0800d7b0       0x10 ./Drivers/STM32F1xx_HAL_Driver/Src/stm32f1xx_hal_rcc_ex.o
 .rodata.aPredivFactorTable.0
                0x0800d7c0        0x2 ./Drivers/STM32F1xx_HAL_Driver/Src/stm32f1xx_hal_rcc_ex.o
 .rodata.log.str1.1
                0x0800d7c2        0x1 C:/ST/STM32CubeIDE_1.19.0/STM32CubeIDE/plugins/com.st.stm32cube.ide.mcu.externaltools.gnu-tools-for-stm32.13.3.rel1.win32_1.0.0.202411081344/tools/bin/../lib/gcc/arm-none-eabi/13.3.1/../../../../arm-none-eabi/lib/thumb/v7-m/nofp\libm.a(libm_a-w_log.o)
 *fill*         0x0800d7c3        0x1 
 .rodata.tiny   0x0800d7c4        0x4 C:/ST/STM32CubeIDE_1.19.0/STM32CubeIDE/plugins/com.st.stm32cube.ide.mcu.externaltools.gnu-tools-for-stm32.13.3.rel1.win32_1.0.0.202411081344/tools/bin/../lib/gcc/arm-none-eabi/13.3.1/../../../../arm-none-eabi/lib/thumb/v7-m/nofp\libm.a(libm_a-ef_sqrt.o)
 .rodata.one    0x0800d7c8        0x4 C:/ST/STM32CubeIDE_1.19.0/STM32CubeIDE/plugins/com.st.stm32cube.ide.mcu.externaltools.gnu-tools-for-stm32.13.3.rel1.win32_1.0.0.202411081344/tools/bin/../lib/gcc/arm-none-eabi/13.3.1/../../../../arm-none-eabi/lib/thumb/v7-m/nofp\libm.a(libm_a-ef_sqrt.o)
                0x0800d7cc                        . = ALIGN (0x4)

.ARM.extab      0x0800d7cc        0x0
                0x0800d7cc                        . = ALIGN (0x4)
 *(.ARM.extab* .gnu.linkonce.armextab.*)
                0x0800d7cc                        . = ALIGN (0x4)

.ARM            0x0800d7cc        0x8
                0x0800d7cc                        . = ALIGN (0x4)
                0x0800d7cc                        __exidx_start = .
 *(.ARM.exidx*)
 .ARM.exidx     0x0800d7cc        0x8 C:/ST/STM32CubeIDE_1.19.0/STM32CubeIDE/plugins/com.st.stm32cube.ide.mcu.externaltools.gnu-tools-for-stm32.13.3.rel1.win32_1.0.0.202411081344/tools/bin/../lib/gcc/arm-none-eabi/13.3.1/../../../../arm-none-eabi/lib/thumb/v7-m/nofp\libc_nano.a(libc_a-strcmp.o)
 .ARM.exidx     0x0800d7d4        0x0 C:/ST/STM32CubeIDE_1.19.0/STM32CubeIDE/plugins/com.st.stm32cube.ide.mcu.externaltools.gnu-tools-for-stm32.13.3.rel1.win32_1.0.0.202411081344/tools/bin/../lib/gcc/arm-none-eabi/13.3.1/../../../../arm-none-eabi/lib/thumb/v7-m/nofp\libc_nano.a(libc_a-strlen.o)
                                  0x8 (size before relaxing)
                0x0800d7d4                        __exidx_end = .
                0x0800d7d4                        . = ALIGN (0x4)

.preinit_array  0x0800d7d4        0x0
                0x0800d7d4                        . = ALIGN (0x4)
                0x0800d7d4                        PROVIDE (__preinit_array_start = .)
 *(.preinit_array*)
                0x0800d7d4                        PROVIDE (__preinit_array_end = .)
                0x0800d7d4                        . = ALIGN (0x4)

.init_array     0x0800d7d4        0x4
                0x0800d7d4                        . = ALIGN (0x4)
                0x0800d7d4                        PROVIDE (__init_array_start = .)
 *(SORT_BY_NAME(.init_array.*))
 *(.init_array*)
 .init_array    0x0800d7d4        0x4 C:/ST/STM32CubeIDE_1.19.0/STM32CubeIDE/plugins/com.st.stm32cube.ide.mcu.externaltools.gnu-tools-for-stm32.13.3.rel1.win32_1.0.0.202411081344/tools/bin/../lib/gcc/arm-none-eabi/13.3.1/thumb/v7-m/nofp/crtbegin.o
                0x0800d7d8                        PROVIDE (__init_array_end = .)
                0x0800d7d8                        . = ALIGN (0x4)

.fini_array     0x0800d7d8        0x4
                0x0800d7d8                        . = ALIGN (0x4)
                [!provide]                        PROVIDE (__fini_array_start = .)
 *(SORT_BY_NAME(.fini_array.*))
 *(.fini_array*)
 .fini_array    0x0800d7d8        0x4 C:/ST/STM32CubeIDE_1.19.0/STM32CubeIDE/plugins/com.st.stm32cube.ide.mcu.externaltools.gnu-tools-for-stm32.13.3.rel1.win32_1.0.0.202411081344/tools/bin/../lib/gcc/arm-none-eabi/13.3.1/thumb/v7-m/nofp/crtbegin.o
                [!provide]                        PROVIDE (__fini_array_end = .)
                0x0800d7dc                        . = ALIGN (0x4)
                0x0800d7dc                        _sidata = LOADADDR (.data)

.rel.dyn        0x0800d7dc        0x0
 .rel.iplt      0x0800d7dc        0x0 C:/ST/STM32CubeIDE_1.19.0/STM32CubeIDE/plugins/com.st.stm32cube.ide.mcu.externaltools.gnu-tools-for-stm32.13.3.rel1.win32_1.0.0.202411081344/tools/bin/../lib/gcc/arm-none-eabi/13.3.1/thumb/v7-m/nofp/crtbegin.o

.data           0x20000000      0x1d0 load address 0x0800d7dc
                0x20000000                        . = ALIGN (0x4)
                0x20000000                        _sdata = .
 *(.data)
 *(.data*)
 .data.Set_Target_Temp
                0x20000000        0x4 ./Core/Src/main.o
                0x20000000                Set_Target_Temp
 .data.SystemCoreClock
                0x20000004        0x4 ./Core/Src/system_stm32f1xx.o
                0x20000004                SystemCoreClock
 .data.uwTickPrio
                0x20000008        0x4 ./Drivers/STM32F1xx_HAL_Driver/Src/stm32f1xx_hal.o
                0x20000008                uwTickPrio
 .data.uwTickFreq
                0x2000000c        0x1 ./Drivers/STM32F1xx_HAL_Driver/Src/stm32f1xx_hal.o
                0x2000000c                uwTickFreq
 *fill*         0x2000000d        0x3 
 .data.USBD_CDC_DeviceQualifierDesc
                0x20000010        0xa ./Middlewares/ST/STM32_USB_Device_Library/Class/CDC/Src/usbd_cdc.o
 *fill*         0x2000001a        0x2 
 .data.USBD_CDC
                0x2000001c       0x38 ./Middlewares/ST/STM32_USB_Device_Library/Class/CDC/Src/usbd_cdc.o
                0x2000001c                USBD_CDC
 .data.USBD_CDC_CfgHSDesc
                0x20000054       0x43 ./Middlewares/ST/STM32_USB_Device_Library/Class/CDC/Src/usbd_cdc.o
                0x20000054                USBD_CDC_CfgHSDesc
 *fill*         0x20000097        0x1 
 .data.USBD_CDC_CfgFSDesc
                0x20000098       0x43 ./Middlewares/ST/STM32_USB_Device_Library/Class/CDC/Src/usbd_cdc.o
                0x20000098                USBD_CDC_CfgFSDesc
 *fill*         0x200000db        0x1 
 .data.USBD_CDC_OtherSpeedCfgDesc
                0x200000dc       0x43 ./Middlewares/ST/STM32_USB_Device_Library/Class/CDC/Src/usbd_cdc.o
                0x200000dc                USBD_CDC_OtherSpeedCfgDesc
 *fill*         0x2000011f        0x1 
 .data.USBD_Interface_fops_FS
                0x20000120       0x10 ./USB_DEVICE/App/usbd_cdc_if.o
                0x20000120                USBD_Interface_fops_FS
 .data.FS_Desc  0x20000130       0x1c ./USB_DEVICE/App/usbd_desc.o
                0x20000130                FS_Desc
 .data.USBD_FS_DeviceDesc
                0x2000014c       0x12 ./USB_DEVICE/App/usbd_desc.o
                0x2000014c                USBD_FS_DeviceDesc
 *fill*         0x2000015e        0x2 
 .data.USBD_LangIDDesc
                0x20000160        0x4 ./USB_DEVICE/App/usbd_desc.o
                0x20000160                USBD_LangIDDesc
 .data.USBD_StringSerial
                0x20000164       0x1a ./USB_DEVICE/App/usbd_desc.o
                0x20000164                USBD_StringSerial
 *fill*         0x2000017e        0x2 
 .data._impure_ptr
                0x20000180        0x4 C:/ST/STM32CubeIDE_1.19.0/STM32CubeIDE/plugins/com.st.stm32cube.ide.mcu.externaltools.gnu-tools-for-stm32.13.3.rel1.win32_1.0.0.202411081344/tools/bin/../lib/gcc/arm-none-eabi/13.3.1/../../../../arm-none-eabi/lib/thumb/v7-m/nofp\libc_nano.a(libc_a-impure.o)
                0x20000180                _impure_ptr
 .data._impure_data
                0x20000184       0x4c C:/ST/STM32CubeIDE_1.19.0/STM32CubeIDE/plugins/com.st.stm32cube.ide.mcu.externaltools.gnu-tools-for-stm32.13.3.rel1.win32_1.0.0.202411081344/tools/bin/../lib/gcc/arm-none-eabi/13.3.1/../../../../arm-none-eabi/lib/thumb/v7-m/nofp\libc_nano.a(libc_a-impure.o)
                0x20000184                _impure_data
 *(.RamFunc)
 *(.RamFunc*)
                0x200001d0                        . = ALIGN (0x4)
                0x200001d0                        _edata = .

.igot.plt       0x200001d0        0x0 load address 0x0800d9ac
 .igot.plt      0x200001d0        0x0 C:/ST/STM32CubeIDE_1.19.0/STM32CubeIDE/plugins/com.st.stm32cube.ide.mcu.externaltools.gnu-tools-for-stm32.13.3.rel1.win32_1.0.0.202411081344/tools/bin/../lib/gcc/arm-none-eabi/13.3.1/thumb/v7-m/nofp/crtbegin.o
                0x200001d0                        . = ALIGN (0x4)

.bss            0x200001d0     0x3698 load address 0x0800d9ac
                0x200001d0                        _sbss = .
                0x200001d0                        __bss_start__ = _sbss
 *(.bss)
 .bss           0x200001d0       0x1c C:/ST/STM32CubeIDE_1.19.0/STM32CubeIDE/plugins/com.st.stm32cube.ide.mcu.externaltools.gnu-tools-for-stm32.13.3.rel1.win32_1.0.0.202411081344/tools/bin/../lib/gcc/arm-none-eabi/13.3.1/thumb/v7-m/nofp/crtbegin.o
 *(.bss*)
 .bss.power     0x200001ec        0x4 ./Core/Src/PID.o
                0x200001ec                power
 .bss.s_wells   0x200001f0       0x1c ./Core/Src/Result_interpretation.o
 .bss.s_results
                0x2000020c       0x70 ./Core/Src/Result_interpretation.o
 .bss.s_baseline_mean
                0x2000027c       0x1c ./Core/Src/Result_interpretation.o
 .bss.s_baseline_sd
                0x20000298       0x1c ./Core/Src/Result_interpretation.o
 .bss.s_threshold
                0x200002b4       0x1c ./Core/Src/Result_interpretation.o
 .bss.s_baseline_locked
                0x200002d0        0x1 ./Core/Src/Result_interpretation.o
 *fill*         0x200002d1        0x3 
 .bss.ADC_VAL_DMA
                0x200002d4        0x4 ./Core/Src/main.o
                0x200002d4                ADC_VAL_DMA
 .bss.ADC_Average_result
                0x200002d8        0x4 ./Core/Src/main.o
                0x200002d8                ADC_Average_result
 .bss.count_button
                0x200002dc        0x4 ./Core/Src/main.o
                0x200002dc                count_button
 .bss.TIM4_count
                0x200002e0        0x4 ./Core/Src/main.o
                0x200002e0                TIM4_count
 .bss.Second_count_in_Timer
                0x200002e4        0x4 ./Core/Src/main.o
                0x200002e4                Second_count_in_Timer
 .bss.minute_counter_in_Timer
                0x200002e8        0x4 ./Core/Src/main.o
                0x200002e8                minute_counter_in_Timer
 .bss.PRE_HEAT_FLAG
                0x200002ec        0x1 ./Core/Src/main.o
                0x200002ec                PRE_HEAT_FLAG
 .bss.Count_Excite_LED_position
                0x200002ed        0x1 ./Core/Src/main.o
                0x200002ed                Count_Excite_LED_position
 .bss.START_Reading_Switch
                0x200002ee        0x1 ./Core/Src/main.o
                0x200002ee                START_Reading_Switch
 .bss.Data_Aquisition_flag_photo
                0x200002ef        0x1 ./Core/Src/main.o
                0x200002ef                Data_Aquisition_flag_photo
 .bss.Minutes_is_less_30_minutes
                0x200002f0        0x1 ./Core/Src/main.o
                0x200002f0                Minutes_is_less_30_minutes
 .bss.BUZZER_FLAG
                0x200002f1        0x1 ./Core/Src/main.o
                0x200002f1                BUZZER_FLAG
 .bss.SOMETHING_DETECTED
                0x200002f2        0x1 ./Core/Src/main.o
                0x200002f2                SOMETHING_DETECTED
 .bss.GET_USB_Status
                0x200002f3        0x1 ./Core/Src/main.o
                0x200002f3                GET_USB_Status
 .bss.Current_Temp
                0x200002f4        0x4 ./Core/Src/main.o
                0x200002f4                Current_Temp
 .bss.three_sec_count
                0x200002f8        0x4 ./Core/Src/main.o
                0x200002f8                three_sec_count
 .bss.local_buff_BLE
                0x200002fc        0xa ./Core/Src/main.o
                0x200002fc                local_buff_BLE
 *fill*         0x20000306        0x2 
 .bss.RX_buff   0x20000308        0x1 ./Core/Src/main.o
                0x20000308                RX_buff
 .bss.CABLE_REMOVED
                0x20000309        0x1 ./Core/Src/main.o
                0x20000309                CABLE_REMOVED
 *fill*         0x2000030a        0x2 
 .bss.hadc1     0x2000030c       0x30 ./Core/Src/main.o
                0x2000030c                hadc1
 .bss.hdma_adc1
                0x2000033c       0x44 ./Core/Src/main.o
                0x2000033c                hdma_adc1
 .bss.htim3     0x20000380       0x48 ./Core/Src/main.o
                0x20000380                htim3
 .bss.htim4     0x200003c8       0x48 ./Core/Src/main.o
                0x200003c8                htim4
 .bss.huart1    0x20000410       0x48 ./Core/Src/main.o
                0x20000410                huart1
 .bss.huart2    0x20000458       0x48 ./Core/Src/main.o
                0x20000458                huart2
 .bss.huart3    0x200004a0       0x48 ./Core/Src/main.o
                0x200004a0                huart3
 .bss.Average_TEMP
                0x200004e8     0x1010 ./Core/Src/main.o
                0x200004e8                Average_TEMP
 .bss.Average_Photo_D
                0x200014f8     0x1010 ./Core/Src/main.o
                0x200014f8                Average_Photo_D
 .bss.Heater_Power.2
                0x20002508       0x1c ./Core/Src/main.o
 .bss.store_data_in_buffer.1
                0x20002524        0x1 ./Core/Src/main.o
 .bss.count_recieved_packets.0
                0x20002525        0x1 ./Core/Src/main.o
 *fill*         0x20002526        0x2 
 .bss.uwTick    0x20002528        0x4 ./Drivers/STM32F1xx_HAL_Driver/Src/stm32f1xx_hal.o
                0x20002528                uwTick
 .bss.cfgidx.0  0x2000252c        0x1 ./Middlewares/ST/STM32_USB_Device_Library/Core/Src/usbd_ctlreq.o
 *fill*         0x2000252d        0x3 
 .bss.hUsbDeviceFS
                0x20002530      0x2c4 ./USB_DEVICE/App/usb_device.o
                0x20002530                hUsbDeviceFS
 .bss.USB_RxBuffer
                0x200027f4       0x40 ./USB_DEVICE/App/usbd_cdc_if.o
                0x200027f4                USB_RxBuffer
 .bss.START_COMMAND_FROM_PC
                0x20002834        0x1 ./USB_DEVICE/App/usbd_cdc_if.o
                0x20002834                START_COMMAND_FROM_PC
 .bss.STOP_COMMAND_FROM_PC
                0x20002835        0x1 ./USB_DEVICE/App/usbd_cdc_if.o
                0x20002835                STOP_COMMAND_FROM_PC
 *fill*         0x20002836        0x2 
 .bss.UserRxBufferFS
                0x20002838      0x400 ./USB_DEVICE/App/usbd_cdc_if.o
                0x20002838                UserRxBufferFS
 .bss.UserTxBufferFS
                0x20002c38      0x400 ./USB_DEVICE/App/usbd_cdc_if.o
                0x20002c38                UserTxBufferFS
 .bss.USBD_StrDesc
                0x20003038      0x200 ./USB_DEVICE/App/usbd_desc.o
                0x20003038                USBD_StrDesc
 .bss.hpcd_USB_FS
                0x20003238      0x2d8 ./USB_DEVICE/Target/usbd_conf.o
                0x20003238                hpcd_USB_FS
 .bss.mem.0     0x20003510      0x220 ./USB_DEVICE/Target/usbd_conf.o
 .bss.__sf      0x20003730      0x138 C:/ST/STM32CubeIDE_1.19.0/STM32CubeIDE/plugins/com.st.stm32cube.ide.mcu.externaltools.gnu-tools-for-stm32.13.3.rel1.win32_1.0.0.202411081344/tools/bin/../lib/gcc/arm-none-eabi/13.3.1/../../../../arm-none-eabi/lib/thumb/v7-m/nofp\libc_nano.a(libc_a-findfp.o)
                0x20003730                __sf
 *(COMMON)
                0x20003868                        . = ALIGN (0x4)
                0x20003868                        _ebss = .
                0x20003868                        __bss_end__ = _ebss

._user_heap_stack
                0x20003868      0x600 load address 0x0800d9ac
                0x20003868                        . = ALIGN (0x8)
                [!provide]                        PROVIDE (end = .)
                0x20003868                        PROVIDE (_end = .)
                0x20003a68                        . = (. + _Min_Heap_Size)
 *fill*         0x20003868      0x200 
                0x20003e68                        . = (. + _Min_Stack_Size)
 *fill*         0x20003a68      0x400 
                0x20003e68                        . = ALIGN (0x8)

/DISCARD/
 libc.a(*)
 libm.a(*)
 libgcc.a(*)

.ARM.attributes
                0x00000000       0x29
 *(.ARM.attributes)
 .ARM.attributes
                0x00000000       0x1d C:/ST/STM32CubeIDE_1.19.0/STM32CubeIDE/plugins/com.st.stm32cube.ide.mcu.externaltools.gnu-tools-for-stm32.13.3.rel1.win32_1.0.0.202411081344/tools/bin/../lib/gcc/arm-none-eabi/13.3.1/thumb/v7-m/nofp/crti.o
 .ARM.attributes
                0x0000001d       0x2d C:/ST/STM32CubeIDE_1.19.0/STM32CubeIDE/plugins/com.st.stm32cube.ide.mcu.externaltools.gnu-tools-for-stm32.13.3.rel1.win32_1.0.0.202411081344/tools/bin/../lib/gcc/arm-none-eabi/13.3.1/thumb/v7-m/nofp/crtbegin.o
 .ARM.attributes
                0x0000004a       0x2d ./Core/Src/NTC_calculate_temp.o
 .ARM.attributes
                0x00000077       0x2d ./Core/Src/PID.o
 .ARM.attributes
                0x000000a4       0x2d ./Core/Src/Result_interpretation.o
 .ARM.attributes
                0x000000d1       0x2d ./Core/Src/main.o
 .ARM.attributes
                0x000000fe       0x2d ./Core/Src/stm32f1xx_hal_msp.o
 .ARM.attributes
                0x0000012b       0x2d ./Core/Src/stm32f1xx_it.o
 .ARM.attributes
                0x00000158       0x2d ./Core/Src/system_stm32f1xx.o
 .ARM.attributes
                0x00000185       0x21 ./Core/Startup/startup_stm32f103r8tx.o
 .ARM.attributes
                0x000001a6       0x2d ./Drivers/STM32F1xx_HAL_Driver/Src/stm32f1xx_hal.o
 .ARM.attributes
                0x000001d3       0x2d ./Drivers/STM32F1xx_HAL_Driver/Src/stm32f1xx_hal_adc.o
 .ARM.attributes
                0x00000200       0x2d ./Drivers/STM32F1xx_HAL_Driver/Src/stm32f1xx_hal_adc_ex.o
 .ARM.attributes
                0x0000022d       0x2d ./Drivers/STM32F1xx_HAL_Driver/Src/stm32f1xx_hal_cortex.o
 .ARM.attributes
                0x0000025a       0x2d ./Drivers/STM32F1xx_HAL_Driver/Src/stm32f1xx_hal_dma.o
 .ARM.attributes
                0x00000287       0x2d ./Drivers/STM32F1xx_HAL_Driver/Src/stm32f1xx_hal_gpio.o
 .ARM.attributes
                0x000002b4       0x2d ./Drivers/STM32F1xx_HAL_Driver/Src/stm32f1xx_hal_pcd.o
 .ARM.attributes
                0x000002e1       0x2d ./Drivers/STM32F1xx_HAL_Driver/Src/stm32f1xx_hal_pcd_ex.o
 .ARM.attributes
                0x0000030e       0x2d ./Drivers/STM32F1xx_HAL_Driver/Src/stm32f1xx_hal_rcc.o
 .ARM.attributes
                0x0000033b       0x2d ./Drivers/STM32F1xx_HAL_Driver/Src/stm32f1xx_hal_rcc_ex.o
 .ARM.attributes
                0x00000368       0x2d ./Drivers/STM32F1xx_HAL_Driver/Src/stm32f1xx_hal_tim.o
 .ARM.attributes
                0x00000395       0x2d ./Drivers/STM32F1xx_HAL_Driver/Src/stm32f1xx_hal_tim_ex.o
 .ARM.attributes
                0x000003c2       0x2d ./Drivers/STM32F1xx_HAL_Driver/Src/stm32f1xx_hal_uart.o
 .ARM.attributes
                0x000003ef       0x2d ./Drivers/STM32F1xx_HAL_Driver/Src/stm32f1xx_ll_usb.o
 .ARM.attributes
                0x0000041c       0x2d ./Middlewares/ST/STM32_USB_Device_Library/Class/CDC/Src/usbd_cdc.o
 .ARM.attributes
                0x00000449       0x2d ./Middlewares/ST/STM32_USB_Device_Library/Core/Src/usbd_core.o
 .ARM.attributes
                0x00000476       0x2d ./Middlewares/ST/STM32_USB_Device_Library/Core/Src/usbd_ctlreq.o
 .ARM.attributes
                0x000004a3       0x2d ./Middlewares/ST/STM32_USB_Device_Library/Core/Src/usbd_ioreq.o
 .ARM.attributes
                0x000004d0       0x2d ./USB_DEVICE/App/usb_device.o
 .ARM.attributes
                0x000004fd       0x2d ./USB_DEVICE/App/usbd_cdc_if.o
 .ARM.attributes
                0x0000052a       0x2d ./USB_DEVICE/App/usbd_desc.o
 .ARM.attributes
                0x00000557       0x2d ./USB_DEVICE/Target/usbd_conf.o
 .ARM.attributes
                0x00000584       0x2d C:/ST/STM32CubeIDE_1.19.0/STM32CubeIDE/plugins/com.st.stm32cube.ide.mcu.externaltools.gnu-tools-for-stm32.13.3.rel1.win32_1.0.0.202411081344/tools/bin/../lib/gcc/arm-none-eabi/13.3.1/../../../../arm-none-eabi/lib/thumb/v7-m/nofp\libc_nano.a(libc_a-findfp.o)
 .ARM.attributes
                0x000005b1       0x2d C:/ST/STM32CubeIDE_1.19.0/STM32CubeIDE/plugins/com.st.stm32cube.ide.mcu.externaltools.gnu-tools-for-stm32.13.3.rel1.win32_1.0.0.202411081344/tools/bin/../lib/gcc/arm-none-eabi/13.3.1/../../../../arm-none-eabi/lib/thumb/v7-m/nofp\libc_nano.a(libc_a-memset.o)
 .ARM.attributes
                0x000005de       0x2d C:/ST/STM32CubeIDE_1.19.0/STM32CubeIDE/plugins/com.st.stm32cube.ide.mcu.externaltools.gnu-tools-for-stm32.13.3.rel1.win32_1.0.0.202411081344/tools/bin/../lib/gcc/arm-none-eabi/13.3.1/../../../../arm-none-eabi/lib/thumb/v7-m/nofp\libc_nano.a(libc_a-impure.o)
 .ARM.attributes
                0x0000060b       0x2d C:/ST/STM32CubeIDE_1.19.0/STM32CubeIDE/plugins/com.st.stm32cube.ide.mcu.externaltools.gnu-tools-for-stm32.13.3.rel1.win32_1.0.0.202411081344/tools/bin/../lib/gcc/arm-none-eabi/13.3.1/../../../../arm-none-eabi/lib/thumb/v7-m/nofp\libc_nano.a(libc_a-errno.o)
 .ARM.attributes
                0x00000638       0x2d C:/ST/STM32CubeIDE_1.19.0/STM32CubeIDE/plugins/com.st.stm32cube.ide.mcu.externaltools.gnu-tools-for-stm32.13.3.rel1.win32_1.0.0.202411081344/tools/bin/../lib/gcc/arm-none-eabi/13.3.1/../../../../arm-none-eabi/lib/thumb/v7-m/nofp\libc_nano.a(libc_a-init.o)
 .ARM.attributes
                0x00000665       0x1b C:/ST/STM32CubeIDE_1.19.0/STM32CubeIDE/plugins/com.st.stm32cube.ide.mcu.externaltools.gnu-tools-for-stm32.13.3.rel1.win32_1.0.0.202411081344/tools/bin/../lib/gcc/arm-none-eabi/13.3.1/../../../../arm-none-eabi/lib/thumb/v7-m/nofp\libc_nano.a(libc_a-strcmp.o)
 .ARM.attributes
                0x00000680       0x2d C:/ST/STM32CubeIDE_1.19.0/STM32CubeIDE/plugins/com.st.stm32cube.ide.mcu.externaltools.gnu-tools-for-stm32.13.3.rel1.win32_1.0.0.202411081344/tools/bin/../lib/gcc/arm-none-eabi/13.3.1/../../../../arm-none-eabi/lib/thumb/v7-m/nofp\libc_nano.a(libc_a-memcpy-stub.o)
 .ARM.attributes
                0x000006ad       0x17 C:/ST/STM32CubeIDE_1.19.0/STM32CubeIDE/plugins/com.st.stm32cube.ide.mcu.externaltools.gnu-tools-for-stm32.13.3.rel1.win32_1.0.0.202411081344/tools/bin/../lib/gcc/arm-none-eabi/13.3.1/../../../../arm-none-eabi/lib/thumb/v7-m/nofp\libc_nano.a(libc_a-strlen.o)
 .ARM.attributes
                0x000006c4       0x2d C:/ST/STM32CubeIDE_1.19.0/STM32CubeIDE/plugins/com.st.stm32cube.ide.mcu.externaltools.gnu-tools-for-stm32.13.3.rel1.win32_1.0.0.202411081344/tools/bin/../lib/gcc/arm-none-eabi/13.3.1/../../../../arm-none-eabi/lib/thumb/v7-m/nofp\libm.a(libm_a-w_log.o)
 .ARM.attributes
                0x000006f1       0x2d C:/ST/STM32CubeIDE_1.19.0/STM32CubeIDE/plugins/com.st.stm32cube.ide.mcu.externaltools.gnu-tools-for-stm32.13.3.rel1.win32_1.0.0.202411081344/tools/bin/../lib/gcc/arm-none-eabi/13.3.1/../../../../arm-none-eabi/lib/thumb/v7-m/nofp\libm.a(libm_a-wf_sqrt.o)
 .ARM.attributes
                0x0000071e       0x2d C:/ST/STM32CubeIDE_1.19.0/STM32CubeIDE/plugins/com.st.stm32cube.ide.mcu.externaltools.gnu-tools-for-stm32.13.3.rel1.win32_1.0.0.202411081344/tools/bin/../lib/gcc/arm-none-eabi/13.3.1/../../../../arm-none-eabi/lib/thumb/v7-m/nofp\libm.a(libm_a-s_nan.o)
 .ARM.attributes
                0x0000074b       0x2d C:/ST/STM32CubeIDE_1.19.0/STM32CubeIDE/plugins/com.st.stm32cube.ide.mcu.externaltools.gnu-tools-for-stm32.13.3.rel1.win32_1.0.0.202411081344/tools/bin/../lib/gcc/arm-none-eabi/13.3.1/../../../../arm-none-eabi/lib/thumb/v7-m/nofp\libm.a(libm_a-sf_fmax.o)
 .ARM.attributes
                0x00000778       0x2d C:/ST/STM32CubeIDE_1.19.0/STM32CubeIDE/plugins/com.st.stm32cube.ide.mcu.externaltools.gnu-tools-for-stm32.13.3.rel1.win32_1.0.0.202411081344/tools/bin/../lib/gcc/arm-none-eabi/13.3.1/../../../../arm-none-eabi/lib/thumb/v7-m/nofp\libm.a(libm_a-sf_fpclassify.o)
 .ARM.attributes
                0x000007a5       0x2d C:/ST/STM32CubeIDE_1.19.0/STM32CubeIDE/plugins/com.st.stm32cube.ide.mcu.externaltools.gnu-tools-for-stm32.13.3.rel1.win32_1.0.0.202411081344/tools/bin/../lib/gcc/arm-none-eabi/13.3.1/../../../../arm-none-eabi/lib/thumb/v7-m/nofp\libm.a(libm_a-ef_sqrt.o)
 .ARM.attributes
                0x000007d2       0x2d C:/ST/STM32CubeIDE_1.19.0/STM32CubeIDE/plugins/com.st.stm32cube.ide.mcu.externaltools.gnu-tools-for-stm32.13.3.rel1.win32_1.0.0.202411081344/tools/bin/../lib/gcc/arm-none-eabi/13.3.1/../../../../arm-none-eabi/lib/thumb/v7-m/nofp\libm.a(libm_a-e_log.o)
 .ARM.attributes
                0x000007ff       0x1d C:/ST/STM32CubeIDE_1.19.0/STM32CubeIDE/plugins/com.st.stm32cube.ide.mcu.externaltools.gnu-tools-for-stm32.13.3.rel1.win32_1.0.0.202411081344/tools/bin/../lib/gcc/arm-none-eabi/13.3.1/thumb/v7-m/nofp\libgcc.a(_arm_addsubdf3.o)
 .ARM.attributes
                0x0000081c       0x1d C:/ST/STM32CubeIDE_1.19.0/STM32CubeIDE/plugins/com.st.stm32cube.ide.mcu.externaltools.gnu-tools-for-stm32.13.3.rel1.win32_1.0.0.202411081344/tools/bin/../lib/gcc/arm-none-eabi/13.3.1/thumb/v7-m/nofp\libgcc.a(_arm_muldivdf3.o)
 .ARM.attributes
                0x00000839       0x1d C:/ST/STM32CubeIDE_1.19.0/STM32CubeIDE/plugins/com.st.stm32cube.ide.mcu.externaltools.gnu-tools-for-stm32.13.3.rel1.win32_1.0.0.202411081344/tools/bin/../lib/gcc/arm-none-eabi/13.3.1/thumb/v7-m/nofp\libgcc.a(_arm_cmpdf2.o)
 .ARM.attributes
                0x00000856       0x1d C:/ST/STM32CubeIDE_1.19.0/STM32CubeIDE/plugins/com.st.stm32cube.ide.mcu.externaltools.gnu-tools-for-stm32.13.3.rel1.win32_1.0.0.202411081344/tools/bin/../lib/gcc/arm-none-eabi/13.3.1/thumb/v7-m/nofp\libgcc.a(_arm_unorddf2.o)
 .ARM.attributes
                0x00000873       0x1d C:/ST/STM32CubeIDE_1.19.0/STM32CubeIDE/plugins/com.st.stm32cube.ide.mcu.externaltools.gnu-tools-for-stm32.13.3.rel1.win32_1.0.0.202411081344/tools/bin/../lib/gcc/arm-none-eabi/13.3.1/thumb/v7-m/nofp\libgcc.a(_arm_truncdfsf2.o)
 .ARM.attributes
                0x00000890       0x1d C:/ST/STM32CubeIDE_1.19.0/STM32CubeIDE/plugins/com.st.stm32cube.ide.mcu.externaltools.gnu-tools-for-stm32.13.3.rel1.win32_1.0.0.202411081344/tools/bin/../lib/gcc/arm-none-eabi/13.3.1/thumb/v7-m/nofp\libgcc.a(_arm_addsubsf3.o)
 .ARM.attributes
                0x000008ad       0x1d C:/ST/STM32CubeIDE_1.19.0/STM32CubeIDE/plugins/com.st.stm32cube.ide.mcu.externaltools.gnu-tools-for-stm32.13.3.rel1.win32_1.0.0.202411081344/tools/bin/../lib/gcc/arm-none-eabi/13.3.1/thumb/v7-m/nofp\libgcc.a(_arm_muldivsf3.o)
 .ARM.attributes
                0x000008ca       0x1d C:/ST/STM32CubeIDE_1.19.0/STM32CubeIDE/plugins/com.st.stm32cube.ide.mcu.externaltools.gnu-tools-for-stm32.13.3.rel1.win32_1.0.0.202411081344/tools/bin/../lib/gcc/arm-none-eabi/13.3.1/thumb/v7-m/nofp\libgcc.a(_arm_cmpsf2.o)
 .ARM.attributes
                0x000008e7       0x1d C:/ST/STM32CubeIDE_1.19.0/STM32CubeIDE/plugins/com.st.stm32cube.ide.mcu.externaltools.gnu-tools-for-stm32.13.3.rel1.win32_1.0.0.202411081344/tools/bin/../lib/gcc/arm-none-eabi/13.3.1/thumb/v7-m/nofp\libgcc.a(_arm_unordsf2.o)
 .ARM.attributes
                0x00000904       0x1d C:/ST/STM32CubeIDE_1.19.0/STM32CubeIDE/plugins/com.st.stm32cube.ide.mcu.externaltools.gnu-tools-for-stm32.13.3.rel1.win32_1.0.0.202411081344/tools/bin/../lib/gcc/arm-none-eabi/13.3.1/thumb/v7-m/nofp\libgcc.a(_arm_fixsfsi.o)
 .ARM.attributes
                0x00000921       0x1d C:/ST/STM32CubeIDE_1.19.0/STM32CubeIDE/plugins/com.st.stm32cube.ide.mcu.externaltools.gnu-tools-for-stm32.13.3.rel1.win32_1.0.0.202411081344/tools/bin/../lib/gcc/arm-none-eabi/13.3.1/thumb/v7-m/nofp/crtn.o
OUTPUT(Natsight_Rapid_amp.elf elf32-littlearm)
LOAD linker stubs
LOAD C:/ST/STM32CubeIDE_1.19.0/STM32CubeIDE/plugins/com.st.stm32cube.ide.mcu.externaltools.gnu-tools-for-stm32.13.3.rel1.win32_1.0.0.202411081344/tools/bin/../lib/gcc/arm-none-eabi/13.3.1/../../../../arm-none-eabi/lib/thumb/v7-m/nofp\libc.a