Archive member included to satisfy reference by file (symbol)

C:/ST/STM32CubeIDE_1.19.0/STM32CubeIDE/plugins/com.st.stm32cube.ide.mcu.externaltools.gnu-tools-for-stm32.13.3.rel1.win32_1.0.0.202411081344/tools/bin/../lib/gcc/arm-none-eabi/13.3.1/../../../../arm-none-eabi/lib/thumb/v7-m/nofp\libc_nano.a(libc_a-exit.o)
                              C:/ST/STM32CubeIDE_1.19.0/STM32CubeIDE/plugins/com.st.stm32cube.ide.mcu.externaltools.gnu-tools-for-stm32.13.3.rel1.win32_1.0.0.202411081344/tools/bin/../lib/gcc/arm-none-eabi/13.3.1/../../../../arm-none-eabi/lib/thumb/v7-m/nofp/crt0.o (exit)
C:/ST/STM32CubeIDE_1.19.0/STM32CubeIDE/plugins/com.st.stm32cube.ide.mcu.externaltools.gnu-tools-for-stm32.13.3.rel1.win32_1.0.0.202411081344/tools/bin/../lib/gcc/arm-none-eabi/13.3.1/../../../../arm-none-eabi/lib/thumb/v7-m/nofp\libc_nano.a(libc_a-findfp.o)
                              C:/ST/STM32CubeIDE_1.19.0/STM32CubeIDE/plugins/com.st.stm32cube.ide.mcu.externaltools.gnu-tools-for-stm32.13.3.rel1.win32_1.0.0.202411081344/tools/bin/../lib/gcc/arm-none-eabi/13.3.1/../../../../arm-none-eabi/lib/thumb/v7-m/nofp\libc_nano.a(libc_a-exit.o) (__stdio_exit_handler)
C:/ST/STM32CubeIDE_1.19.0/STM32CubeIDE/plugins/com.st.stm32cube.ide.mcu.externaltools.gnu-tools-for-stm32.13.3.rel1.win32_1.0.0.202411081344/tools/bin/../lib/gcc/arm-none-eabi/13.3.1/../../../../arm-none-eabi/lib/thumb/v7-m/nofp\libc_nano.a(libc_a-fwalk.o)
                              C:/ST/STM32CubeIDE_1.19.0/STM32CubeIDE/plugins/com.st.stm32cube.ide.mcu.externaltools.gnu-tools-for-stm32.13.3.rel1.win32_1.0.0.202411081344/tools/bin/../lib/gcc/arm-none-eabi/13.3.1/../../../../arm-none-eabi/lib/thumb/v7-m/nofp\libc_nano.a(libc_a-findfp.o) (_fwalk_sglue)
C:/ST/STM32CubeIDE_1.19.0/STM32CubeIDE/plugins/com.st.stm32cube.ide.mcu.externaltools.gnu-tools-for-stm32.13.3.rel1.win32_1.0.0.202411081344/tools/bin/../lib/gcc/arm-none-eabi/13.3.1/../../../../arm-none-eabi/lib/thumb/v7-m/nofp\libc_nano.a(libc_a-sprintf.o)
                              ./Core/Src/main.o (sprintf)
C:/ST/STM32CubeIDE_1.19.0/STM32CubeIDE/plugins/com.st.stm32cube.ide.mcu.externaltools.gnu-tools-for-stm32.13.3.rel1.win32_1.0.0.202411081344/tools/bin/../lib/gcc/arm-none-eabi/13.3.1/../../../../arm-none-eabi/lib/thumb/v7-m/nofp\libc_nano.a(libc_a-stdio.o)
                              C:/ST/STM32CubeIDE_1.19.0/STM32CubeIDE/plugins/com.st.stm32cube.ide.mcu.externaltools.gnu-tools-for-stm32.13.3.rel1.win32_1.0.0.202411081344/tools/bin/../lib/gcc/arm-none-eabi/13.3.1/../../../../arm-none-eabi/lib/thumb/v7-m/nofp\libc_nano.a(libc_a-findfp.o) (__sread)
C:/ST/STM32CubeIDE_1.19.0/STM32CubeIDE/plugins/com.st.stm32cube.ide.mcu.externaltools.gnu-tools-for-stm32.13.3.rel1.win32_1.0.0.202411081344/tools/bin/../lib/gcc/arm-none-eabi/13.3.1/../../../../arm-none-eabi/lib/thumb/v7-m/nofp\libc_nano.a(libc_a-memset.o)
                              C:/ST/STM32CubeIDE_1.19.0/STM32CubeIDE/plugins/com.st.stm32cube.ide.mcu.externaltools.gnu-tools-for-stm32.13.3.rel1.win32_1.0.0.202411081344/tools/bin/../lib/gcc/arm-none-eabi/13.3.1/../../../../arm-none-eabi/lib/thumb/v7-m/nofp/crt0.o (memset)
C:/ST/STM32CubeIDE_1.19.0/STM32CubeIDE/plugins/com.st.stm32cube.ide.mcu.externaltools.gnu-tools-for-stm32.13.3.rel1.win32_1.0.0.202411081344/tools/bin/../lib/gcc/arm-none-eabi/13.3.1/../../../../arm-none-eabi/lib/thumb/v7-m/nofp\libc_nano.a(libc_a-closer.o)
                              C:/ST/STM32CubeIDE_1.19.0/STM32CubeIDE/plugins/com.st.stm32cube.ide.mcu.externaltools.gnu-tools-for-stm32.13.3.rel1.win32_1.0.0.202411081344/tools/bin/../lib/gcc/arm-none-eabi/13.3.1/../../../../arm-none-eabi/lib/thumb/v7-m/nofp\libc_nano.a(libc_a-stdio.o) (_close_r)
C:/ST/STM32CubeIDE_1.19.0/STM32CubeIDE/plugins/com.st.stm32cube.ide.mcu.externaltools.gnu-tools-for-stm32.13.3.rel1.win32_1.0.0.202411081344/tools/bin/../lib/gcc/arm-none-eabi/13.3.1/../../../../arm-none-eabi/lib/thumb/v7-m/nofp\libc_nano.a(libc_a-reent.o)
                              C:/ST/STM32CubeIDE_1.19.0/STM32CubeIDE/plugins/com.st.stm32cube.ide.mcu.externaltools.gnu-tools-for-stm32.13.3.rel1.win32_1.0.0.202411081344/tools/bin/../lib/gcc/arm-none-eabi/13.3.1/../../../../arm-none-eabi/lib/thumb/v7-m/nofp\libc_nano.a(libc_a-closer.o) (errno)
C:/ST/STM32CubeIDE_1.19.0/STM32CubeIDE/plugins/com.st.stm32cube.ide.mcu.externaltools.gnu-tools-for-stm32.13.3.rel1.win32_1.0.0.202411081344/tools/bin/../lib/gcc/arm-none-eabi/13.3.1/../../../../arm-none-eabi/lib/thumb/v7-m/nofp\libc_nano.a(libc_a-impure.o)
                              C:/ST/STM32CubeIDE_1.19.0/STM32CubeIDE/plugins/com.st.stm32cube.ide.mcu.externaltools.gnu-tools-for-stm32.13.3.rel1.win32_1.0.0.202411081344/tools/bin/../lib/gcc/arm-none-eabi/13.3.1/../../../../arm-none-eabi/lib/thumb/v7-m/nofp\libc_nano.a(libc_a-sprintf.o) (_impure_ptr)
[...]
Memory Configuration

Name             Origin             Length             Attributes
RAM              0x20000000         0x00005000         xrw
FLASH            0x08000000         0x00010000         xr
*default*        0x00000000         0xffffffff

Linker script and memory map

LOAD C:/ST/STM32CubeIDE_1.19.0/STM32CubeIDE/plugins/com.st.stm32cube.ide.mcu.externaltools.gnu-tools-for-stm32.13.3.rel1.win32_1.0.0.202411081344/tools/bin/../lib/gcc/arm-none-eabi/13.3.1/thumb/v7-m/nofp/crti.o
LOAD C:/ST/STM32CubeIDE_1.19.0/STM32CubeIDE/plugins/com.st.stm32cube.ide.mcu.externaltools.gnu-tools-for-stm32.13.3.rel1.win32_1.0.0.202411081344/tools/bin/../lib/gcc/arm-none-eabi/13.3.1/thumb/v7-m/nofp/crtbegin.o
LOAD C:/ST/STM32CubeIDE_1.19.0/STM32CubeIDE/plugins/com.st.stm32cube.ide.mcu.externaltools.gnu-tools-for-stm32.13.3.rel1.win32_1.0.0.202411081344/tools/bin/../lib/gcc/arm-none-eabi/13.3.1/../../../../arm-none-eabi/lib/thumb/v7-m/nofp/crt0.o
LOAD ./Core/Src/NTC_calculate_temp.o
LOAD ./Core/Src/PID.o
LOAD ./Core/Src/Result_interpretation.o
LOAD ./Core/Src/main.o
LOAD ./Core/Src/ssd1306_1.o
LOAD ./Core/Src/stm32f1xx_hal_msp.o
LOAD ./Core/Src/stm32f1xx_it.o
LOAD ./Core/Src/syscalls.o
LOAD ./Core/Src/sysmem.o
LOAD ./Core/Src/system_stm32f1xx.o
LOAD ./Core/Startup/startup_stm32f103r8tx.o
LOAD ./Drivers/STM32F1xx_HAL_Driver/Src/stm32f1xx_hal.o
LOAD ./Drivers/STM32F1xx_HAL_Driver/Src/stm32f1xx_hal_adc.o
LOAD ./Drivers/STM32F1xx_HAL_Driver/Src/stm32f1xx_hal_adc_ex.o
LOAD ./Drivers/STM32F1xx_HAL_Driver/Src/stm32f1xx_hal_cortex.o
LOAD ./Drivers/STM32F1xx_HAL_Driver/Src/stm32f1xx_hal_dma.o
LOAD ./Drivers/STM32F1xx_HAL_Driver/Src/stm32f1xx_hal_exti.o
LOAD ./Drivers/STM32F1xx_HAL_Driver/Src/stm32f1xx_hal_flash.o
LOAD ./Drivers/STM32F1xx_HAL_Driver/Src/stm32f1xx_hal_flash_ex.o
LOAD ./Drivers/STM32F1xx_HAL_Driver/Src/stm32f1xx_hal_gpio.o
LOAD ./Drivers/STM32F1xx_HAL_Driver/Src/stm32f1xx_hal_gpio_ex.o
LOAD ./Drivers/STM32F1xx_HAL_Driver/Src/stm32f1xx_hal_i2c.o
LOAD ./Drivers/STM32F1xx_HAL_Driver/Src/stm32f1xx_hal_pcd.o
LOAD ./Drivers/STM32F1xx_HAL_Driver/Src/stm32f1xx_hal_pcd_ex.o
LOAD ./Drivers/STM32F1xx_HAL_Driver/Src/stm32f1xx_hal_pwr.o
LOAD ./Drivers/STM32F1xx_HAL_Driver/Src/stm32f1xx_hal_rcc.o
LOAD ./Drivers/STM32F1xx_HAL_Driver/Src/stm32f1xx_hal_rcc_ex.o
LOAD ./Drivers/STM32F1xx_HAL_Driver/Src/stm32f1xx_hal_tim.o
LOAD ./Drivers/STM32F1xx_HAL_Driver/Src/stm32f1xx_hal_tim_ex.o
LOAD ./Drivers/STM32F1xx_HAL_Driver/Src/stm32f1xx_hal_uart.o
LOAD ./Drivers/STM32F1xx_HAL_Driver/Src/stm32f1xx_ll_usb.o
LOAD ./Middlewares/ST/STM32_USB_Device_Library/Class/CDC/Src/usbd_cdc.o
LOAD ./Middlewares/ST/STM32_USB_Device_Library/Core/Src/usbd_core.o
LOAD ./Middlewares/ST/STM32_USB_Device_Library/Core/Src/usbd_ctlreq.o
LOAD ./Middlewares/ST/STM32_USB_Device_Library/Core/Src/usbd_ioreq.o
LOAD ./USB_DEVICE/App/usb_device.o
LOAD ./USB_DEVICE/App/usbd_cdc_if.o
LOAD ./USB_DEVICE/App/usbd_desc.o
LOAD ./USB_DEVICE/Target/usbd_conf.o
START GROUP
LOAD C:/ST/STM32CubeIDE_1.19.0/STM32CubeIDE/plugins/com.st.stm32cube.ide.mcu.externaltools.gnu-tools-for-stm32.13.3.rel1.win32_1.0.0.202411081344/tools/bin/../lib/gcc/arm-none-eabi/13.3.1/../../../../arm-none-eabi/lib/thumb/v7-m/nofp\libc_nano.a
LOAD C:/ST/STM32CubeIDE_1.19.0/STM32CubeIDE/plugins/com.st.stm32cube.ide.mcu.externaltools.gnu-tools-for-stm32.13.3.rel1.win32_1.0.0.202411081344/tools/bin/../lib/gcc/arm-none-eabi/13.3.1/../../../../arm-none-eabi/lib/thumb/v7-m/nofp\libm.a
END GROUP
START GROUP
LOAD C:/ST/STM32CubeIDE_1.19.0/STM32CubeIDE/plugins/com.st.stm32cube.ide.mcu.externaltools.gnu-tools-for-stm32.13.3.rel1.win32_1.0.0.202411081344/tools/bin/../lib/gcc/arm-none-eabi/13.3.1/thumb/v7-m/nofp\libgcc.a
LOAD C:/ST/STM32CubeIDE_1.19.0/STM32CubeIDE/plugins/com.st.stm32cube.ide.mcu.externaltools.gnu-tools-for-stm32.13.3.rel1.win32_1.0.0.202411081344/tools/bin/../lib/gcc/arm-none-eabi/13.3.1/../../../../arm-none-eabi/lib/thumb/v7-m/nofp\libc_nano.a
END GROUP
START GROUP
LOAD C:/ST/STM32CubeIDE_1.19.0/STM32CubeIDE/plugins/com.st.stm32cube.ide.mcu.externaltools.gnu-tools-for-stm32.13.3.rel1.win32_1.0.0.202411081344/tools/bin/../lib/gcc/arm-none-eabi/13.3.1/thumb/v7-m/nofp\libgcc.a
LOAD C:/ST/STM32CubeIDE_1.19.0/STM32CubeIDE/plugins/com.st.stm32cube.ide.mcu.externaltools.gnu-tools-for-stm32.13.3.rel1.win32_1.0.0.202411081344/tools/bin/../lib/gcc/arm-none-eabi/13.3.1/../../../../arm-none-eabi/lib/thumb/v7-m/nofp\libc_nano.a
LOAD C:/ST/STM32CubeIDE_1.19.0/STM32CubeIDE/plugins/com.st.stm32cube.ide.mcu.externaltools.gnu-tools-for-stm32.13.3.rel1.win32_1.0.0.202411081344/tools/bin/../lib/gcc/arm-none-eabi/13.3.1/../../../../arm-none-eabi/lib/thumb/v7-m/nofp\libnosys.a
END GROUP
START GROUP
LOAD C:/ST/STM32CubeIDE_1.19.0/STM32CubeIDE/plugins/com.st.stm32cube.ide.mcu.externaltools.gnu-tools-for-stm32.13.3.rel1.win32_1.0.0.202411081344/tools/bin/../lib/gcc/arm-none-eabi/13.3.1/thumb/v7-m/nofp\libgcc.a
LOAD C:/ST/STM32CubeIDE_1.19.0/STM32CubeIDE/plugins/com.st.stm32cube.ide.mcu.externaltools.gnu-tools-for-stm32.13.3.rel1.win32_1.0.0.202411081344/tools/bin/../lib/gcc/arm-none-eabi/13.3.1/../../../../arm-none-eabi/lib/thumb/v7-m/nofp\libc_nano.a
LOAD C:/ST/STM32CubeIDE_1.19.0/STM32CubeIDE/plugins/com.st.stm32cube.ide.mcu.externaltools.gnu-tools-for-stm32.13.3.rel1.win32_1.0.0.202411081344/tools/bin/../lib/gcc/arm-none-eabi/13.3.1/../../../../arm-none-eabi/lib/thumb/v7-m/nofp\libnosys.a
END GROUP
LOAD C:/ST/STM32CubeIDE_1.19.0/STM32CubeIDE/plugins/com.st.stm32cube.ide.mcu.externaltools.gnu-tools-for-stm32.13.3.rel1.win32_1.0.0.202411081344/tools/bin/../lib/gcc/arm-none-eabi/13.3.1/thumb/v7-m/nofp/crtend.o
LOAD C:/ST/STM32CubeIDE_1.19.0/STM32CubeIDE/plugins/com.st.stm32cube.ide.mcu.externaltools.gnu-tools-for-stm32.13.3.rel1.win32_1.0.0.202411081344/tools/bin/../lib/gcc/arm-none-eabi/13.3.1/thumb/v7-m/nofp/crtn.o
                0x20005000                        _estack = (ORIGIN (RAM) + LENGTH (RAM))
                0x00000200                        _Min_Heap_Size = 0x200
                0x00000400                        _Min_Stack_Size = 0x400

.isr_vector     0x08000000      0x10c
                0x08000000                        . = ALIGN (0x4)
 *(.isr_vector)
 .isr_vector    0x08000000      0x10c ./Core/Startup/startup_stm32f103r8tx.o
                0x08000000                g_pfnVectors
                0x0800010c                        . = ALIGN (0x4)

.text           0x08000110     0xf0d4
                0x08000110                        . = ALIGN (0x4)
 *(.text)
 .text          0x08000110       0x40 C:/ST/STM32CubeIDE_1.19.0/STM32CubeIDE/plugins/com.st.stm32cube.ide.mcu.externaltools.gnu-tools-for-stm32.13.3.rel1.win32_1.0.0.202411081344/tools/bin/../lib/gcc/arm-none-eabi/13.3.1/thumb/v7-m/nofp/crtbegin.o
 .text          0x08000150       0x14 C:/ST/STM32CubeIDE_1.19.0/STM32CubeIDE/plugins/com.st.stm32cube.ide.mcu.externaltools.gnu-tools-for-stm32.13.3.rel1.win32_1.0.0.202411081344/tools/bin/../lib/gcc/arm-none-eabi/13.3.1/../../../../arm-none-eabi/lib/thumb/v7-m/nofp\libc_nano.a(libc_a-strcmp.o)
                0x08000150                strcmp
 .text          0x08000164       0x10 C:/ST/STM32CubeIDE_1.19.0/STM32CubeIDE/plugins/com.st.stm32cube.ide.mcu.externaltools.gnu-tools-for-stm32.13.3.rel1.win32_1.0.0.202411081344/tools/bin/../lib/gcc/arm-none-eabi/13.3.1/../../../../arm-none-eabi/lib/thumb/v7-m/nofp\libc_nano.a(libc_a-strlen.o)
                0x08000164                strlen
 .text          0x08000174      0x378 C:/ST/STM32CubeIDE_1.19.0/STM32CubeIDE/plugins/com.st.stm32cube.ide.mcu.externaltools.gnu-tools-for-stm32.13.3.rel1.win32_1.0.0.202411081344/tools/bin/../lib/gcc/arm-none-eabi/13.3.1/thumb/v7-m/nofp\libgcc.a(_arm_addsubdf3.o)
                0x08000174                __aeabi_drsub
                0x0800017c                __aeabi_dsub
                0x0800017c                __subdf3
                0x08000180                __aeabi_dadd
                0x08000180                __adddf3
                0x080003f8                __floatunsidf
                0x080003f8                __aeabi_ui2d
                0x08000418                __floatsidf
                0x08000418                __aeabi_i2d
                0x0800043c                __aeabi_f2d
                0x0800043c                __extendsfdf2
                0x08000480                __floatundidf
                0x08000480                __aeabi_ul2d
                0x08000490                __floatdidf
                0x08000490                __aeabi_l2d
 .text          0x080004ec      0x424 C:/ST/STM32CubeIDE_1.19.0/STM32CubeIDE/plugins/com.st.stm32cube.ide.mcu.externaltools.gnu-tools-for-stm32.13.3.rel1.win32_1.0.0.202411081344/tools/bin/../lib/gcc/arm-none-eabi/13.3.1/thumb/v7-m/nofp\libgcc.a(_arm_muldivdf3.o)
                0x080004ec                __aeabi_dmul
                0x080004ec                __muldf3
                0x08000740                __divdf3
                0x08000740                __aeabi_ddiv
 .text          0x08000910      0x110 C:/ST/STM32CubeIDE_1.19.0/STM32CubeIDE/plugins/com.st.stm32cube.ide.mcu.externaltools.gnu-tools-for-stm32.13.3.rel1.win32_1.0.0.202411081344/tools/bin/../lib/gcc/arm-none-eabi/13.3.1/thumb/v7-m/nofp\libgcc.a(_arm_cmpdf2.o)
                0x08000910                __gtdf2
                0x08000910                __gedf2
                0x08000918                __ltdf2
                0x08000918                __ledf2
                0x08000920                __nedf2
                0x08000920                __eqdf2
                0x08000920                __cmpdf2
                0x0800099c                __aeabi_cdrcmple
                0x080009ac                __aeabi_cdcmpeq
                0x080009ac                __aeabi_cdcmple
                0x080009bc                __aeabi_dcmpeq
                0x080009d0                __aeabi_dcmplt
                0x080009e4                __aeabi_dcmple
                0x080009f8                __aeabi_dcmpge
                0x08000a0c                __aeabi_dcmpgt
 .text          0x08000a20       0x2c C:/ST/STM32CubeIDE_1.19.0/STM32CubeIDE/plugins/com.st.stm32cube.ide.mcu.externaltools.gnu-tools-for-stm32.13.3.rel1.win32_1.0.0.202411081344/tools/bin/../lib/gcc/arm-none-eabi/13.3.1/thumb/v7-m/nofp\libgcc.a(_arm_unorddf2.o)
                0x08000a20                __unorddf2
                0x08000a20                __aeabi_dcmpun
 .text          0x08000a4c       0xa0 C:/ST/STM32CubeIDE_1.19.0/STM32CubeIDE/plugins/com.st.stm32cube.ide.mcu.externaltools.gnu-tools-for-stm32.13.3.rel1.win32_1.0.0.202411081344/tools/bin/../lib/gcc/arm-none-eabi/13.3.1/thumb/v7-m/nofp\libgcc.a(_arm_truncdfsf2.o)
                0x08000a4c                __truncdfsf2
                0x08000a4c                __aeabi_d2f
 .text          0x08000aec      0x21c C:/ST/STM32CubeIDE_1.19.0/STM32CubeIDE/plugins/com.st.stm32cube.ide.mcu.externaltools.gnu-tools-for-stm32.13.3.rel1.win32_1.0.0.202411081344/tools/bin/../lib/gcc/arm-none-eabi/13.3.1/thumb/v7-m/nofp\libgcc.a(_arm_addsubsf3.o)
                0x08000aec                __aeabi_frsub
                0x08000af4                __subsf3
                0x08000af4                __aeabi_fsub
                0x08000af8                __aeabi_fadd
                0x08000af8                __addsf3
                0x08000c58                __aeabi_ui2f
                0x08000c58                __floatunsisf
                0x08000c60                __aeabi_i2f
                0x08000c60                __floatsisf
                0x08000c7c                __aeabi_ul2f
                0x08000c7c                __floatundisf
                0x08000c8c                __aeabi_l2f
                0x08000c8c                __floatdisf
 .text          0x08000d08      0x2a0 C:/ST/STM32CubeIDE_1.19.0/STM32CubeIDE/plugins/com.st.stm32cube.ide.mcu.externaltools.gnu-tools-for-stm32.13.3.rel1.win32_1.0.0.202411081344/tools/bin/../lib/gcc/arm-none-eabi/13.3.1/thumb/v7-m/nofp\libgcc.a(_arm_muldivsf3.o)
                0x08000d08                __mulsf3
                0x08000d08                __aeabi_fmul
                0x08000e70                __aeabi_fdiv
                0x08000e70                __divsf3
 .text          0x08000fa8       0xec C:/ST/STM32CubeIDE_1.19.0/STM32CubeIDE/plugins/com.st.stm32cube.ide.mcu.externaltools.gnu-tools-for-stm32.13.3.rel1.win32_1.0.0.202411081344/tools/bin/../lib/gcc/arm-none-eabi/13.3.1/thumb/v7-m/nofp\libgcc.a(_arm_cmpsf2.o)
                0x08000fa8                __gesf2
                0x08000fa8                __gtsf2
                0x08000fb0                __lesf2
                0x08000fb0                __ltsf2
                0x08000fb8                __nesf2
                0x08000fb8                __eqsf2
                0x08000fb8                __cmpsf2
                0x08001018                __aeabi_cfrcmple
                0x08001020                __aeabi_cfcmpeq
                0x08001020                __aeabi_cfcmple
                0x08001030                __aeabi_fcmpeq
                0x08001044                __aeabi_fcmplt
                0x08001058                __aeabi_fcmple
                0x0800106c                __aeabi_fcmpge
                0x08001080                __aeabi_fcmpgt
 .text          0x08001094       0x2c C:/ST/STM32CubeIDE_1.19.0/STM32CubeIDE/plugins/com.st.stm32cube.ide.mcu.externaltools.gnu-tools-for-stm32.13.3.rel1.win32_1.0.0.202411081344/tools/bin/../lib/gcc/arm-none-eabi/13.3.1/thumb/v7-m/nofp\libgcc.a(_arm_unordsf2.o)
                0x08001094                __unordsf2
                0x08001094                __aeabi_fcmpun
 .text          0x080010c0       0x4c C:/ST/STM32CubeIDE_1.19.0/STM32CubeIDE/plugins/com.st.stm32cube.ide.mcu.externaltools.gnu-tools-for-stm32.13.3.rel1.win32_1.0.0.202411081344/tools/bin/../lib/gcc/arm-none-eabi/13.3.1/thumb/v7-m/nofp\libgcc.a(_arm_fixsfsi.o)
                0x080010c0                __aeabi_f2iz
                0x080010c0                __fixsfsi
 *(.text*)
 *fill*         0x0800110c        0x4 
 .text.Calculate_temprature
                0x08001110       0xe0 ./Core/Src/NTC_calculate_temp.o
                0x08001110                Calculate_temprature
 .text.PID_Decision
                0x080011f0       0x40 ./Core/Src/PID.o
                0x080011f0                PID_Decision
 .text.PID_Compute_for_Heater_Power
                0x08001230       0xe8 ./Core/Src/PID.o
                0x08001230                PID_Compute_for_Heater_Power
 .text.PCR_GetFinalRunResult
                0x08001318      0x20c ./Core/Src/Result_interpretation.o
                0x08001318                PCR_GetFinalRunResult
 .text.prv_calculate_baseline
                0x08001524      0x154 ./Core/Src/Result_interpretation.o
 .text.prv_detect_Tt
                0x08001678       0x98 ./Core/Src/Result_interpretation.o
 .text.prv_apply_IC_gating
                0x08001710       0x50 ./Core/Src/Result_interpretation.o
 .text.PCR_Init
                0x08001760       0x7c ./Core/Src/Result_interpretation.o
                0x08001760                PCR_Init
 .text.PCR_OnMinuteTick
                0x080017dc       0x58 ./Core/Src/Result_interpretation.o
                0x080017dc                PCR_OnMinuteTick
 .text.PCR_FinalResults
                0x08001834      0x114 ./Core/Src/Result_interpretation.o
                0x08001834                PCR_FinalResults
 .text.Positive_led_indicate
                0x08001948       0x28 ./Core/Src/Result_interpretation.o
                0x08001948                Positive_led_indicate
 .text.Negative_led_indicate
                0x08001970       0x28 ./Core/Src/Result_interpretation.o
                0x08001970                Negative_led_indicate
 .text.Invalid_led_indicate
                0x08001998       0x3c ./Core/Src/Result_interpretation.o
                0x08001998                Invalid_led_indicate
 .text.__NVIC_SystemReset
                0x080019d4       0x2c ./Core/Src/main.o
 .text.HAL_ADC_ConvCpltCallback
                0x08001a00      0x158 ./Core/Src/main.o
                0x08001a00                HAL_ADC_ConvCpltCallback
 .text.HAL_TIM_PeriodElapsedCallback
                0x08001b58      0x22c ./Core/Src/main.o
                0x08001b58                HAL_TIM_PeriodElapsedCallback
 .text.HAL_UART_RxCpltCallback
                0x08001d84      0x180 ./Core/Src/main.o
                0x08001d84                HAL_UART_RxCpltCallback
 .text.main     0x08001f04      0x388 ./Core/Src/main.o
                0x08001f04                main
 .text.SystemClock_Config
                0x0800228c       0xbe ./Core/Src/main.o
                0x0800228c                SystemClock_Config
 *fill*         0x0800234a        0x2 
 .text.MX_ADC1_Init
                0x0800234c       0x9c ./Core/Src/main.o
 .text.MX_I2C1_Init
                0x080023e8       0x5c ./Core/Src/main.o
 .text.MX_TIM3_Init
                0x08002444       0xec ./Core/Src/main.o
 .text.MX_TIM4_Init
                0x08002530       0x9c ./Core/Src/main.o
 .text.MX_USART1_UART_Init
                0x080025cc       0x54 ./Core/Src/main.o
 .text.MX_USART2_UART_Init
                0x08002620       0x54 ./Core/Src/main.o
 .text.MX_USART3_UART_Init
                0x08002674       0x54 ./Core/Src/main.o
 .text.MX_DMA_Init
                0x080026c8       0x3c ./Core/Src/main.o
 .text.MX_GPIO_Init
                0x08002704      0x164 ./Core/Src/main.o
 .text.Excite_Aquisition_and_calculate_Result
                0x08002868      0x138 ./Core/Src/main.o
                0x08002868                Excite_Aquisition_and_calculate_Result
 .text.send_usb_string
                0x080029a0       0x30 ./Core/Src/main.o
                0x080029a0                send_usb_string
 .text.send_BLE_using_USART3_string
                0x080029d0       0x28 ./Core/Src/main.o
                0x080029d0                send_BLE_using_USART3_string
 .text.Device_ready_Tone
                0x080029f8       0x6c ./Core/Src/main.o
                0x080029f8                Device_ready_Tone
 .text.Buzzer_power_on_tone
                0x08002a64       0x6c ./Core/Src/main.o
                0x08002a64                Buzzer_power_on_tone
 .text.Buzzer_Test_Complete_tone
                0x08002ad0       0x70 ./Core/Src/main.o
                0x08002ad0                Buzzer_Test_Complete_tone
 .text.Reset_buffer_index
                0x08002b40       0x28 ./Core/Src/main.o
                0x08002b40                Reset_buffer_index
 .text.Trigger_led_Aquire_data
                0x08002b68       0x48 ./Core/Src/main.o
                0x08002b68                Trigger_led_Aquire_data
 .text.Turn_off_All_LED
                0x08002bb0       0x40 ./Core/Src/main.o
                0x08002bb0                Turn_off_All_LED
 .text.Turn_off_Rest_of_the_Turned_on_LED
                0x08002bf0       0x54 ./Core/Src/main.o
                0x08002bf0                Turn_off_Rest_of_the_Turned_on_LED
 .text.Trigger_LED_Channel
                0x08002c44       0x40 ./Core/Src/main.o
                0x08002c44                Trigger_LED_Channel
 .text.check_Temprature_sensor_available
                0x08002c84       0x2a ./Core/Src/main.o
                0x08002c84                check_Temprature_sensor_available
 *fill*         0x08002cae        0x2 
 .text.Send_timer_to_display_Preheat_time
                0x08002cb0       0xe8 ./Core/Src/main.o
                0x08002cb0                Send_timer_to_display_Preheat_time
 .text.Send_timer_to_display_Test_time
                0x08002d98       0xf0 ./Core/Src/main.o
                0x08002d98                Send_timer_to_display_Test_time
 .text.Preheat_loop
                0x08002e88      0x290 ./Core/Src/main.o
                0x08002e88                Preheat_loop
 .text.Error_Handler
                0x08003118       0x60 ./Core/Src/main.o
                0x08003118                Error_Handler
 .text.send_cmd
                0x08003178       0x40 ./Core/Src/ssd1306_1.o
 .text.send_cmds
                0x080031b8       0x42 ./Core/Src/ssd1306_1.o
 *fill*         0x080031fa        0x2 
 .text.SSD1306_Init
                0x080031fc       0x48 ./Core/Src/ssd1306_1.o
                0x080031fc                SSD1306_Init
 .text.SSD1306_Clear
                0x08003244       0x30 ./Core/Src/ssd1306_1.o
                0x08003244                SSD1306_Clear
 .text.SSD1306_DrawPixel
                0x08003274       0x98 ./Core/Src/ssd1306_1.o
                0x08003274                SSD1306_DrawPixel
 .text.SSD1306_DrawChar
                0x0800330c      0x174 ./Core/Src/ssd1306_1.o
                0x0800330c                SSD1306_DrawChar
 .text.SSD1306_DrawString
                0x08003480       0x9a ./Core/Src/ssd1306_1.o
                0x08003480                SSD1306_DrawString
 *fill*         0x0800351a        0x2 
 .text.SSD1306_Update
                0x0800351c       0x90 ./Core/Src/ssd1306_1.o
                0x0800351c                SSD1306_Update
 .text.HAL_MspInit
                0x080035ac       0x64 ./Core/Src/stm32f1xx_hal_msp.o
                0x080035ac                HAL_MspInit
 .text.HAL_ADC_MspInit
                0x08003610       0xd4 ./Core/Src/stm32f1xx_hal_msp.o
                0x08003610                HAL_ADC_MspInit
 .text.HAL_I2C_MspInit
                0x080036e4       0x7c ./Core/Src/stm32f1xx_hal_msp.o
                0x080036e4                HAL_I2C_MspInit
 .text.HAL_TIM_Base_MspInit
                0x08003760       0x74 ./Core/Src/stm32f1xx_hal_msp.o
                0x08003760                HAL_TIM_Base_MspInit
 .text.HAL_TIM_MspPostInit
                0x080037d4       0x64 ./Core/Src/stm32f1xx_hal_msp.o
                0x080037d4                HAL_TIM_MspPostInit
 .text.HAL_UART_MspInit
                0x08003838      0x1c8 ./Core/Src/stm32f1xx_hal_msp.o
                0x08003838                HAL_UART_MspInit
 .text.NMI_Handler
                0x08003a00        0x8 ./Core/Src/stm32f1xx_it.o
                0x08003a00                NMI_Handler
 .text.HardFault_Handler
                0x08003a08        0x8 ./Core/Src/stm32f1xx_it.o
                0x08003a08                HardFault_Handler
 .text.MemManage_Handler
                0x08003a10        0x8 ./Core/Src/stm32f1xx_it.o
                0x08003a10                MemManage_Handler
 .text.BusFault_Handler
                0x08003a18        0x8 ./Core/Src/stm32f1xx_it.o
                0x08003a18                BusFault_Handler
 .text.UsageFault_Handler
                0x08003a20        0x8 ./Core/Src/stm32f1xx_it.o
                0x08003a20                UsageFault_Handler
 .text.SVC_Handler
                0x08003a28        0xc ./Core/Src/stm32f1xx_it.o
                0x08003a28                SVC_Handler
 .text.DebugMon_Handler
                0x08003a34        0xc ./Core/Src/stm32f1xx_it.o
                0x08003a34                DebugMon_Handler
 .text.PendSV_Handler
                0x08003a40        0xc ./Core/Src/stm32f1xx_it.o
                0x08003a40                PendSV_Handler
 .text.SysTick_Handler
                0x08003a4c        0xc ./Core/Src/stm32f1xx_it.o
                0x08003a4c                SysTick_Handler
 .text.EXTI1_IRQHandler
                0x08003a58       0x38 ./Core/Src/stm32f1xx_it.o
                0x08003a58                EXTI1_IRQHandler
 .text.DMA1_Channel1_IRQHandler
                0x08003a90       0x14 ./Core/Src/stm32f1xx_it.o
                0x08003a90                DMA1_Channel1_IRQHandler
 .text.USB_LP_CAN1_RX0_IRQHandler
                0x08003aa4       0x14 ./Core/Src/stm32f1xx_it.o
                0x08003aa4                USB_LP_CAN1_RX0_IRQHandler
 .text.EXTI9_5_IRQHandler
                0x08003ab8       0x1c ./Core/Src/stm32f1xx_it.o
                0x08003ab8                EXTI9_5_IRQHandler
 .text.TIM4_IRQHandler
                0x08003ad4       0x14 ./Core/Src/stm32f1xx_it.o
                0x08003ad4                TIM4_IRQHandler
 .text.USART2_IRQHandler
                0x08003ae8       0x14 ./Core/Src/stm32f1xx_it.o
                0x08003ae8                USART2_IRQHandler
 .text.USART3_IRQHandler
                0x08003afc       0x14 ./Core/Src/stm32f1xx_it.o
                0x08003afc                USART3_IRQHandler
 .text._sbrk    0x08003b10       0x6c ./Core/Src/sysmem.o
                0x08003b10                _sbrk
 .text.SystemInit
                0x08003b7c        0xc ./Core/Src/system_stm32f1xx.o
                0x08003b7c                SystemInit
 .text.Reset_Handler
                0x08003b88       0x48 ./Core/Startup/startup_stm32f103r8tx.o
                0x08003b88                Reset_Handler
 .text.Default_Handler
                0x08003bd0        0x2 ./Core/Startup/startup_stm32f103r8tx.o
                0x08003bd0                RTC_Alarm_IRQHandler
                0x08003bd0                EXTI2_IRQHandler
                0x08003bd0                TIM1_CC_IRQHandler
                0x08003bd0                PVD_IRQHandler
                0x08003bd0                EXTI3_IRQHandler
                0x08003bd0                EXTI0_IRQHandler
                0x08003bd0                I2C2_EV_IRQHandler
                0x08003bd0                ADC1_2_IRQHandler
                0x08003bd0                SPI1_IRQHandler
                0x08003bd0                TAMPER_IRQHandler
                0x08003bd0                DMA1_Channel4_IRQHandler
                0x08003bd0                RTC_IRQHandler
                0x08003bd0                DMA1_Channel7_IRQHandler
                0x08003bd0                CAN1_RX1_IRQHandler
                0x08003bd0                I2C1_EV_IRQHandler
                0x08003bd0                DMA1_Channel6_IRQHandler
                0x08003bd0                TIM3_IRQHandler
                0x08003bd0                RCC_IRQHandler
                0x08003bd0                TIM1_TRG_COM_IRQHandler
                0x08003bd0                Default_Handler
                0x08003bd0                EXTI15_10_IRQHandler
                0x08003bd0                SPI2_IRQHandler
                0x08003bd0                DMA1_Channel5_IRQHandler
                0x08003bd0                EXTI4_IRQHandler
                0x08003bd0                USB_HP_CAN1_TX_IRQHandler
                0x08003bd0                DMA1_Channel3_IRQHandler
                0x08003bd0                TIM1_UP_IRQHandler
                0x08003bd0                WWDG_IRQHandler
                0x08003bd0                TIM2_IRQHandler
                0x08003bd0                TIM1_BRK_IRQHandler
                0x08003bd0                I2C2_ER_IRQHandler
                0x08003bd0                DMA1_Channel2_IRQHandler
                0x08003bd0                CAN1_SCE_IRQHandler
                0x08003bd0                FLASH_IRQHandler
                0x08003bd0                USART1_IRQHandler
                0x08003bd0                I2C1_ER_IRQHandler
                0x08003bd0                USBWakeUp_IRQHandler
 *fill*         0x08003bd2        0x2 
 .text.HAL_Init
                0x08003bd4       0x2c ./Drivers/STM32F1xx_HAL_Driver/Src/stm32f1xx_hal.o
                0x08003bd4                HAL_Init
 .text.HAL_InitTick
                0x08003c00       0x60 ./Drivers/STM32F1xx_HAL_Driver/Src/stm32f1xx_hal.o
                0x08003c00                HAL_InitTick
 .text.HAL_IncTick
                0x08003c60       0x24 ./Drivers/STM32F1xx_HAL_Driver/Src/stm32f1xx_hal.o
                0x08003c60                HAL_IncTick
 .text.HAL_GetTick
                0x08003c84       0x14 ./Drivers/STM32F1xx_HAL_Driver/Src/stm32f1xx_hal.o
                0x08003c84                HAL_GetTick
 .text.HAL_Delay
                0x08003c98       0x48 ./Drivers/STM32F1xx_HAL_Driver/Src/stm32f1xx_hal.o
                0x08003c98                HAL_Delay
 .text.HAL_ADC_Init
                0x08003ce0      0x1b0 ./Drivers/STM32F1xx_HAL_Driver/Src/stm32f1xx_hal_adc.o
                0x08003ce0                HAL_ADC_Init
 .text.HAL_ADC_Start_DMA
                0x08003e90      0x1bc ./Drivers/STM32F1xx_HAL_Driver/Src/stm32f1xx_hal_adc.o
                0x08003e90                HAL_ADC_Start_DMA
 .text.HAL_ADC_ConvHalfCpltCallback
                0x0800404c       0x12 ./Drivers/STM32F1xx_HAL_Driver/Src/stm32f1xx_hal_adc.o
                0x0800404c                HAL_ADC_ConvHalfCpltCallback
 .text.HAL_ADC_ErrorCallback
                0x0800405e       0x12 ./Drivers/STM32F1xx_HAL_Driver/Src/stm32f1xx_hal_adc.o
                0x0800405e                HAL_ADC_ErrorCallback
 .text.HAL_ADC_ConfigChannel
                0x08004070      0x1f0 ./Drivers/STM32F1xx_HAL_Driver/Src/stm32f1xx_hal_adc.o
                0x08004070                HAL_ADC_ConfigChannel
 .text.ADC_Enable
                0x08004260       0xb4 ./Drivers/STM32F1xx_HAL_Driver/Src/stm32f1xx_hal_adc.o
                0x08004260                ADC_Enable
 .text.ADC_ConversionStop_Disable
                0x08004314       0x82 ./Drivers/STM32F1xx_HAL_Driver/Src/stm32f1xx_hal_adc.o
                0x08004314                ADC_ConversionStop_Disable
 .text.ADC_DMAConvCplt
                0x08004396       0x7c ./Drivers/STM32F1xx_HAL_Driver/Src/stm32f1xx_hal_adc.o
                0x08004396                ADC_DMAConvCplt
 .text.ADC_DMAHalfConvCplt
                0x08004412       0x1c ./Drivers/STM32F1xx_HAL_Driver/Src/stm32f1xx_hal_adc.o
                0x08004412                ADC_DMAHalfConvCplt
 .text.ADC_DMAError
                0x0800442e       0x34 ./Drivers/STM32F1xx_HAL_Driver/Src/stm32f1xx_hal_adc.o
                0x0800442e                ADC_DMAError
 *fill*         0x08004462        0x2 
 .text.HAL_ADCEx_Calibration_Start
                0x08004464      0x15c ./Drivers/STM32F1xx_HAL_Driver/Src/stm32f1xx_hal_adc_ex.o
                0x08004464                HAL_ADCEx_Calibration_Start
 .text.__NVIC_SetPriorityGrouping
                0x080045c0       0x48 ./Drivers/STM32F1xx_HAL_Driver/Src/stm32f1xx_hal_cortex.o
 .text.__NVIC_GetPriorityGrouping
                0x08004608       0x1c ./Drivers/STM32F1xx_HAL_Driver/Src/stm32f1xx_hal_cortex.o
 .text.__NVIC_EnableIRQ
                0x08004624       0x38 ./Drivers/STM32F1xx_HAL_Driver/Src/stm32f1xx_hal_cortex.o
 .text.__NVIC_SetPriority
                0x0800465c       0x54 ./Drivers/STM32F1xx_HAL_Driver/Src/stm32f1xx_hal_cortex.o
 .text.NVIC_EncodePriority
                0x080046b0       0x64 ./Drivers/STM32F1xx_HAL_Driver/Src/stm32f1xx_hal_cortex.o
 .text.SysTick_Config
                0x08004714       0x44 ./Drivers/STM32F1xx_HAL_Driver/Src/stm32f1xx_hal_cortex.o
 .text.HAL_NVIC_SetPriorityGrouping
                0x08004758       0x16 ./Drivers/STM32F1xx_HAL_Driver/Src/stm32f1xx_hal_cortex.o
                0x08004758                HAL_NVIC_SetPriorityGrouping
 .text.HAL_NVIC_SetPriority
                0x0800476e       0x38 ./Drivers/STM32F1xx_HAL_Driver/Src/stm32f1xx_hal_cortex.o
                0x0800476e                HAL_NVIC_SetPriority
 .text.HAL_NVIC_EnableIRQ
                0x080047a6       0x1c ./Drivers/STM32F1xx_HAL_Driver/Src/stm32f1xx_hal_cortex.o
                0x080047a6                HAL_NVIC_EnableIRQ
 .text.HAL_SYSTICK_Config
                0x080047c2       0x18 ./Drivers/STM32F1xx_HAL_Driver/Src/stm32f1xx_hal_cortex.o
                0x080047c2                HAL_SYSTICK_Config
 *fill*         0x080047da        0x2 
 .text.HAL_DMA_Init
                0x080047dc       0xb4 ./Drivers/STM32F1xx_HAL_Driver/Src/stm32f1xx_hal_dma.o
                0x080047dc                HAL_DMA_Init
 .text.HAL_DMA_Start_IT
                0x08004890       0xc0 ./Drivers/STM32F1xx_HAL_Driver/Src/stm32f1xx_hal_dma.o
                0x08004890                HAL_DMA_Start_IT
 .text.HAL_DMA_Abort
                0x08004950       0x76 ./Drivers/STM32F1xx_HAL_Driver/Src/stm32f1xx_hal_dma.o
                0x08004950                HAL_DMA_Abort
 *fill*         0x080049c6        0x2 
 .text.HAL_DMA_Abort_IT
                0x080049c8       0xf0 ./Drivers/STM32F1xx_HAL_Driver/Src/stm32f1xx_hal_dma.o
                0x080049c8                HAL_DMA_Abort_IT
 .text.HAL_DMA_IRQHandler
                0x08004ab8      0x20c ./Drivers/STM32F1xx_HAL_Driver/Src/stm32f1xx_hal_dma.o
                0x08004ab8                HAL_DMA_IRQHandler
 .text.DMA_SetConfig
                0x08004cc4       0x5a ./Drivers/STM32F1xx_HAL_Driver/Src/stm32f1xx_hal_dma.o
 *fill*         0x08004d1e        0x2 
 .text.HAL_GPIO_Init
                0x08004d20      0x308 ./Drivers/STM32F1xx_HAL_Driver/Src/stm32f1xx_hal_gpio.o
                0x08004d20                HAL_GPIO_Init
 .text.HAL_GPIO_ReadPin
                0x08005028       0x2e ./Drivers/STM32F1xx_HAL_Driver/Src/stm32f1xx_hal_gpio.o
                0x08005028                HAL_GPIO_ReadPin
 .text.HAL_GPIO_WritePin
                0x08005056       0x30 ./Drivers/STM32F1xx_HAL_Driver/Src/stm32f1xx_hal_gpio.o
                0x08005056                HAL_GPIO_WritePin
 .text.HAL_GPIO_TogglePin
                0x08005086       0x32 ./Drivers/STM32F1xx_HAL_Driver/Src/stm32f1xx_hal_gpio.o
                0x08005086                HAL_GPIO_TogglePin
 .text.HAL_GPIO_EXTI_IRQHandler
                0x080050b8       0x30 ./Drivers/STM32F1xx_HAL_Driver/Src/stm32f1xx_hal_gpio.o
                0x080050b8                HAL_GPIO_EXTI_IRQHandler
 .text.HAL_GPIO_EXTI_Callback
                0x080050e8       0x14 ./Drivers/STM32F1xx_HAL_Driver/Src/stm32f1xx_hal_gpio.o
                0x080050e8                HAL_GPIO_EXTI_Callback
 .text.HAL_I2C_Init
                0x080050fc      0x288 ./Drivers/STM32F1xx_HAL_Driver/Src/stm32f1xx_hal_i2c.o
                0x080050fc                HAL_I2C_Init
 .text.HAL_I2C_Master_Transmit
                0x08005384      0x1fc ./Drivers/STM32F1xx_HAL_Driver/Src/stm32f1xx_hal_i2c.o
                0x08005384                HAL_I2C_Master_Transmit
 .text.I2C_MasterRequestWrite
                0x08005580      0x104 ./Drivers/STM32F1xx_HAL_Driver/Src/stm32f1xx_hal_i2c.o
 .text.I2C_WaitOnFlagUntilTimeout
                0x08005684       0xf4 ./Drivers/STM32F1xx_HAL_Driver/Src/stm32f1xx_hal_i2c.o
 .text.I2C_WaitOnMasterAddressFlagUntilTimeout
                0x08005778      0x140 ./Drivers/STM32F1xx_HAL_Driver/Src/stm32f1xx_hal_i2c.o
 .text.I2C_WaitOnTXEFlagUntilTimeout
                0x080058b8       0x90 ./Drivers/STM32F1xx_HAL_Driver/Src/stm32f1xx_hal_i2c.o
 .text.I2C_WaitOnBTFFlagUntilTimeout
                0x08005948       0x90 ./Drivers/STM32F1xx_HAL_Driver/Src/stm32f1xx_hal_i2c.o
 .text.I2C_IsAcknowledgeFailed
                0x080059d8       0x5c ./Drivers/STM32F1xx_HAL_Driver/Src/stm32f1xx_hal_i2c.o
 .text.HAL_PCD_Init
                0x08005a34      0x1ec ./Drivers/STM32F1xx_HAL_Driver/Src/stm32f1xx_hal_pcd.o
                0x08005a34                HAL_PCD_Init
 .text.HAL_PCD_Start
                0x08005c20       0x4c ./Drivers/STM32F1xx_HAL_Driver/Src/stm32f1xx_hal_pcd.o
                0x08005c20                HAL_PCD_Start
 .text.HAL_PCD_IRQHandler
                0x08005c6c      0x260 ./Drivers/STM32F1xx_HAL_Driver/Src/stm32f1xx_hal_pcd.o
                0x08005c6c                HAL_PCD_IRQHandler
 .text.HAL_PCD_SetAddress
                0x08005ecc       0x48 ./Drivers/STM32F1xx_HAL_Driver/Src/stm32f1xx_hal_pcd.o
                0x08005ecc                HAL_PCD_SetAddress
 .text.HAL_PCD_EP_Open
                0x08005f14       0xba ./Drivers/STM32F1xx_HAL_Driver/Src/stm32f1xx_hal_pcd.o
                0x08005f14                HAL_PCD_EP_Open
 .text.HAL_PCD_EP_Close
                0x08005fce       0x90 ./Drivers/STM32F1xx_HAL_Driver/Src/stm32f1xx_hal_pcd.o
                0x08005fce                HAL_PCD_EP_Close
 .text.HAL_PCD_EP_Receive
                0x0800605e       0x62 ./Drivers/STM32F1xx_HAL_Driver/Src/stm32f1xx_hal_pcd.o
                0x0800605e                HAL_PCD_EP_Receive
 .text.HAL_PCD_EP_GetRxCount
                0x080060c0       0x2e ./Drivers/STM32F1xx_HAL_Driver/Src/stm32f1xx_hal_pcd.o
                0x080060c0                HAL_PCD_EP_GetRxCount
 .text.HAL_PCD_EP_Transmit
                0x080060ee       0x6e ./Drivers/STM32F1xx_HAL_Driver/Src/stm32f1xx_hal_pcd.o
                0x080060ee                HAL_PCD_EP_Transmit
 .text.HAL_PCD_EP_SetStall
                0x0800615c       0xc0 ./Drivers/STM32F1xx_HAL_Driver/Src/stm32f1xx_hal_pcd.o
                0x0800615c                HAL_PCD_EP_SetStall
 .text.HAL_PCD_EP_ClrStall
                0x0800621c       0xa8 ./Drivers/STM32F1xx_HAL_Driver/Src/stm32f1xx_hal_pcd.o
                0x0800621c                HAL_PCD_EP_ClrStall
 .text.PCD_EP_ISR_Handler
                0x080062c4      0x79e ./Drivers/STM32F1xx_HAL_Driver/Src/stm32f1xx_hal_pcd.o
 .text.HAL_PCD_EP_DB_Receive
                0x08006a62      0x21a ./Drivers/STM32F1xx_HAL_Driver/Src/stm32f1xx_hal_pcd.o
 .text.HAL_PCD_EP_DB_Transmit
                0x08006c7c      0x7f4 ./Drivers/STM32F1xx_HAL_Driver/Src/stm32f1xx_hal_pcd.o
 .text.HAL_PCDEx_PMAConfig
                0x08007470       0x84 ./Drivers/STM32F1xx_HAL_Driver/Src/stm32f1xx_hal_pcd_ex.o
                0x08007470                HAL_PCDEx_PMAConfig
 .text.HAL_RCC_OscConfig
                0x080074f4      0x504 ./Drivers/STM32F1xx_HAL_Driver/Src/stm32f1xx_hal_rcc.o
                0x080074f4                HAL_RCC_OscConfig
 .text.HAL_RCC_ClockConfig
                0x080079f8      0x1d4 ./Drivers/STM32F1xx_HAL_Driver/Src/stm32f1xx_hal_rcc.o
                0x080079f8                HAL_RCC_ClockConfig
 .text.HAL_RCC_GetSysClockFreq
                0x08007bcc       0xa8 ./Drivers/STM32F1xx_HAL_Driver/Src/stm32f1xx_hal_rcc.o
                0x08007bcc                HAL_RCC_GetSysClockFreq
 .text.HAL_RCC_GetHCLKFreq
                0x08007c74       0x14 ./Drivers/STM32F1xx_HAL_Driver/Src/stm32f1xx_hal_rcc.o
                0x08007c74                HAL_RCC_GetHCLKFreq
 .text.HAL_RCC_GetPCLK1Freq
                0x08007c88       0x28 ./Drivers/STM32F1xx_HAL_Driver/Src/stm32f1xx_hal_rcc.o
                0x08007c88                HAL_RCC_GetPCLK1Freq
 .text.HAL_RCC_GetPCLK2Freq
                0x08007cb0       0x28 ./Drivers/STM32F1xx_HAL_Driver/Src/stm32f1xx_hal_rcc.o
                0x08007cb0                HAL_RCC_GetPCLK2Freq
 .text.RCC_Delay
                0x08007cd8       0x3c ./Drivers/STM32F1xx_HAL_Driver/Src/stm32f1xx_hal_rcc.o
 .text.HAL_RCCEx_PeriphCLKConfig
                0x08007d14      0x16c ./Drivers/STM32F1xx_HAL_Driver/Src/stm32f1xx_hal_rcc_ex.o
                0x08007d14                HAL_RCCEx_PeriphCLKConfig
 .text.HAL_RCCEx_GetPeriphCLKFreq
                0x08007e80      0x16c ./Drivers/STM32F1xx_HAL_Driver/Src/stm32f1xx_hal_rcc_ex.o
                0x08007e80                HAL_RCCEx_GetPeriphCLKFreq
 .text.HAL_TIM_Base_Init
                0x08007fec       0x9e ./Drivers/STM32F1xx_HAL_Driver/Src/stm32f1xx_hal_tim.o
                0x08007fec                HAL_TIM_Base_Init
 *fill*         0x0800808a        0x2 
 .text.HAL_TIM_Base_Start_IT
                0x0800808c       0xa4 ./Drivers/STM32F1xx_HAL_Driver/Src/stm32f1xx_hal_tim.o
                0x0800808c                HAL_TIM_Base_Start_IT
 .text.HAL_TIM_PWM_Init
                0x08008130       0x9e ./Drivers/STM32F1xx_HAL_Driver/Src/stm32f1xx_hal_tim.o
                0x08008130                HAL_TIM_PWM_Init
 .text.HAL_TIM_PWM_MspInit
                0x080081ce       0x12 ./Drivers/STM32F1xx_HAL_Driver/Src/stm32f1xx_hal_tim.o
                0x080081ce                HAL_TIM_PWM_MspInit
 .text.HAL_TIM_PWM_Start
                0x080081e0      0x144 ./Drivers/STM32F1xx_HAL_Driver/Src/stm32f1xx_hal_tim.o
                0x080081e0                HAL_TIM_PWM_Start
 .text.HAL_TIM_IRQHandler
                0x08008324      0x1e0 ./Drivers/STM32F1xx_HAL_Driver/Src/stm32f1xx_hal_tim.o
                0x08008324                HAL_TIM_IRQHandler
 .text.HAL_TIM_PWM_ConfigChannel
                0x08008504      0x184 ./Drivers/STM32F1xx_HAL_Driver/Src/stm32f1xx_hal_tim.o
                0x08008504                HAL_TIM_PWM_ConfigChannel
 .text.HAL_TIM_ConfigClockSource
                0x08008688      0x18e ./Drivers/STM32F1xx_HAL_Driver/Src/stm32f1xx_hal_tim.o
                0x08008688                HAL_TIM_ConfigClockSource
 .text.HAL_TIM_OC_DelayElapsedCallback
                0x08008816       0x12 ./Drivers/STM32F1xx_HAL_Driver/Src/stm32f1xx_hal_tim.o
                0x08008816                HAL_TIM_OC_DelayElapsedCallback
 .text.HAL_TIM_IC_CaptureCallback
                0x08008828       0x12 ./Drivers/STM32F1xx_HAL_Driver/Src/stm32f1xx_hal_tim.o
                0x08008828                HAL_TIM_IC_CaptureCallback
 .text.HAL_TIM_PWM_PulseFinishedCallback
                0x0800883a       0x12 ./Drivers/STM32F1xx_HAL_Driver/Src/stm32f1xx_hal_tim.o
                0x0800883a                HAL_TIM_PWM_PulseFinishedCallback
 .text.HAL_TIM_TriggerCallback
                0x0800884c       0x12 ./Drivers/STM32F1xx_HAL_Driver/Src/stm32f1xx_hal_tim.o
                0x0800884c                HAL_TIM_TriggerCallback
 *fill*         0x0800885e        0x2 
 .text.TIM_Base_SetConfig
                0x08008860       0xdc ./Drivers/STM32F1xx_HAL_Driver/Src/stm32f1xx_hal_tim.o
                0x08008860                TIM_Base_SetConfig
 .text.TIM_OC1_SetConfig
                0x0800893c       0xcc ./Drivers/STM32F1xx_HAL_Driver/Src/stm32f1xx_hal_tim.o
 .text.TIM_OC2_SetConfig
                0x08008a08       0xd4 ./Drivers/STM32F1xx_HAL_Driver/Src/stm32f1xx_hal_tim.o
                0x08008a08                TIM_OC2_SetConfig
 .text.TIM_OC3_SetConfig
                0x08008adc       0xd4 ./Drivers/STM32F1xx_HAL_Driver/Src/stm32f1xx_hal_tim.o
 .text.TIM_OC4_SetConfig
                0x08008bb0       0x9c ./Drivers/STM32F1xx_HAL_Driver/Src/stm32f1xx_hal_tim.o
 .text.TIM_TI1_ConfigInputStage
                0x08008c4c       0x5c ./Drivers/STM32F1xx_HAL_Driver/Src/stm32f1xx_hal_tim.o
 .text.TIM_TI2_ConfigInputStage
                0x08008ca8       0x5e ./Drivers/STM32F1xx_HAL_Driver/Src/stm32f1xx_hal_tim.o
 .text.TIM_ITRx_SetConfig
                0x08008d06       0x34 ./Drivers/STM32F1xx_HAL_Driver/Src/stm32f1xx_hal_tim.o
 .text.TIM_ETR_SetConfig
                0x08008d3a       0x3e ./Drivers/STM32F1xx_HAL_Driver/Src/stm32f1xx_hal_tim.o
                0x08008d3a                TIM_ETR_SetConfig
 .text.TIM_CCxChannelCmd
                0x08008d78       0x48 ./Drivers/STM32F1xx_HAL_Driver/Src/stm32f1xx_hal_tim.o
                0x08008d78                TIM_CCxChannelCmd
 .text.HAL_TIMEx_MasterConfigSynchronization
                0x08008dc0       0xbc ./Drivers/STM32F1xx_HAL_Driver/Src/stm32f1xx_hal_tim_ex.o
                0x08008dc0                HAL_TIMEx_MasterConfigSynchronization
 .text.HAL_TIMEx_CommutCallback
                0x08008e7c       0x12 ./Drivers/STM32F1xx_HAL_Driver/Src/stm32f1xx_hal_tim_ex.o
                0x08008e7c                HAL_TIMEx_CommutCallback
 .text.HAL_TIMEx_BreakCallback
                0x08008e8e       0x12 ./Drivers/STM32F1xx_HAL_Driver/Src/stm32f1xx_hal_tim_ex.o
                0x08008e8e                HAL_TIMEx_BreakCallback
 .text.HAL_UART_Init
                0x08008ea0       0xa0 ./Drivers/STM32F1xx_HAL_Driver/Src/stm32f1xx_hal_uart.o
                0x08008ea0                HAL_UART_Init
 .text.HAL_UART_Transmit
                0x08008f40      0x116 ./Drivers/STM32F1xx_HAL_Driver/Src/stm32f1xx_hal_uart.o
                0x08008f40                HAL_UART_Transmit
 .text.HAL_UART_Receive_IT
                0x08009056       0x4a ./Drivers/STM32F1xx_HAL_Driver/Src/stm32f1xx_hal_uart.o
                0x08009056                HAL_UART_Receive_IT
 .text.HAL_UART_IRQHandler
                0x080090a0      0x524 ./Drivers/STM32F1xx_HAL_Driver/Src/stm32f1xx_hal_uart.o
                0x080090a0                HAL_UART_IRQHandler
 .text.HAL_UART_TxCpltCallback
                0x080095c4       0x12 ./Drivers/STM32F1xx_HAL_Driver/Src/stm32f1xx_hal_uart.o
                0x080095c4                HAL_UART_TxCpltCallback
 .text.HAL_UART_ErrorCallback
                0x080095d6       0x12 ./Drivers/STM32F1xx_HAL_Driver/Src/stm32f1xx_hal_uart.o
                0x080095d6                HAL_UART_ErrorCallback
 .text.HAL_UARTEx_RxEventCallback
                0x080095e8       0x16 ./Drivers/STM32F1xx_HAL_Driver/Src/stm32f1xx_hal_uart.o
                0x080095e8                HAL_UARTEx_RxEventCallback
 .text.UART_WaitOnFlagUntilTimeout
                0x080095fe       0xb2 ./Drivers/STM32F1xx_HAL_Driver/Src/stm32f1xx_hal_uart.o
 .text.UART_Start_Receive_IT
                0x080096b0       0x72 ./Drivers/STM32F1xx_HAL_Driver/Src/stm32f1xx_hal_uart.o
                0x080096b0                UART_Start_Receive_IT
 .text.UART_EndRxTransfer
                0x08009722       0xc4 ./Drivers/STM32F1xx_HAL_Driver/Src/stm32f1xx_hal_uart.o
 .text.UART_DMAAbortOnError
                0x080097e6       0x28 ./Drivers/STM32F1xx_HAL_Driver/Src/stm32f1xx_hal_uart.o
 .text.UART_Transmit_IT
                0x0800980e       0x9e ./Drivers/STM32F1xx_HAL_Driver/Src/stm32f1xx_hal_uart.o
 .text.UART_EndTransmit_IT
                0x080098ac       0x30 ./Drivers/STM32F1xx_HAL_Driver/Src/stm32f1xx_hal_uart.o
 .text.UART_Receive_IT
                0x080098dc      0x17c ./Drivers/STM32F1xx_HAL_Driver/Src/stm32f1xx_hal_uart.o
 .text.UART_SetConfig
                0x08009a58      0x11c ./Drivers/STM32F1xx_HAL_Driver/Src/stm32f1xx_hal_uart.o
 .text.USB_CoreInit
                0x08009b74       0x1a ./Drivers/STM32F1xx_HAL_Driver/Src/stm32f1xx_ll_usb.o
                0x08009b74                USB_CoreInit
 .text.USB_EnableGlobalInt
                0x08009b8e       0x2c ./Drivers/STM32F1xx_HAL_Driver/Src/stm32f1xx_ll_usb.o
                0x08009b8e                USB_EnableGlobalInt
 .text.USB_DisableGlobalInt
                0x08009bba       0x34 ./Drivers/STM32F1xx_HAL_Driver/Src/stm32f1xx_ll_usb.o
                0x08009bba                USB_DisableGlobalInt
 .text.USB_SetCurrentMode
                0x08009bee       0x18 ./Drivers/STM32F1xx_HAL_Driver/Src/stm32f1xx_ll_usb.o
                0x08009bee                USB_SetCurrentMode
 .text.USB_DevInit
                0x08009c06       0x3a ./Drivers/STM32F1xx_HAL_Driver/Src/stm32f1xx_ll_usb.o
                0x08009c06                USB_DevInit
 .text.USB_ActivateEndpoint
                0x08009c40      0x780 ./Drivers/STM32F1xx_HAL_Driver/Src/stm32f1xx_ll_usb.o
                0x08009c40                USB_ActivateEndpoint
 .text.USB_DeactivateEndpoint
                0x0800a3c0      0x3d8 ./Drivers/STM32F1xx_HAL_Driver/Src/stm32f1xx_ll_usb.o
                0x0800a3c0                USB_DeactivateEndpoint
 .text.USB_EPStartXfer
                0x0800a798     0x1762 ./Drivers/STM32F1xx_HAL_Driver/Src/stm32f1xx_ll_usb.o
                0x0800a798                USB_EPStartXfer
 .text.USB_EPSetStall
                0x0800befa       0xa0 ./Drivers/STM32F1xx_HAL_Driver/Src/stm32f1xx_ll_usb.o
                0x0800befa                USB_EPSetStall
 .text.USB_EPClearStall
                0x0800bf9a      0x15a ./Drivers/STM32F1xx_HAL_Driver/Src/stm32f1xx_ll_usb.o
                0x0800bf9a                USB_EPClearStall
 .text.USB_SetDevAddress
                0x0800c0f4       0x26 ./Drivers/STM32F1xx_HAL_Driver/Src/stm32f1xx_ll_usb.o
                0x0800c0f4                USB_SetDevAddress
 .text.USB_DevConnect
                0x0800c11a       0x14 ./Drivers/STM32F1xx_HAL_Driver/Src/stm32f1xx_ll_usb.o
                0x0800c11a                USB_DevConnect
 .text.USB_DevDisconnect
                0x0800c12e       0x14 ./Drivers/STM32F1xx_HAL_Driver/Src/stm32f1xx_ll_usb.o
                0x0800c12e                USB_DevDisconnect
 .text.USB_ReadInterrupts
                0x0800c142       0x1e ./Drivers/STM32F1xx_HAL_Driver/Src/stm32f1xx_ll_usb.o
                0x0800c142                USB_ReadInterrupts
 .text.USB_EP0_OutStart
                0x0800c160       0x16 ./Drivers/STM32F1xx_HAL_Driver/Src/stm32f1xx_ll_usb.o
                0x0800c160                USB_EP0_OutStart
 .text.USB_WritePMA
                0x0800c176       0x8c ./Drivers/STM32F1xx_HAL_Driver/Src/stm32f1xx_ll_usb.o
                0x0800c176                USB_WritePMA
 .text.USB_ReadPMA
                0x0800c202       0x9e ./Drivers/STM32F1xx_HAL_Driver/Src/stm32f1xx_ll_usb.o
                0x0800c202                USB_ReadPMA
 .text.USBD_CDC_Init
                0x0800c2a0       0xf4 ./Middlewares/ST/STM32_USB_Device_Library/Class/CDC/Src/usbd_cdc.o
 .text.USBD_CDC_DeInit
                0x0800c394       0x6e ./Middlewares/ST/STM32_USB_Device_Library/Class/CDC/Src/usbd_cdc.o
 .text.USBD_CDC_Setup
                0x0800c402      0x146 ./Middlewares/ST/STM32_USB_Device_Library/Class/CDC/Src/usbd_cdc.o
 .text.USBD_CDC_DataIn
                0x0800c548       0xa6 ./Middlewares/ST/STM32_USB_Device_Library/Class/CDC/Src/usbd_cdc.o
 .text.USBD_CDC_DataOut
                0x0800c5ee       0x56 ./Middlewares/ST/STM32_USB_Device_Library/Class/CDC/Src/usbd_cdc.o
 .text.USBD_CDC_EP0_RxReady
                0x0800c644       0x4e ./Middlewares/ST/STM32_USB_Device_Library/Class/CDC/Src/usbd_cdc.o
 *fill*         0x0800c692        0x2 
 .text.USBD_CDC_GetFSCfgDesc
                0x0800c694       0x20 ./Middlewares/ST/STM32_USB_Device_Library/Class/CDC/Src/usbd_cdc.o
 .text.USBD_CDC_GetHSCfgDesc
                0x0800c6b4       0x20 ./Middlewares/ST/STM32_USB_Device_Library/Class/CDC/Src/usbd_cdc.o
 .text.USBD_CDC_GetOtherSpeedCfgDesc
                0x0800c6d4       0x20 ./Middlewares/ST/STM32_USB_Device_Library/Class/CDC/Src/usbd_cdc.o
 .text.USBD_CDC_GetDeviceQualifierDescriptor
                0x0800c6f4       0x20 ./Middlewares/ST/STM32_USB_Device_Library/Class/CDC/Src/usbd_cdc.o
                0x0800c6f4                USBD_CDC_GetDeviceQualifierDescriptor
 .text.USBD_CDC_RegisterInterface
                0x0800c714       0x2c ./Middlewares/ST/STM32_USB_Device_Library/Class/CDC/Src/usbd_cdc.o
                0x0800c714                USBD_CDC_RegisterInterface
 .text.USBD_CDC_SetTxBuffer
                0x0800c740       0x32 ./Middlewares/ST/STM32_USB_Device_Library/Class/CDC/Src/usbd_cdc.o
                0x0800c740                USBD_CDC_SetTxBuffer
 .text.USBD_CDC_SetRxBuffer
                0x0800c772       0x26 ./Middlewares/ST/STM32_USB_Device_Library/Class/CDC/Src/usbd_cdc.o
                0x0800c772                USBD_CDC_SetRxBuffer
 .text.USBD_CDC_TransmitPacket
                0x0800c798       0x5e ./Middlewares/ST/STM32_USB_Device_Library/Class/CDC/Src/usbd_cdc.o
                0x0800c798                USBD_CDC_TransmitPacket
 .text.USBD_CDC_ReceivePacket
                0x0800c7f6       0x54 ./Middlewares/ST/STM32_USB_Device_Library/Class/CDC/Src/usbd_cdc.o
                0x0800c7f6                USBD_CDC_ReceivePacket
 .text.USBD_Init
                0x0800c84a       0x56 ./Middlewares/ST/STM32_USB_Device_Library/Core/Src/usbd_core.o
                0x0800c84a                USBD_Init
 .text.USBD_RegisterClass
                0x0800c8a0       0x32 ./Middlewares/ST/STM32_USB_Device_Library/Core/Src/usbd_core.o
                0x0800c8a0                USBD_RegisterClass
 .text.USBD_Start
                0x0800c8d2       0x18 ./Middlewares/ST/STM32_USB_Device_Library/Core/Src/usbd_core.o
                0x0800c8d2                USBD_Start
 .text.USBD_RunTestMode
                0x0800c8ea       0x14 ./Middlewares/ST/STM32_USB_Device_Library/Core/Src/usbd_core.o
                0x0800c8ea                USBD_RunTestMode
 .text.USBD_SetClassConfig
                0x0800c8fe       0x3e ./Middlewares/ST/STM32_USB_Device_Library/Core/Src/usbd_core.o
                0x0800c8fe                USBD_SetClassConfig
 .text.USBD_ClrClassConfig
                0x0800c93c       0x26 ./Middlewares/ST/STM32_USB_Device_Library/Core/Src/usbd_core.o
                0x0800c93c                USBD_ClrClassConfig
 .text.USBD_LL_SetupStage
                0x0800c962       0x9a ./Middlewares/ST/STM32_USB_Device_Library/Core/Src/usbd_core.o
                0x0800c962                USBD_LL_SetupStage
 .text.USBD_LL_DataOutStage
                0x0800c9fc       0xe2 ./Middlewares/ST/STM32_USB_Device_Library/Core/Src/usbd_core.o
                0x0800c9fc                USBD_LL_DataOutStage
 .text.USBD_LL_DataInStage
                0x0800cade      0x14a ./Middlewares/ST/STM32_USB_Device_Library/Core/Src/usbd_core.o
                0x0800cade                USBD_LL_DataInStage
 .text.USBD_LL_Reset
                0x0800cc28       0x82 ./Middlewares/ST/STM32_USB_Device_Library/Core/Src/usbd_core.o
                0x0800cc28                USBD_LL_Reset
 .text.USBD_LL_SetSpeed
                0x0800ccaa       0x1e ./Middlewares/ST/STM32_USB_Device_Library/Core/Src/usbd_core.o
                0x0800ccaa                USBD_LL_SetSpeed
 .text.USBD_LL_Suspend
                0x0800ccc8       0x28 ./Middlewares/ST/STM32_USB_Device_Library/Core/Src/usbd_core.o
                0x0800ccc8                USBD_LL_Suspend
 .text.USBD_LL_Resume
                0x0800ccf0       0x2a ./Middlewares/ST/STM32_USB_Device_Library/Core/Src/usbd_core.o
                0x0800ccf0                USBD_LL_Resume
 .text.USBD_LL_SOF
                0x0800cd1a       0x34 ./Middlewares/ST/STM32_USB_Device_Library/Core/Src/usbd_core.o
                0x0800cd1a                USBD_LL_SOF
 *fill*         0x0800cd4e        0x2 
 .text.USBD_StdDevReq
                0x0800cd50       0xd4 ./Middlewares/ST/STM32_USB_Device_Library/Core/Src/usbd_ctlreq.o
                0x0800cd50                USBD_StdDevReq
 .text.USBD_StdItfReq
                0x0800ce24       0x90 ./Middlewares/ST/STM32_USB_Device_Library/Core/Src/usbd_ctlreq.o
                0x0800ce24                USBD_StdItfReq
 .text.USBD_StdEPReq
                0x0800ceb4      0x2c6 ./Middlewares/ST/STM32_USB_Device_Library/Core/Src/usbd_ctlreq.o
                0x0800ceb4                USBD_StdEPReq
 *fill*         0x0800d17a        0x2 
 .text.USBD_GetDescriptor
                0x0800d17c      0x2d0 ./Middlewares/ST/STM32_USB_Device_Library/Core/Src/usbd_ctlreq.o
 .text.USBD_SetAddress
                0x0800d44c       0x86 ./Middlewares/ST/STM32_USB_Device_Library/Core/Src/usbd_ctlreq.o
 *fill*         0x0800d4d2        0x2 
 .text.USBD_SetConfig
                0x0800d4d4      0x11c ./Middlewares/ST/STM32_USB_Device_Library/Core/Src/usbd_ctlreq.o
 .text.USBD_GetConfig
                0x0800d5f0       0x6a ./Middlewares/ST/STM32_USB_Device_Library/Core/Src/usbd_ctlreq.o
 .text.USBD_GetStatus
                0x0800d65a       0x66 ./Middlewares/ST/STM32_USB_Device_Library/Core/Src/usbd_ctlreq.o
 .text.USBD_SetFeature
                0x0800d6c0       0x28 ./Middlewares/ST/STM32_USB_Device_Library/Core/Src/usbd_ctlreq.o
 .text.USBD_ClrFeature
                0x0800d6e8       0x42 ./Middlewares/ST/STM32_USB_Device_Library/Core/Src/usbd_ctlreq.o
 .text.USBD_ParseSetupRequest
                0x0800d72a       0x72 ./Middlewares/ST/STM32_USB_Device_Library/Core/Src/usbd_ctlreq.o
                0x0800d72a                USBD_ParseSetupRequest
 .text.USBD_CtlError
                0x0800d79c       0x22 ./Middlewares/ST/STM32_USB_Device_Library/Core/Src/usbd_ctlreq.o
                0x0800d79c                USBD_CtlError
 .text.USBD_GetString
                0x0800d7be       0x84 ./Middlewares/ST/STM32_USB_Device_Library/Core/Src/usbd_ctlreq.o
                0x0800d7be                USBD_GetString
 .text.USBD_GetLen
                0x0800d842       0x2e ./Middlewares/ST/STM32_USB_Device_Library/Core/Src/usbd_ctlreq.o
 .text.USBD_CtlSendData
                0x0800d870       0x38 ./Middlewares/ST/STM32_USB_Device_Library/Core/Src/usbd_ioreq.o
                0x0800d870                USBD_CtlSendData
 .text.USBD_CtlContinueSendData
                0x0800d8a8       0x24 ./Middlewares/ST/STM32_USB_Device_Library/Core/Src/usbd_ioreq.o
                0x0800d8a8                USBD_CtlContinueSendData
 .text.USBD_CtlPrepareRx
                0x0800d8cc       0x3c ./Middlewares/ST/STM32_USB_Device_Library/Core/Src/usbd_ioreq.o
                0x0800d8cc                USBD_CtlPrepareRx
 .text.USBD_CtlContinueRx
                0x0800d908       0x24 ./Middlewares/ST/STM32_USB_Device_Library/Core/Src/usbd_ioreq.o
                0x0800d908                USBD_CtlContinueRx
 .text.USBD_CtlSendStatus
                0x0800d92c       0x26 ./Middlewares/ST/STM32_USB_Device_Library/Core/Src/usbd_ioreq.o
                0x0800d92c                USBD_CtlSendStatus
 .text.USBD_CtlReceiveStatus
                0x0800d952       0x26 ./Middlewares/ST/STM32_USB_Device_Library/Core/Src/usbd_ioreq.o
                0x0800d952                USBD_CtlReceiveStatus
 .text.MX_USB_DEVICE_Init
                0x0800d978       0x60 ./USB_DEVICE/App/usb_device.o
                0x0800d978                MX_USB_DEVICE_Init
 .text.CDC_Init_FS
                0x0800d9d8       0x28 ./USB_DEVICE/App/usbd_cdc_if.o
 .text.CDC_DeInit_FS
                0x0800da00        0xe ./USB_DEVICE/App/usbd_cdc_if.o
 *fill*         0x0800da0e        0x2 
 .text.CDC_Control_FS
                0x0800da10       0xbc ./USB_DEVICE/App/usbd_cdc_if.o
 .text.CDC_Receive_FS
                0x0800dacc       0x90 ./USB_DEVICE/App/usbd_cdc_if.o
 .text.CDC_Transmit_FS
                0x0800db5c       0x4c ./USB_DEVICE/App/usbd_cdc_if.o
                0x0800db5c                CDC_Transmit_FS
 .text.USBD_FS_DeviceDescriptor
                0x0800dba8       0x24 ./USB_DEVICE/App/usbd_desc.o
                0x0800dba8                USBD_FS_DeviceDescriptor
 .text.USBD_FS_LangIDStrDescriptor
                0x0800dbcc       0x24 ./USB_DEVICE/App/usbd_desc.o
                0x0800dbcc                USBD_FS_LangIDStrDescriptor
 .text.USBD_FS_ProductStrDescriptor
                0x0800dbf0       0x3c ./USB_DEVICE/App/usbd_desc.o
                0x0800dbf0                USBD_FS_ProductStrDescriptor
 .text.USBD_FS_ManufacturerStrDescriptor
                0x0800dc2c       0x28 ./USB_DEVICE/App/usbd_desc.o
                0x0800dc2c                USBD_FS_ManufacturerStrDescriptor
 .text.USBD_FS_SerialStrDescriptor
                0x0800dc54       0x24 ./USB_DEVICE/App/usbd_desc.o
                0x0800dc54                USBD_FS_SerialStrDescriptor
 .text.USBD_FS_ConfigStrDescriptor
                0x0800dc78       0x3c ./USB_DEVICE/App/usbd_desc.o
                0x0800dc78                USBD_FS_ConfigStrDescriptor
 .text.USBD_FS_InterfaceStrDescriptor
                0x0800dcb4       0x3c ./USB_DEVICE/App/usbd_desc.o
                0x0800dcb4                USBD_FS_InterfaceStrDescriptor
 .text.Get_SerialNum
                0x0800dcf0       0x58 ./USB_DEVICE/App/usbd_desc.o
 .text.IntToUnicode
                0x0800dd48       0x7c ./USB_DEVICE/App/usbd_desc.o
 .text.HAL_PCD_MspInit
                0x0800ddc4       0x4c ./USB_DEVICE/Target/usbd_conf.o
                0x0800ddc4                HAL_PCD_MspInit
 .text.HAL_PCD_SetupStageCallback
                0x0800de10       0x24 ./USB_DEVICE/Target/usbd_conf.o
                0x0800de10                HAL_PCD_SetupStageCallback
 .text.HAL_PCD_DataOutStageCallback
                0x0800de34       0x36 ./USB_DEVICE/Target/usbd_conf.o
                0x0800de34                HAL_PCD_DataOutStageCallback
 .text.HAL_PCD_DataInStageCallback
                0x0800de6a       0x34 ./USB_DEVICE/Target/usbd_conf.o
                0x0800de6a                HAL_PCD_DataInStageCallback
 .text.HAL_PCD_SOFCallback
                0x0800de9e       0x1c ./USB_DEVICE/Target/usbd_conf.o
                0x0800de9e                HAL_PCD_SOFCallback
 .text.HAL_PCD_ResetCallback
                0x0800deba       0x3c ./USB_DEVICE/Target/usbd_conf.o
                0x0800deba                HAL_PCD_ResetCallback
 *fill*         0x0800def6        0x2 
 .text.HAL_PCD_SuspendCallback
                0x0800def8       0x40 ./USB_DEVICE/Target/usbd_conf.o
                0x0800def8                HAL_PCD_SuspendCallback
 .text.HAL_PCD_ResumeCallback
                0x0800df38       0x1c ./USB_DEVICE/Target/usbd_conf.o
                0x0800df38                HAL_PCD_ResumeCallback
 .text.USBD_LL_Init
                0x0800df54       0xb4 ./USB_DEVICE/Target/usbd_conf.o
                0x0800df54                USBD_LL_Init
 .text.USBD_LL_Start
                0x0800e008       0x36 ./USB_DEVICE/Target/usbd_conf.o
                0x0800e008                USBD_LL_Start
 .text.USBD_LL_OpenEP
                0x0800e03e       0x4c ./USB_DEVICE/Target/usbd_conf.o
                0x0800e03e                USBD_LL_OpenEP
 .text.USBD_LL_CloseEP
                0x0800e08a       0x3e ./USB_DEVICE/Target/usbd_conf.o
                0x0800e08a                USBD_LL_CloseEP
 .text.USBD_LL_StallEP
                0x0800e0c8       0x3e ./USB_DEVICE/Target/usbd_conf.o
                0x0800e0c8                USBD_LL_StallEP
 .text.USBD_LL_ClearStallEP
                0x0800e106       0x3e ./USB_DEVICE/Target/usbd_conf.o
                0x0800e106                USBD_LL_ClearStallEP
 .text.USBD_LL_IsStallEP
                0x0800e144       0x56 ./USB_DEVICE/Target/usbd_conf.o
                0x0800e144                USBD_LL_IsStallEP
 .text.USBD_LL_SetUSBAddress
                0x0800e19a       0x3e ./USB_DEVICE/Target/usbd_conf.o
                0x0800e19a                USBD_LL_SetUSBAddress
 .text.USBD_LL_Transmit
                0x0800e1d8       0x46 ./USB_DEVICE/Target/usbd_conf.o
                0x0800e1d8                USBD_LL_Transmit
 .text.USBD_LL_PrepareReceive
                0x0800e21e       0x46 ./USB_DEVICE/Target/usbd_conf.o
                0x0800e21e                USBD_LL_PrepareReceive
 .text.USBD_LL_GetRxDataSize
                0x0800e264       0x26 ./USB_DEVICE/Target/usbd_conf.o
                0x0800e264                USBD_LL_GetRxDataSize
 *fill*         0x0800e28a        0x2 
 .text.USBD_static_malloc
                0x0800e28c       0x18 ./USB_DEVICE/Target/usbd_conf.o
                0x0800e28c                USBD_static_malloc
 .text.USBD_static_free
                0x0800e2a4       0x12 ./USB_DEVICE/Target/usbd_conf.o
                0x0800e2a4                USBD_static_free
 .text.HAL_PCDEx_SetConnectionState
                0x0800e2b6       0x16 ./USB_DEVICE/Target/usbd_conf.o
                0x0800e2b6                HAL_PCDEx_SetConnectionState
 .text.USBD_Get_USB_Status
                0x0800e2cc       0x58 ./USB_DEVICE/Target/usbd_conf.o
 .text.sprintf  0x0800e324       0x44 C:/ST/STM32CubeIDE_1.19.0/STM32CubeIDE/plugins/com.st.stm32cube.ide.mcu.externaltools.gnu-tools-for-stm32.13.3.rel1.win32_1.0.0.202411081344/tools/bin/../lib/gcc/arm-none-eabi/13.3.1/../../../../arm-none-eabi/lib/thumb/v7-m/nofp\libc_nano.a(libc_a-sprintf.o)
                0x0800e324                siprintf
                0x0800e324                sprintf
 .text.memset   0x0800e368       0x10 C:/ST/STM32CubeIDE_1.19.0/STM32CubeIDE/plugins/com.st.stm32cube.ide.mcu.externaltools.gnu-tools-for-stm32.13.3.rel1.win32_1.0.0.202411081344/tools/bin/../lib/gcc/arm-none-eabi/13.3.1/../../../../arm-none-eabi/lib/thumb/v7-m/nofp\libc_nano.a(libc_a-memset.o)
                0x0800e368                memset
 .text.__errno  0x0800e378        0xc C:/ST/STM32CubeIDE_1.19.0/STM32CubeIDE/plugins/com.st.stm32cube.ide.mcu.externaltools.gnu-tools-for-stm32.13.3.rel1.win32_1.0.0.202411081344/tools/bin/../lib/gcc/arm-none-eabi/13.3.1/../../../../arm-none-eabi/lib/thumb/v7-m/nofp\libc_nano.a(libc_a-errno.o)
                0x0800e378                __errno
 .text.__libc_init_array
                0x0800e384       0x48 C:/ST/STM32CubeIDE_1.19.0/STM32CubeIDE/plugins/com.st.stm32cube.ide.mcu.externaltools.gnu-tools-for-stm32.13.3.rel1.win32_1.0.0.202411081344/tools/bin/../lib/gcc/arm-none-eabi/13.3.1/../../../../arm-none-eabi/lib/thumb/v7-m/nofp\libc_nano.a(libc_a-init.o)
                0x0800e384                __libc_init_array
 .text.__retarget_lock_acquire_recursive
                0x0800e3cc        0x2 C:/ST/STM32CubeIDE_1.19.0/STM32CubeIDE/plugins/com.st.stm32cube.ide.mcu.externaltools.gnu-tools-for-stm32.13.3.rel1.win32_1.0.0.202411081344/tools/bin/../lib/gcc/arm-none-eabi/13.3.1/../../../../arm-none-eabi/lib/thumb/v7-m/nofp\libc_nano.a(libc_a-lock.o)
                0x0800e3cc                __retarget_lock_acquire_recursive
 .text.__retarget_lock_release_recursive
                0x0800e3ce        0x2 C:/ST/STM32CubeIDE_1.19.0/STM32CubeIDE/plugins/com.st.stm32cube.ide.mcu.externaltools.gnu-tools-for-stm32.13.3.rel1.win32_1.0.0.202411081344/tools/bin/../lib/gcc/arm-none-eabi/13.3.1/../../../../arm-none-eabi/lib/thumb/v7-m/nofp\libc_nano.a(libc_a-lock.o)
                0x0800e3ce                __retarget_lock_release_recursive
 .text.memcpy   0x0800e3d0       0x1c C:/ST/STM32CubeIDE_1.19.0/STM32CubeIDE/plugins/com.st.stm32cube.ide.mcu.externaltools.gnu-tools-for-stm32.13.3.rel1.win32_1.0.0.202411081344/tools/bin/../lib/gcc/arm-none-eabi/13.3.1/../../../../arm-none-eabi/lib/thumb/v7-m/nofp\libc_nano.a(libc_a-memcpy-stub.o)
                0x0800e3d0                memcpy
 .text._free_r  0x0800e3ec       0x90 C:/ST/STM32CubeIDE_1.19.0/STM32CubeIDE/plugins/com.st.stm32cube.ide.mcu.externaltools.gnu-tools-for-stm32.13.3.rel1.win32_1.0.0.202411081344/tools/bin/../lib/gcc/arm-none-eabi/13.3.1/../../../../arm-none-eabi/lib/thumb/v7-m/nofp\libc_nano.a(libc_a-freer.o)
                0x0800e3ec                _free_r
 .text.sbrk_aligned
                0x0800e47c       0x44 C:/ST/STM32CubeIDE_1.19.0/STM32CubeIDE/plugins/com.st.stm32cube.ide.mcu.externaltools.gnu-tools-for-stm32.13.3.rel1.win32_1.0.0.202411081344/tools/bin/../lib/gcc/arm-none-eabi/13.3.1/../../../../arm-none-eabi/lib/thumb/v7-m/nofp\libc_nano.a(libc_a-mallocr.o)
 .text._malloc_r
                0x0800e4c0      0x100 C:/ST/STM32CubeIDE_1.19.0/STM32CubeIDE/plugins/com.st.stm32cube.ide.mcu.externaltools.gnu-tools-for-stm32.13.3.rel1.win32_1.0.0.202411081344/tools/bin/../lib/gcc/arm-none-eabi/13.3.1/../../../../arm-none-eabi/lib/thumb/v7-m/nofp\libc_nano.a(libc_a-mallocr.o)
                0x0800e4c0                _malloc_r
 .text.__malloc_lock
                0x0800e5c0        0xc C:/ST/STM32CubeIDE_1.19.0/STM32CubeIDE/plugins/com.st.stm32cube.ide.mcu.externaltools.gnu-tools-for-stm32.13.3.rel1.win32_1.0.0.202411081344/tools/bin/../lib/gcc/arm-none-eabi/13.3.1/../../../../arm-none-eabi/lib/thumb/v7-m/nofp\libc_nano.a(libc_a-mlock.o)
                0x0800e5c0                __malloc_lock
 .text.__malloc_unlock
                0x0800e5cc        0xc C:/ST/STM32CubeIDE_1.19.0/STM32CubeIDE/plugins/com.st.stm32cube.ide.mcu.externaltools.gnu-tools-for-stm32.13.3.rel1.win32_1.0.0.202411081344/tools/bin/../lib/gcc/arm-none-eabi/13.3.1/../../../../arm-none-eabi/lib/thumb/v7-m/nofp\libc_nano.a(libc_a-mlock.o)
                0x0800e5cc                __malloc_unlock
 .text.__ssputs_r
                0x0800e5d8       0xb6 C:/ST/STM32CubeIDE_1.19.0/STM32CubeIDE/plugins/com.st.stm32cube.ide.mcu.externaltools.gnu-tools-for-stm32.13.3.rel1.win32_1.0.0.202411081344/tools/bin/../lib/gcc/arm-none-eabi/13.3.1/../../../../arm-none-eabi/lib/thumb/v7-m/nofp\libc_nano.a(libc_a-nano-svfprintf.o)
                0x0800e5d8                __ssputs_r
 *fill*         0x0800e68e        0x2 
 .text._svfprintf_r
                0x0800e690      0x1f8 C:/ST/STM32CubeIDE_1.19.0/STM32CubeIDE/plugins/com.st.stm32cube.ide.mcu.externaltools.gnu-tools-for-stm32.13.3.rel1.win32_1.0.0.202411081344/tools/bin/../lib/gcc/arm-none-eabi/13.3.1/../../../../arm-none-eabi/lib/thumb/v7-m/nofp\libc_nano.a(libc_a-nano-svfprintf.o)
                0x0800e690                _svfiprintf_r
                0x0800e690                _svfprintf_r
 .text._printf_common
                0x0800e888       0xe4 C:/ST/STM32CubeIDE_1.19.0/STM32CubeIDE/plugins/com.st.stm32cube.ide.mcu.externaltools.gnu-tools-for-stm32.13.3.rel1.win32_1.0.0.202411081344/tools/bin/../lib/gcc/arm-none-eabi/13.3.1/../../../../arm-none-eabi/lib/thumb/v7-m/nofp\libc_nano.a(libc_a-nano-vfprintf_i.o)
                0x0800e888                _printf_common
 .text._printf_i
                0x0800e96c      0x23c C:/ST/STM32CubeIDE_1.19.0/STM32CubeIDE/plugins/com.st.stm32cube.ide.mcu.externaltools.gnu-tools-for-stm32.13.3.rel1.win32_1.0.0.202411081344/tools/bin/../lib/gcc/arm-none-eabi/13.3.1/../../../../arm-none-eabi/lib/thumb/v7-m/nofp\libc_nano.a(libc_a-nano-vfprintf_i.o)
                0x0800e96c                _printf_i
 .text.memmove  0x0800eba8       0x34 C:/ST/STM32CubeIDE_1.19.0/STM32CubeIDE/plugins/com.st.stm32cube.ide.mcu.externaltools.gnu-tools-for-stm32.13.3.rel1.win32_1.0.0.202411081344/tools/bin/../lib/gcc/arm-none-eabi/13.3.1/../../../../arm-none-eabi/lib/thumb/v7-m/nofp\libc_nano.a(libc_a-memmove.o)
                0x0800eba8                memmove
 .text._sbrk_r  0x0800ebdc       0x20 C:/ST/STM32CubeIDE_1.19.0/STM32CubeIDE/plugins/com.st.stm32cube.ide.mcu.externaltools.gnu-tools-for-stm32.13.3.rel1.win32_1.0.0.202411081344/tools/bin/../lib/gcc/arm-none-eabi/13.3.1/../../../../arm-none-eabi/lib/thumb/v7-m/nofp\libc_nano.a(libc_a-sbrkr.o)
                0x0800ebdc                _sbrk_r
 .text.memchr   0x0800ebfc       0x1c C:/ST/STM32CubeIDE_1.19.0/STM32CubeIDE/plugins/com.st.stm32cube.ide.mcu.externaltools.gnu-tools-for-stm32.13.3.rel1.win32_1.0.0.202411081344/tools/bin/../lib/gcc/arm-none-eabi/13.3.1/../../../../arm-none-eabi/lib/thumb/v7-m/nofp\libc_nano.a(libc_a-memchr-stub.o)
                0x0800ebfc                memchr
 .text._realloc_r
                0x0800ec18       0x5c C:/ST/STM32CubeIDE_1.19.0/STM32CubeIDE/plugins/com.st.stm32cube.ide.mcu.externaltools.gnu-tools-for-stm32.13.3.rel1.win32_1.0.0.202411081344/tools/bin/../lib/gcc/arm-none-eabi/13.3.1/../../../../arm-none-eabi/lib/thumb/v7-m/nofp\libc_nano.a(libc_a-reallocr.o)
                0x0800ec18                _realloc_r
 .text._malloc_usable_size_r
                0x0800ec74       0x10 C:/ST/STM32CubeIDE_1.19.0/STM32CubeIDE/plugins/com.st.stm32cube.ide.mcu.externaltools.gnu-tools-for-stm32.13.3.rel1.win32_1.0.0.202411081344/tools/bin/../lib/gcc/arm-none-eabi/13.3.1/../../../../arm-none-eabi/lib/thumb/v7-m/nofp\libc_nano.a(libc_a-msizer.o)
                0x0800ec74                _malloc_usable_size_r
 .text.log      0x0800ec84       0x64 C:/ST/STM32CubeIDE_1.19.0/STM32CubeIDE/plugins/com.st.stm32cube.ide.mcu.externaltools.gnu-tools-for-stm32.13.3.rel1.win32_1.0.0.202411081344/tools/bin/../lib/gcc/arm-none-eabi/13.3.1/../../../../arm-none-eabi/lib/thumb/v7-m/nofp\libm.a(libm_a-w_log.o)
                0x0800ec84                log
 .text.sqrtf    0x0800ece8       0x34 C:/ST/STM32CubeIDE_1.19.0/STM32CubeIDE/plugins/com.st.stm32cube.ide.mcu.externaltools.gnu-tools-for-stm32.13.3.rel1.win32_1.0.0.202411081344/tools/bin/../lib/gcc/arm-none-eabi/13.3.1/../../../../arm-none-eabi/lib/thumb/v7-m/nofp\libm.a(libm_a-wf_sqrt.o)
                0x0800ece8                sqrtf
 .text.nan      0x0800ed1c        0xc C:/ST/STM32CubeIDE_1.19.0/STM32CubeIDE/plugins/com.st.stm32cube.ide.mcu.externaltools.gnu-tools-for-stm32.13.3.rel1.win32_1.0.0.202411081344/tools/bin/../lib/gcc/arm-none-eabi/13.3.1/../../../../arm-none-eabi/lib/thumb/v7-m/nofp\libm.a(libm_a-s_nan.o)
                0x0800ed1c                nan
 .text.fmaxf    0x0800ed28       0x2a C:/ST/STM32CubeIDE_1.19.0/STM32CubeIDE/plugins/com.st.stm32cube.ide.mcu.externaltools.gnu-tools-for-stm32.13.3.rel1.win32_1.0.0.202411081344/tools/bin/../lib/gcc/arm-none-eabi/13.3.1/../../../../arm-none-eabi/lib/thumb/v7-m/nofp\libm.a(libm_a-sf_fmax.o)
                0x0800ed28                fmaxf
 *fill*         0x0800ed52        0x2 
 .text.__fpclassifyf
                0x0800ed54       0x34 C:/ST/STM32CubeIDE_1.19.0/STM32CubeIDE/plugins/com.st.stm32cube.ide.mcu.externaltools.gnu-tools-for-stm32.13.3.rel1.win32_1.0.0.202411081344/tools/bin/../lib/gcc/arm-none-eabi/13.3.1/../../../../arm-none-eabi/lib/thumb/v7-m/nofp\libm.a(libm_a-sf_fpclassify.o)
                0x0800ed54                __fpclassifyf
 .text.__ieee754_sqrtf
                0x0800ed88       0xe0 C:/ST/STM32CubeIDE_1.19.0/STM32CubeIDE/plugins/com.st.stm32cube.ide.mcu.externaltools.gnu-tools-for-stm32.13.3.rel1.win32_1.0.0.202411081344/tools/bin/../lib/gcc/arm-none-eabi/13.3.1/../../../../arm-none-eabi/lib/thumb/v7-m/nofp\libm.a(libm_a-ef_sqrt.o)
                0x0800ed88                __ieee754_sqrtf
 .text.__ieee754_log
                0x0800ee68      0x364 C:/ST/STM32CubeIDE_1.19.0/STM32CubeIDE/plugins/com.st.stm32cube.ide.mcu.externaltools.gnu-tools-for-stm32.13.3.rel1.win32_1.0.0.202411081344/tools/bin/../lib/gcc/arm-none-eabi/13.3.1/../../../../arm-none-eabi/lib/thumb/v7-m/nofp\libm.a(libm_a-e_log.o)
                0x0800ee68                __ieee754_log
 *(.glue_7)
 .glue_7        0x0800f1cc        0x0 linker stubs
 *(.glue_7t)
 .glue_7t       0x0800f1cc        0x0 linker stubs
 *(.eh_frame)
 .eh_frame      0x0800f1cc        0x0 C:/ST/STM32CubeIDE_1.19.0/STM32CubeIDE/plugins/com.st.stm32cube.ide.mcu.externaltools.gnu-tools-for-stm32.13.3.rel1.win32_1.0.0.202411081344/tools/bin/../lib/gcc/arm-none-eabi/13.3.1/thumb/v7-m/nofp/crtbegin.o
 *(.init)
 .init          0x0800f1cc        0x4 C:/ST/STM32CubeIDE_1.19.0/STM32CubeIDE/plugins/com.st.stm32cube.ide.mcu.externaltools.gnu-tools-for-stm32.13.3.rel1.win32_1.0.0.202411081344/tools/bin/../lib/gcc/arm-none-eabi/13.3.1/thumb/v7-m/nofp/crti.o
                0x0800f1cc                _init
 .init          0x0800f1d0        0x8 C:/ST/STM32CubeIDE_1.19.0/STM32CubeIDE/plugins/com.st.stm32cube.ide.mcu.externaltools.gnu-tools-for-stm32.13.3.rel1.win32_1.0.0.202411081344/tools/bin/../lib/gcc/arm-none-eabi/13.3.1/thumb/v7-m/nofp/crtn.o
 *(.fini)
 .fini          0x0800f1d8        0x4 C:/ST/STM32CubeIDE_1.19.0/STM32CubeIDE/plugins/com.st.stm32cube.ide.mcu.externaltools.gnu-tools-for-stm32.13.3.rel1.win32_1.0.0.202411081344/tools/bin/../lib/gcc/arm-none-eabi/13.3.1/thumb/v7-m/nofp/crti.o
                0x0800f1d8                _fini
 .fini          0x0800f1dc        0x8 C:/ST/STM32CubeIDE_1.19.0/STM32CubeIDE/plugins/com.st.stm32cube.ide.mcu.externaltools.gnu-tools-for-stm32.13.3.rel1.win32_1.0.0.202411081344/tools/bin/../lib/gcc/arm-none-eabi/13.3.1/thumb/v7-m/nofp/crtn.o
                0x0800f1e4                        . = ALIGN (0x4)
                0x0800f1e4                        _etext = .

.vfp11_veneer   0x0800f1e4        0x0
 .vfp11_veneer  0x0800f1e4        0x0 linker stubs

.v4_bx          0x0800f1e4        0x0
 .v4_bx         0x0800f1e4        0x0 linker stubs

.iplt           0x0800f1e4        0x0
 .iplt          0x0800f1e4        0x0 C:/ST/STM32CubeIDE_1.19.0/STM32CubeIDE/plugins/com.st.stm32cube.ide.mcu.externaltools.gnu-tools-for-stm32.13.3.rel1.win32_1.0.0.202411081344/tools/bin/../lib/gcc/arm-none-eabi/13.3.1/thumb/v7-m/nofp/crtbegin.o

.rodata         0x0800f1e4      0x5b0
                0x0800f1e4                        . = ALIGN (0x4)
 *(.rodata)
 .rodata        0x0800f1e4       0x50 ./Core/Src/Result_interpretation.o
 .rodata        0x0800f234      0x164 ./Core/Src/main.o
 .rodata        0x0800f398        0x6 ./Core/Src/ssd1306_1.o
 *fill*         0x0800f39e        0x2 
 .rodata        0x0800f3a0       0x37 ./USB_DEVICE/App/usbd_cdc_if.o
 *fill*         0x0800f3d7        0x1 
 .rodata        0x0800f3d8       0x46 ./USB_DEVICE/App/usbd_desc.o
 *(.rodata*)
 *fill*         0x0800f41e        0x2 
 .rodata.LED_Map
                0x0800f420       0x40 ./Core/Src/main.o
 .rodata.SSD1306_Font5x7
                0x0800f460      0x299 ./Core/Src/ssd1306_1.o
 *fill*         0x0800f6f9        0x3 
 .rodata.init_seq.0
                0x0800f6fc       0x19 ./Core/Src/ssd1306_1.o
 *fill*         0x0800f715        0x3 
 .rodata.AHBPrescTable
                0x0800f718       0x10 ./Core/Src/system_stm32f1xx.o
                0x0800f718                AHBPrescTable
 .rodata.APBPrescTable
                0x0800f728        0x8 ./Core/Src/system_stm32f1xx.o
                0x0800f728                APBPrescTable
 .rodata.aPLLMULFactorTable.1
                0x0800f730       0x10 ./Drivers/STM32F1xx_HAL_Driver/Src/stm32f1xx_hal_rcc.o
 .rodata.aPredivFactorTable.0
                0x0800f740        0x2 ./Drivers/STM32F1xx_HAL_Driver/Src/stm32f1xx_hal_rcc.o
 *fill*         0x0800f742        0x2 
 .rodata.aPLLMULFactorTable.1
                0x0800f744       0x10 ./Drivers/STM32F1xx_HAL_Driver/Src/stm32f1xx_hal_rcc_ex.o
 .rodata.aPredivFactorTable.0
                0x0800f754        0x2 ./Drivers/STM32F1xx_HAL_Driver/Src/stm32f1xx_hal_rcc_ex.o
 .rodata._svfprintf_r.str1.1
                0x0800f756       0x33 C:/ST/STM32CubeIDE_1.19.0/STM32CubeIDE/plugins/com.st.stm32cube.ide.mcu.externaltools.gnu-tools-for-stm32.13.3.rel1.win32_1.0.0.202411081344/tools/bin/../lib/gcc/arm-none-eabi/13.3.1/../../../../arm-none-eabi/lib/thumb/v7-m/nofp\libc_nano.a(libc_a-nano-svfprintf.o)
                                 0x11 (size before relaxing)
 .rodata._printf_i.str1.1
                0x0800f789       0x22 C:/ST/STM32CubeIDE_1.19.0/STM32CubeIDE/plugins/com.st.stm32cube.ide.mcu.externaltools.gnu-tools-for-stm32.13.3.rel1.win32_1.0.0.202411081344/tools/bin/../lib/gcc/arm-none-eabi/13.3.1/../../../../arm-none-eabi/lib/thumb/v7-m/nofp\libc_nano.a(libc_a-nano-vfprintf_i.o)
 .rodata.log.str1.1
                0x0800f789        0x1 C:/ST/STM32CubeIDE_1.19.0/STM32CubeIDE/plugins/com.st.stm32cube.ide.mcu.externaltools.gnu-tools-for-stm32.13.3.rel1.win32_1.0.0.202411081344/tools/bin/../lib/gcc/arm-none-eabi/13.3.1/../../../../arm-none-eabi/lib/thumb/v7-m/nofp\libm.a(libm_a-w_log.o)
 *fill*         0x0800f789        0x3 
 .rodata.tiny   0x0800f78c        0x4 C:/ST/STM32CubeIDE_1.19.0/STM32CubeIDE/plugins/com.st.stm32cube.ide.mcu.externaltools.gnu-tools-for-stm32.13.3.rel1.win32_1.0.0.202411081344/tools/bin/../lib/gcc/arm-none-eabi/13.3.1/../../../../arm-none-eabi/lib/thumb/v7-m/nofp\libm.a(libm_a-ef_sqrt.o)
 .rodata.one    0x0800f790        0x4 C:/ST/STM32CubeIDE_1.19.0/STM32CubeIDE/plugins/com.st.stm32cube.ide.mcu.externaltools.gnu-tools-for-stm32.13.3.rel1.win32_1.0.0.202411081344/tools/bin/../lib/gcc/arm-none-eabi/13.3.1/../../../../arm-none-eabi/lib/thumb/v7-m/nofp\libm.a(libm_a-ef_sqrt.o)
                0x0800f794                        . = ALIGN (0x4)

.ARM.extab      0x0800f794        0x0
                0x0800f794                        . = ALIGN (0x4)
 *(.ARM.extab* .gnu.linkonce.armextab.*)
                0x0800f794                        . = ALIGN (0x4)

.ARM            0x0800f794        0x8
                0x0800f794                        . = ALIGN (0x4)
                0x0800f794                        __exidx_start = .
 *(.ARM.exidx*)
 .ARM.exidx     0x0800f794        0x8 C:/ST/STM32CubeIDE_1.19.0/STM32CubeIDE/plugins/com.st.stm32cube.ide.mcu.externaltools.gnu-tools-for-stm32.13.3.rel1.win32_1.0.0.202411081344/tools/bin/../lib/gcc/arm-none-eabi/13.3.1/../../../../arm-none-eabi/lib/thumb/v7-m/nofp\libc_nano.a(libc_a-strcmp.o)
 .ARM.exidx     0x0800f79c        0x0 C:/ST/STM32CubeIDE_1.19.0/STM32CubeIDE/plugins/com.st.stm32cube.ide.mcu.externaltools.gnu-tools-for-stm32.13.3.rel1.win32_1.0.0.202411081344/tools/bin/../lib/gcc/arm-none-eabi/13.3.1/../../../../arm-none-eabi/lib/thumb/v7-m/nofp\libc_nano.a(libc_a-strlen.o)
                                  0x8 (size before relaxing)
                0x0800f79c                        __exidx_end = .
                0x0800f79c                        . = ALIGN (0x4)

.preinit_array  0x0800f79c        0x0
                0x0800f79c                        . = ALIGN (0x4)
                0x0800f79c                        PROVIDE (__preinit_array_start = .)
 *(.preinit_array*)
                0x0800f79c                        PROVIDE (__preinit_array_end = .)
                0x0800f79c                        . = ALIGN (0x4)

.init_array     0x0800f79c        0x4
                0x0800f79c                        . = ALIGN (0x4)
                0x0800f79c                        PROVIDE (__init_array_start = .)
 *(SORT_BY_NAME(.init_array.*))
 *(.init_array*)
 .init_array    0x0800f79c        0x4 C:/ST/STM32CubeIDE_1.19.0/STM32CubeIDE/plugins/com.st.stm32cube.ide.mcu.externaltools.gnu-tools-for-stm32.13.3.rel1.win32_1.0.0.202411081344/tools/bin/../lib/gcc/arm-none-eabi/13.3.1/thumb/v7-m/nofp/crtbegin.o
                0x0800f7a0                        PROVIDE (__init_array_end = .)
                0x0800f7a0                        . = ALIGN (0x4)

.fini_array     0x0800f7a0        0x4
                0x0800f7a0                        . = ALIGN (0x4)
                [!provide]                        PROVIDE (__fini_array_start = .)
 *(SORT_BY_NAME(.fini_array.*))
 *(.fini_array*)
 .fini_array    0x0800f7a0        0x4 C:/ST/STM32CubeIDE_1.19.0/STM32CubeIDE/plugins/com.st.stm32cube.ide.mcu.externaltools.gnu-tools-for-stm32.13.3.rel1.win32_1.0.0.202411081344/tools/bin/../lib/gcc/arm-none-eabi/13.3.1/thumb/v7-m/nofp/crtbegin.o
                [!provide]                        PROVIDE (__fini_array_end = .)
                0x0800f7a4                        . = ALIGN (0x4)
                0x0800f7a4                        _sidata = LOADADDR (.data)

.rel.dyn        0x0800f7a4        0x0
 .rel.iplt      0x0800f7a4        0x0 C:/ST/STM32CubeIDE_1.19.0/STM32CubeIDE/plugins/com.st.stm32cube.ide.mcu.externaltools.gnu-tools-for-stm32.13.3.rel1.win32_1.0.0.202411081344/tools/bin/../lib/gcc/arm-none-eabi/13.3.1/thumb/v7-m/nofp/crtbegin.o

.data           0x20000000      0x1d8 load address 0x0800f7a4
                0x20000000                        . = ALIGN (0x4)
                0x20000000                        _sdata = .
 *(.data)
 *(.data*)
 .data.RESULT_DETECTED
                0x20000000        0x1 ./Core/Src/main.o
                0x20000000                RESULT_DETECTED
 *fill*         0x20000001        0x3 
 .data.Set_Target_Temp
                0x20000004        0x4 ./Core/Src/main.o
                0x20000004                Set_Target_Temp
 .data.Time_2_min
                0x20000008        0x1 ./Core/Src/main.o
 .data.min.1    0x20000009        0x1 ./Core/Src/main.o
 .data.min.0    0x2000000a        0x1 ./Core/Src/main.o
 *fill*         0x2000000b        0x1 
 .data.SystemCoreClock
                0x2000000c        0x4 ./Core/Src/system_stm32f1xx.o
                0x2000000c                SystemCoreClock
 .data.uwTickPrio
                0x20000010        0x4 ./Drivers/STM32F1xx_HAL_Driver/Src/stm32f1xx_hal.o
                0x20000010                uwTickPrio
 .data.uwTickFreq
                0x20000014        0x1 ./Drivers/STM32F1xx_HAL_Driver/Src/stm32f1xx_hal.o
                0x20000014                uwTickFreq
 *fill*         0x20000015        0x3 
 .data.USBD_CDC_DeviceQualifierDesc
                0x20000018        0xa ./Middlewares/ST/STM32_USB_Device_Library/Class/CDC/Src/usbd_cdc.o
 *fill*         0x20000022        0x2 
 .data.USBD_CDC
                0x20000024       0x38 ./Middlewares/ST/STM32_USB_Device_Library/Class/CDC/Src/usbd_cdc.o
                0x20000024                USBD_CDC
 .data.USBD_CDC_CfgHSDesc
                0x2000005c       0x43 ./Middlewares/ST/STM32_USB_Device_Library/Class/CDC/Src/usbd_cdc.o
                0x2000005c                USBD_CDC_CfgHSDesc
 *fill*         0x2000009f        0x1 
 .data.USBD_CDC_CfgFSDesc
                0x200000a0       0x43 ./Middlewares/ST/STM32_USB_Device_Library/Class/CDC/Src/usbd_cdc.o
                0x200000a0                USBD_CDC_CfgFSDesc
 *fill*         0x200000e3        0x1 
 .data.USBD_CDC_OtherSpeedCfgDesc
                0x200000e4       0x43 ./Middlewares/ST/STM32_USB_Device_Library/Class/CDC/Src/usbd_cdc.o
                0x200000e4                USBD_CDC_OtherSpeedCfgDesc
 *fill*         0x20000127        0x1 
 .data.USBD_Interface_fops_FS
                0x20000128       0x10 ./USB_DEVICE/App/usbd_cdc_if.o
                0x20000128                USBD_Interface_fops_FS
 .data.FS_Desc  0x20000138       0x1c ./USB_DEVICE/App/usbd_desc.o
                0x20000138                FS_Desc
 .data.USBD_FS_DeviceDesc
                0x20000154       0x12 ./USB_DEVICE/App/usbd_desc.o
                0x20000154                USBD_FS_DeviceDesc
 *fill*         0x20000166        0x2 
 .data.USBD_LangIDDesc
                0x20000168        0x4 ./USB_DEVICE/App/usbd_desc.o
                0x20000168                USBD_LangIDDesc
 .data.USBD_StringSerial
                0x2000016c       0x1a ./USB_DEVICE/App/usbd_desc.o
                0x2000016c                USBD_StringSerial
 *fill*         0x20000186        0x2 
 .data._impure_ptr
                0x20000188        0x4 C:/ST/STM32CubeIDE_1.19.0/STM32CubeIDE/plugins/com.st.stm32cube.ide.mcu.externaltools.gnu-tools-for-stm32.13.3.rel1.win32_1.0.0.202411081344/tools/bin/../lib/gcc/arm-none-eabi/13.3.1/../../../../arm-none-eabi/lib/thumb/v7-m/nofp\libc_nano.a(libc_a-impure.o)
                0x20000188                _impure_ptr
 .data._impure_data
                0x2000018c       0x4c C:/ST/STM32CubeIDE_1.19.0/STM32CubeIDE/plugins/com.st.stm32cube.ide.mcu.externaltools.gnu-tools-for-stm32.13.3.rel1.win32_1.0.0.202411081344/tools/bin/../lib/gcc/arm-none-eabi/13.3.1/../../../../arm-none-eabi/lib/thumb/v7-m/nofp\libc_nano.a(libc_a-impure.o)
                0x2000018c                _impure_data
 *(.RamFunc)
 *(.RamFunc*)
                0x200001d8                        . = ALIGN (0x4)
                0x200001d8                        _edata = .

.igot.plt       0x200001d8        0x0 load address 0x0800f97c
 .igot.plt      0x200001d8        0x0 C:/ST/STM32CubeIDE_1.19.0/STM32CubeIDE/plugins/com.st.stm32cube.ide.mcu.externaltools.gnu-tools-for-stm32.13.3.rel1.win32_1.0.0.202411081344/tools/bin/../lib/gcc/arm-none-eabi/13.3.1/thumb/v7-m/nofp/crtbegin.o
                0x200001d8                        . = ALIGN (0x4)

.bss            0x200001d8     0x3bb4 load address 0x0800f97c
                0x200001d8                        _sbss = .
                0x200001d8                        __bss_start__ = _sbss
 *(.bss)
 .bss           0x200001d8       0x1c C:/ST/STM32CubeIDE_1.19.0/STM32CubeIDE/plugins/com.st.stm32cube.ide.mcu.externaltools.gnu-tools-for-stm32.13.3.rel1.win32_1.0.0.202411081344/tools/bin/../lib/gcc/arm-none-eabi/13.3.1/thumb/v7-m/nofp/crtbegin.o
 *(.bss*)
 .bss.power     0x200001f4        0x4 ./Core/Src/PID.o
                0x200001f4                power
 .bss.s_wells   0x200001f8       0x1c ./Core/Src/Result_interpretation.o
 .bss.s_results
                0x20000214       0x70 ./Core/Src/Result_interpretation.o
 .bss.s_baseline_mean
                0x20000284       0x1c ./Core/Src/Result_interpretation.o
 .bss.s_baseline_sd
                0x200002a0       0x1c ./Core/Src/Result_interpretation.o
 .bss.s_threshold
                0x200002bc       0x1c ./Core/Src/Result_interpretation.o
 .bss.s_baseline_locked
                0x200002d8        0x1 ./Core/Src/Result_interpretation.o
 *fill*         0x200002d9        0x3 
 .bss.ADC_VAL_DMA
                0x200002dc        0x4 ./Core/Src/main.o
                0x200002dc                ADC_VAL_DMA
 .bss.ADC_Average_result
                0x200002e0        0x4 ./Core/Src/main.o
                0x200002e0                ADC_Average_result
 .bss.count_button
                0x200002e4        0x4 ./Core/Src/main.o
                0x200002e4                count_button
 .bss.TIM4_count
                0x200002e8        0x4 ./Core/Src/main.o
                0x200002e8                TIM4_count
 .bss.Second_count_in_Timer
                0x200002ec        0x4 ./Core/Src/main.o
                0x200002ec                Second_count_in_Timer
 .bss.minute_counter_in_Timer
                0x200002f0        0x4 ./Core/Src/main.o
                0x200002f0                minute_counter_in_Timer
 .bss.PRE_HEAT_FLAG
                0x200002f4        0x1 ./Core/Src/main.o
                0x200002f4                PRE_HEAT_FLAG
 .bss.Count_Excite_LED_position
                0x200002f5        0x1 ./Core/Src/main.o
                0x200002f5                Count_Excite_LED_position
 .bss.START_Reading_Switch
                0x200002f6        0x1 ./Core/Src/main.o
                0x200002f6                START_Reading_Switch
 .bss.Data_Aquisition_flag_photo
                0x200002f7        0x1 ./Core/Src/main.o
                0x200002f7                Data_Aquisition_flag_photo
 .bss.Minutes_is_less_30_minutes
                0x200002f8        0x1 ./Core/Src/main.o
                0x200002f8                Minutes_is_less_30_minutes
 .bss.BUZZER_FLAG
                0x200002f9        0x1 ./Core/Src/main.o
                0x200002f9                BUZZER_FLAG
 .bss.SOMETHING_DETECTED
                0x200002fa        0x1 ./Core/Src/main.o
                0x200002fa                SOMETHING_DETECTED
 .bss.GET_USB_Status
                0x200002fb        0x1 ./Core/Src/main.o
                0x200002fb                GET_USB_Status
 .bss.Current_Temp
                0x200002fc        0x4 ./Core/Src/main.o
                0x200002fc                Current_Temp
 .bss.three_sec_count
                0x20000300        0x4 ./Core/Src/main.o
                0x20000300                three_sec_count
 .bss.Count_sec
                0x20000304        0x1 ./Core/Src/main.o
 *fill*         0x20000305        0x3 
 .bss.local_buff_BLE
                0x20000308       0x32 ./Core/Src/main.o
                0x20000308                local_buff_BLE
 .bss.Data_ACK_FLAG
                0x2000033a        0x1 ./Core/Src/main.o
                0x2000033a                Data_ACK_FLAG
 *fill*         0x2000033b        0x1 
 .bss.RX_buff   0x2000033c        0x1 ./Core/Src/main.o
                0x2000033c                RX_buff
 .bss.CABLE_REMOVED
                0x2000033d        0x1 ./Core/Src/main.o
                0x2000033d                CABLE_REMOVED
 *fill*         0x2000033e        0x2 
 .bss.hadc1     0x20000340       0x30 ./Core/Src/main.o
                0x20000340                hadc1
 .bss.hdma_adc1
                0x20000370       0x44 ./Core/Src/main.o
                0x20000370                hdma_adc1
 .bss.hi2c1     0x200003b4       0x54 ./Core/Src/main.o
                0x200003b4                hi2c1
 .bss.htim3     0x20000408       0x48 ./Core/Src/main.o
                0x20000408                htim3
 .bss.htim4     0x20000450       0x48 ./Core/Src/main.o
                0x20000450                htim4
 .bss.huart1    0x20000498       0x48 ./Core/Src/main.o
                0x20000498                huart1
 .bss.huart2    0x200004e0       0x48 ./Core/Src/main.o
                0x200004e0                huart2
 .bss.huart3    0x20000528       0x48 ./Core/Src/main.o
                0x20000528                huart3
 .bss.Average_TEMP
                0x20000570     0x1010 ./Core/Src/main.o
                0x20000570                Average_TEMP
 .bss.Average_Photo_D
                0x20001580     0x1010 ./Core/Src/main.o
                0x20001580                Average_Photo_D
 .bss.Heater_Power.4
                0x20002590       0x1c ./Core/Src/main.o
 .bss.store_data_in_buffer.3
                0x200025ac        0x1 ./Core/Src/main.o
 .bss.count_recieved_packets.2
                0x200025ad        0x1 ./Core/Src/main.o
 *fill*         0x200025ae        0x2 
 .bss.s_hi2c    0x200025b0        0x4 ./Core/Src/ssd1306_1.o
 .bss.s_fb      0x200025b4      0x400 ./Core/Src/ssd1306_1.o
 .bss.s_tx      0x200029b4       0x81 ./Core/Src/ssd1306_1.o
 *fill*         0x20002a35        0x3 
 .bss.__sbrk_heap_end
                0x20002a38        0x4 ./Core/Src/sysmem.o
 .bss.uwTick    0x20002a3c        0x4 ./Drivers/STM32F1xx_HAL_Driver/Src/stm32f1xx_hal.o
                0x20002a3c                uwTick
 .bss.cfgidx.0  0x20002a40        0x1 ./Middlewares/ST/STM32_USB_Device_Library/Core/Src/usbd_ctlreq.o
 *fill*         0x20002a41        0x3 
 .bss.hUsbDeviceFS
                0x20002a44      0x2c4 ./USB_DEVICE/App/usb_device.o
                0x20002a44                hUsbDeviceFS
 .bss.USB_RxBuffer
                0x20002d08       0x40 ./USB_DEVICE/App/usbd_cdc_if.o
                0x20002d08                USB_RxBuffer
 .bss.START_COMMAND_FROM_PC
                0x20002d48        0x1 ./USB_DEVICE/App/usbd_cdc_if.o
                0x20002d48                START_COMMAND_FROM_PC
 .bss.STOP_COMMAND_FROM_PC
                0x20002d49        0x1 ./USB_DEVICE/App/usbd_cdc_if.o
                0x20002d49                STOP_COMMAND_FROM_PC
 *fill*         0x20002d4a        0x2 
 .bss.UserRxBufferFS
                0x20002d4c      0x400 ./USB_DEVICE/App/usbd_cdc_if.o
                0x20002d4c                UserRxBufferFS
 .bss.UserTxBufferFS
                0x2000314c      0x400 ./USB_DEVICE/App/usbd_cdc_if.o
                0x2000314c                UserTxBufferFS
 .bss.USBD_StrDesc
                0x2000354c      0x200 ./USB_DEVICE/App/usbd_desc.o
                0x2000354c                USBD_StrDesc
 .bss.hpcd_USB_FS
                0x2000374c      0x2d8 ./USB_DEVICE/Target/usbd_conf.o
                0x2000374c                hpcd_USB_FS
 .bss.mem.0     0x20003a24      0x220 ./USB_DEVICE/Target/usbd_conf.o
 .bss.__sf      0x20003c44      0x138 C:/ST/STM32CubeIDE_1.19.0/STM32CubeIDE/plugins/com.st.stm32cube.ide.mcu.externaltools.gnu-tools-for-stm32.13.3.rel1.win32_1.0.0.202411081344/tools/bin/../lib/gcc/arm-none-eabi/13.3.1/../../../../arm-none-eabi/lib/thumb/v7-m/nofp\libc_nano.a(libc_a-findfp.o)
                0x20003c44                __sf
 .bss.errno     0x20003d7c        0x4 C:/ST/STM32CubeIDE_1.19.0/STM32CubeIDE/plugins/com.st.stm32cube.ide.mcu.externaltools.gnu-tools-for-stm32.13.3.rel1.win32_1.0.0.202411081344/tools/bin/../lib/gcc/arm-none-eabi/13.3.1/../../../../arm-none-eabi/lib/thumb/v7-m/nofp\libc_nano.a(libc_a-reent.o)
                0x20003d7c                errno
 .bss.__lock___malloc_recursive_mutex
                0x20003d80        0x1 C:/ST/STM32CubeIDE_1.19.0/STM32CubeIDE/plugins/com.st.stm32cube.ide.mcu.externaltools.gnu-tools-for-stm32.13.3.rel1.win32_1.0.0.202411081344/tools/bin/../lib/gcc/arm-none-eabi/13.3.1/../../../../arm-none-eabi/lib/thumb/v7-m/nofp\libc_nano.a(libc_a-lock.o)
                0x20003d80                __lock___malloc_recursive_mutex
 *fill*         0x20003d81        0x3 
 .bss.__malloc_sbrk_start