../Core/Src/main.c:130:6:HAL_ADC_ConvCpltCallback	24	static
../Core/Src/main.c:164:6:HAL_TIM_PeriodElapsedCallback	32	static
../Core/Src/main.c:269:6:HAL_UART_RxCpltCallback	16	static
../Core/Src/main.c:369:5:main	880	static
../Core/Src/main.c:581:6:SystemClock_Config	88	static
../Core/Src/main.c:629:13:MX_ADC1_Init	24	static
../Core/Src/main.c:685:13:MX_TIM3_Init	64	static
../Core/Src/main.c:744:13:MX_TIM4_Init	32	static
../Core/Src/main.c:789:13:MX_USART1_UART_Init	8	static
../Core/Src/main.c:822:13:MX_USART2_UART_Init	8	static
../Core/Src/main.c:855:13:MX_USART3_UART_Init	8	static
../Core/Src/main.c:886:13:MX_DMA_Init	16	static
../Core/Src/main.c:904:13:MX_GPIO_Init	40	static
../Core/Src/main.c:979:6:Excite_Aquisition_and_calculate_Result	16	static
../Core/Src/main.c:1064:6:send_usb_string	16	static
../Core/Src/main.c:1071:6:send_BLE_using_USART3_string	16	static
../Core/Src/main.c:1076:6:Device_ready_Tone	8	static
../Core/Src/main.c:1093:6:Buzzer_power_on_tone	8	static
../Core/Src/main.c:1108:6:Buzzer_Test_Complete_tone	8	static
../Core/Src/main.c:1122:6:Reset_buffer_index	4120	static
../Core/Src/main.c:1126:6:Trigger_led_Aquire_data	16	static
../Core/Src/main.c:1137:6:Turn_on_All_LED	8	static
../Core/Src/main.c:1150:6:Turn_off_All_LED	8	static
../Core/Src/main.c:1162:6:Turn_off_Rest_of_the_Turned_on_LED	24	static
../Core/Src/main.c:1172:6:Trigger_LED_Channel	16	static
../Core/Src/main.c:1181:20:check_Temprature_sensor_available	16	static
../Core/Src/main.c:1199:6:Preheat_loop	64	static
../Core/Src/main.c:1292:6:Error_Handler	8	static,ignoring_inline_asm
